[2025/02/27 19:16:48.585 +08:00] [DEBUG] [sarama.go:129] ["Connected to broker at 127.0.0.1:9092 (unregistered)"] [component=sarama]
[2025/02/27 19:16:48.602 +08:00] [DEBUG] [sarama.go:129] ["Closed connection to broker 127.0.0.1:9092"] [component=sarama]
[2025/02/27 19:16:48.602 +08:00] [DEBUG] [sarama.go:132] ["Initializing new client"] [component=sarama]
[2025/02/27 19:16:48.602 +08:00] [DEBUG] [sarama.go:129] ["client/metadata fetching metadata for all topics from broker 127.0.0.1:9092"] [component=sarama]
[2025/02/27 19:16:48.602 +08:00] [DEBUG] [sarama.go:129] ["Connected to broker at 127.0.0.1:9092 (unregistered)"] [component=sarama]
[2025/02/27 19:16:48.621 +08:00] [DEBUG] [sarama.go:129] ["client/brokers registered new broker #0 at 127.0.0.1:9092"] [component=sarama]
[2025/02/27 19:16:48.622 +08:00] [DEBUG] [sarama.go:132] ["Successfully initialized new client"] [component=sarama]
[2025/02/27 19:16:48.622 +08:00] [DEBUG] [sarama.go:129] ["Connected to broker at 127.0.0.1:9092 (registered as #0)"] [component=sarama]
[2025/02/27 19:16:48.632 +08:00] [DEBUG] [sarama.go:129] ["Connected to broker at 127.0.0.1:9092 (unregistered)"] [component=sarama]
[2025/02/27 19:16:48.632 +08:00] [DEBUG] [sarama.go:129] ["Closed connection to broker 127.0.0.1:9092"] [component=sarama]
[2025/02/27 19:16:48.632 +08:00] [DEBUG] [sarama.go:132] ["Initializing new client"] [component=sarama]
[2025/02/27 19:16:48.633 +08:00] [DEBUG] [sarama.go:129] ["client/metadata fetching metadata for all topics from broker 127.0.0.1:9092"] [component=sarama]
[2025/02/27 19:16:48.633 +08:00] [DEBUG] [sarama.go:129] ["Connected to broker at 127.0.0.1:9092 (unregistered)"] [component=sarama]
[2025/02/27 19:16:48.635 +08:00] [DEBUG] [sarama.go:129] ["client/brokers registered new broker #0 at 127.0.0.1:9092"] [component=sarama]
[2025/02/27 19:16:48.635 +08:00] [DEBUG] [sarama.go:132] ["Successfully initialized new client"] [component=sarama]
[2025/02/27 19:16:48.637 +08:00] [DEBUG] [async_producer.go:914] ["producer/broker/0 starting up"] [component=sarama]
[2025/02/27 19:16:48.637 +08:00] [DEBUG] [async_producer.go:930] ["producer/broker/0 state change to [open] on kafka-test/0"] [component=sarama]
[2025/02/27 19:16:48.637 +08:00] [DEBUG] [sarama.go:129] ["Connected to broker at 127.0.0.1:9092 (registered as #0)"] [component=sarama]
[2025/02/27 19:16:51.630 +08:00] [DEBUG] [async_producer.go:1192] ["producer/broker/0 state change to [closing] because EOF"] [component=sarama]
[2025/02/27 19:16:51.630 +08:00] [DEBUG] [sarama.go:129] ["Closed connection to broker 127.0.0.1:9092"] [component=sarama]
[2025/02/27 19:16:51.630 +08:00] [INFO] [main.go:138] ["program exited"] [error="[CDC:ErrKafkaAsyncSendMessage]kafka async send message failed: kafka: Failed to produce message to topic kafka-test: EOF"] [errorVerbose="[CDC:ErrKafkaAsyncSendMessage]kafka async send message failed: kafka: Failed to produce message to topic kafka-test: EOF\ngithub.com/pingcap/errors.AddStack\n\t/Users/edison/go/pkg/mod/github.com/pingcap/errors@v0.11.5-0.20240318064555-6bd07397691f/errors.go:178\ngithub.com/pingcap/errors.(*Error).GenWithStackByArgs\n\t/Users/edison/go/pkg/mod/github.com/pingcap/errors@v0.11.5-0.20240318064555-6bd07397691f/normalize.go:175\ngithub.com/pingcap/tiflow/pkg/errors.WrapError\n\t/Users/edison/go/pkg/mod/github.com/pingcap/tiflow@v0.0.0-20250225160407-e19c522988e4/pkg/errors/helper.go:34\ngithub.com/pingcap/tiflow/pkg/sink/kafka.(*saramaAsyncProducer).AsyncRunCallback\n\t/Users/edison/go/pkg/mod/github.com/pingcap/tiflow@v0.0.0-20250225160407-e19c522988e4/pkg/sink/kafka/factory.go:249\nmain.main\n\t/Users/edison/workspace/playground/main.go:137\nruntime.main\n\t/Users/edison/go/pkg/mod/golang.org/toolchain@v0.0.1-go1.23.6.darwin-arm64/src/runtime/proc.go:272\nruntime.goexit\n\t/Users/edison/go/pkg/mod/golang.org/toolchain@v0.0.1-go1.23.6.darwin-arm64/src/runtime/asm_arm64.s:1223"]
[2025/02/27 19:16:51.630 +08:00] [DEBUG] [sarama.go:132] ["Closing Client"] [component=sarama]


[2025/02/27 19:26:32.313 +08:00] [DEBUG] [sarama.go:129] ["Connected to broker at 127.0.0.1:9092 (unregistered)"] [component=sarama]
[2025/02/27 19:26:32.323 +08:00] [DEBUG] [sarama.go:129] ["Closed connection to broker 127.0.0.1:9092"] [component=sarama]
[2025/02/27 19:26:32.323 +08:00] [DEBUG] [sarama.go:132] ["Initializing new client"] [component=sarama]
[2025/02/27 19:26:32.323 +08:00] [DEBUG] [sarama.go:129] ["client/metadata fetching metadata for all topics from broker 127.0.0.1:9092"] [component=sarama]
[2025/02/27 19:26:32.323 +08:00] [DEBUG] [sarama.go:129] ["Connected to broker at 127.0.0.1:9092 (unregistered)"] [component=sarama]
[2025/02/27 19:26:32.327 +08:00] [DEBUG] [sarama.go:129] ["client/brokers registered new broker #0 at 127.0.0.1:9092"] [component=sarama]
[2025/02/27 19:26:32.327 +08:00] [DEBUG] [sarama.go:132] ["Successfully initialized new client"] [component=sarama]
[2025/02/27 19:26:32.327 +08:00] [DEBUG] [sarama.go:129] ["Connected to broker at 127.0.0.1:9092 (registered as #0)"] [component=sarama]
[2025/02/27 19:26:32.331 +08:00] [DEBUG] [sarama.go:129] ["Connected to broker at 127.0.0.1:9092 (unregistered)"] [component=sarama]
[2025/02/27 19:26:32.331 +08:00] [DEBUG] [sarama.go:129] ["Closed connection to broker 127.0.0.1:9092"] [component=sarama]
[2025/02/27 19:26:32.331 +08:00] [DEBUG] [sarama.go:132] ["Initializing new client"] [component=sarama]
[2025/02/27 19:26:32.331 +08:00] [DEBUG] [sarama.go:129] ["client/metadata fetching metadata for all topics from broker 127.0.0.1:9092"] [component=sarama]
[2025/02/27 19:26:32.331 +08:00] [DEBUG] [sarama.go:129] ["Connected to broker at 127.0.0.1:9092 (unregistered)"] [component=sarama]
[2025/02/27 19:26:32.332 +08:00] [DEBUG] [sarama.go:129] ["client/brokers registered new broker #0 at 127.0.0.1:9092"] [component=sarama]
[2025/02/27 19:26:32.332 +08:00] [DEBUG] [sarama.go:132] ["Successfully initialized new client"] [component=sarama]
[2025/02/27 19:26:32.333 +08:00] [DEBUG] [async_producer.go:914] ["producer/broker/0 starting up"] [component=sarama]
[2025/02/27 19:26:32.333 +08:00] [DEBUG] [async_producer.go:930] ["producer/broker/0 state change to [open] on kafka-test/0"] [component=sarama]
[2025/02/27 19:26:32.334 +08:00] [DEBUG] [sarama.go:129] ["Connected to broker at 127.0.0.1:9092 (registered as #0)"] [component=sarama]
[2025/02/27 19:26:32.549 +08:00] [DEBUG] [async_producer.go:1192] ["producer/broker/0 state change to [closing] because EOF"] [component=sarama]
[2025/02/27 19:26:32.549 +08:00] [DEBUG] [sarama.go:129] ["Closed connection to broker 127.0.0.1:9092"] [component=sarama]
[2025/02/27 19:26:32.549 +08:00] [DEBUG] [async_producer.go:711] ["producer/leader/kafka-test/0 state change to [retrying-1]"] [component=sarama]
[2025/02/27 19:26:32.549 +08:00] [DEBUG] [async_producer.go:721] ["producer/leader/kafka-test/0 abandoning broker 0"] [component=sarama]
[2025/02/27 19:26:32.549 +08:00] [DEBUG] [async_producer.go:920] ["producer/broker/0 input chan closed"] [component=sarama]
[2025/02/27 19:26:32.549 +08:00] [DEBUG] [async_producer.go:1020] ["producer/broker/0 shut down"] [component=sarama]
[2025/02/27 19:26:32.650 +08:00] [DEBUG] [sarama.go:129] ["client/metadata fetching metadata for [kafka-test] from broker 127.0.0.1:9092"] [component=sarama]
[2025/02/27 19:26:32.650 +08:00] [DEBUG] [sarama.go:129] ["Connected to broker at 127.0.0.1:9092 (registered as #0)"] [component=sarama]
[2025/02/27 19:26:32.655 +08:00] [DEBUG] [async_producer.go:914] ["producer/broker/0 starting up"] [component=sarama]
[2025/02/27 19:26:32.655 +08:00] [DEBUG] [async_producer.go:930] ["producer/broker/0 state change to [open] on kafka-test/0"] [component=sarama]
[2025/02/27 19:26:32.656 +08:00] [DEBUG] [async_producer.go:624] ["producer/leader/kafka-test/0 selected broker 0"] [component=sarama]
[2025/02/27 19:26:32.656 +08:00] [DEBUG] [async_producer.go:727] ["producer/leader/kafka-test/0 state change to [flushing-1]"] [component=sarama]
[2025/02/27 19:26:32.656 +08:00] [DEBUG] [async_producer.go:749] ["producer/leader/kafka-test/0 state change to [normal]"] [component=sarama]
[2025/02/27 19:26:33.119 +08:00] [DEBUG] [async_producer.go:1192] ["producer/broker/0 state change to [closing] because EOF"] [component=sarama]
[2025/02/27 19:26:33.119 +08:00] [DEBUG] [sarama.go:129] ["Closed connection to broker 127.0.0.1:9092"] [component=sarama]
[2025/02/27 19:26:33.119 +08:00] [DEBUG] [async_producer.go:711] ["producer/leader/kafka-test/0 state change to [retrying-1]"] [component=sarama]
[2025/02/27 19:26:33.119 +08:00] [DEBUG] [async_producer.go:721] ["producer/leader/kafka-test/0 abandoning broker 0"] [component=sarama]
[2025/02/27 19:26:33.119 +08:00] [DEBUG] [async_producer.go:920] ["producer/broker/0 input chan closed"] [component=sarama]
[2025/02/27 19:26:33.119 +08:00] [DEBUG] [async_producer.go:1020] ["producer/broker/0 shut down"] [component=sarama]
[2025/02/27 19:26:33.219 +08:00] [DEBUG] [sarama.go:129] ["client/metadata fetching metadata for [kafka-test] from broker 127.0.0.1:9092"] [component=sarama]
[2025/02/27 19:26:33.220 +08:00] [DEBUG] [sarama.go:129] ["Connected to broker at 127.0.0.1:9092 (registered as #0)"] [component=sarama]
[2025/02/27 19:26:33.222 +08:00] [DEBUG] [async_producer.go:914] ["producer/broker/0 starting up"] [component=sarama]
[2025/02/27 19:26:33.222 +08:00] [DEBUG] [async_producer.go:930] ["producer/broker/0 state change to [open] on kafka-test/0"] [component=sarama]
[2025/02/27 19:26:33.222 +08:00] [DEBUG] [async_producer.go:624] ["producer/leader/kafka-test/0 selected broker 0"] [component=sarama]
[2025/02/27 19:26:33.222 +08:00] [DEBUG] [async_producer.go:727] ["producer/leader/kafka-test/0 state change to [flushing-1]"] [component=sarama]
[2025/02/27 19:26:33.222 +08:00] [DEBUG] [async_producer.go:749] ["producer/leader/kafka-test/0 state change to [normal]"] [component=sarama]
[2025/02/27 19:26:35.752 +08:00] [DEBUG] [async_producer.go:1192] ["producer/broker/0 state change to [closing] because EOF"] [component=sarama]
[2025/02/27 19:26:35.752 +08:00] [DEBUG] [sarama.go:129] ["Closed connection to broker 127.0.0.1:9092"] [component=sarama]
[2025/02/27 19:26:35.752 +08:00] [DEBUG] [async_producer.go:711] ["producer/leader/kafka-test/0 state change to [retrying-1]"] [component=sarama]
[2025/02/27 19:26:35.752 +08:00] [DEBUG] [async_producer.go:721] ["producer/leader/kafka-test/0 abandoning broker 0"] [component=sarama]
[2025/02/27 19:26:35.752 +08:00] [DEBUG] [async_producer.go:920] ["producer/broker/0 input chan closed"] [component=sarama]
[2025/02/27 19:26:35.752 +08:00] [DEBUG] [async_producer.go:1020] ["producer/broker/0 shut down"] [component=sarama]
[2025/02/27 19:26:35.852 +08:00] [DEBUG] [sarama.go:129] ["client/metadata fetching metadata for [kafka-test] from broker 127.0.0.1:9092"] [component=sarama]
[2025/02/27 19:26:35.853 +08:00] [DEBUG] [sarama.go:129] ["Connected to broker at 127.0.0.1:9092 (registered as #0)"] [component=sarama]
[2025/02/27 19:26:35.855 +08:00] [DEBUG] [async_producer.go:914] ["producer/broker/0 starting up"] [component=sarama]
[2025/02/27 19:26:35.855 +08:00] [DEBUG] [async_producer.go:930] ["producer/broker/0 state change to [open] on kafka-test/0"] [component=sarama]
[2025/02/27 19:26:35.856 +08:00] [DEBUG] [async_producer.go:624] ["producer/leader/kafka-test/0 selected broker 0"] [component=sarama]
[2025/02/27 19:26:35.856 +08:00] [DEBUG] [async_producer.go:727] ["producer/leader/kafka-test/0 state change to [flushing-1]"] [component=sarama]
[2025/02/27 19:26:35.856 +08:00] [DEBUG] [async_producer.go:749] ["producer/leader/kafka-test/0 state change to [normal]"] [component=sarama]
[2025/02/27 19:26:36.093 +08:00] [DEBUG] [async_producer.go:1192] ["producer/broker/0 state change to [closing] because EOF"] [component=sarama]
[2025/02/27 19:26:36.093 +08:00] [DEBUG] [sarama.go:129] ["Closed connection to broker 127.0.0.1:9092"] [component=sarama]
[2025/02/27 19:26:36.093 +08:00] [DEBUG] [async_producer.go:711] ["producer/leader/kafka-test/0 state change to [retrying-1]"] [component=sarama]
[2025/02/27 19:26:36.093 +08:00] [DEBUG] [async_producer.go:721] ["producer/leader/kafka-test/0 abandoning broker 0"] [component=sarama]
[2025/02/27 19:26:36.093 +08:00] [DEBUG] [async_producer.go:920] ["producer/broker/0 input chan closed"] [component=sarama]
[2025/02/27 19:26:36.093 +08:00] [DEBUG] [async_producer.go:1020] ["producer/broker/0 shut down"] [component=sarama]
[2025/02/27 19:26:36.193 +08:00] [DEBUG] [sarama.go:129] ["client/metadata fetching metadata for [kafka-test] from broker 127.0.0.1:9092"] [component=sarama]
[2025/02/27 19:26:36.194 +08:00] [DEBUG] [sarama.go:129] ["Connected to broker at 127.0.0.1:9092 (registered as #0)"] [component=sarama]
[2025/02/27 19:26:36.195 +08:00] [DEBUG] [async_producer.go:914] ["producer/broker/0 starting up"] [component=sarama]
[2025/02/27 19:26:36.195 +08:00] [DEBUG] [async_producer.go:930] ["producer/broker/0 state change to [open] on kafka-test/0"] [component=sarama]
[2025/02/27 19:26:36.195 +08:00] [DEBUG] [async_producer.go:624] ["producer/leader/kafka-test/0 selected broker 0"] [component=sarama]
[2025/02/27 19:26:36.195 +08:00] [DEBUG] [async_producer.go:727] ["producer/leader/kafka-test/0 state change to [flushing-1]"] [component=sarama]
[2025/02/27 19:26:36.195 +08:00] [DEBUG] [async_producer.go:749] ["producer/leader/kafka-test/0 state change to [normal]"] [component=sarama]
[2025/02/27 19:26:37.332 +08:00] [INFO] [main.go:161] ["kafka statistics"] [send_qps=951.4] [acked_qps=951.2] [total_send=4757] [total_acked=4756]
[2025/02/27 19:26:38.213 +08:00] [DEBUG] [async_producer.go:1192] ["producer/broker/0 state change to [closing] because EOF"] [component=sarama]
[2025/02/27 19:26:38.214 +08:00] [DEBUG] [sarama.go:129] ["Closed connection to broker 127.0.0.1:9092"] [component=sarama]
[2025/02/27 19:26:38.214 +08:00] [DEBUG] [async_producer.go:1192] ["producer/broker/0 state change to [closing] because EOF"] [component=sarama]
[2025/02/27 19:26:38.214 +08:00] [DEBUG] [async_producer.go:1192] ["producer/broker/0 state change to [closing] because EOF"] [component=sarama]
[2025/02/27 19:26:38.214 +08:00] [DEBUG] [async_producer.go:1192] ["producer/broker/0 state change to [closing] because EOF"] [component=sarama]
[2025/02/27 19:26:38.214 +08:00] [DEBUG] [async_producer.go:1192] ["producer/broker/0 state change to [closing] because EOF"] [component=sarama]
[2025/02/27 19:26:38.214 +08:00] [DEBUG] [async_producer.go:711] ["producer/leader/kafka-test/0 state change to [retrying-1]"] [component=sarama]
[2025/02/27 19:26:38.214 +08:00] [DEBUG] [async_producer.go:721] ["producer/leader/kafka-test/0 abandoning broker 0"] [component=sarama]
[2025/02/27 19:26:38.214 +08:00] [DEBUG] [async_producer.go:920] ["producer/broker/0 input chan closed"] [component=sarama]
[2025/02/27 19:26:38.214 +08:00] [DEBUG] [async_producer.go:1020] ["producer/broker/0 shut down"] [component=sarama]
[2025/02/27 19:26:38.314 +08:00] [DEBUG] [sarama.go:129] ["client/metadata fetching metadata for [kafka-test] from broker 127.0.0.1:9092"] [component=sarama]
[2025/02/27 19:26:38.314 +08:00] [DEBUG] [sarama.go:129] ["Connected to broker at 127.0.0.1:9092 (registered as #0)"] [component=sarama]
[2025/02/27 19:26:38.316 +08:00] [DEBUG] [async_producer.go:914] ["producer/broker/0 starting up"] [component=sarama]
[2025/02/27 19:26:38.316 +08:00] [DEBUG] [async_producer.go:930] ["producer/broker/0 state change to [open] on kafka-test/0"] [component=sarama]
[2025/02/27 19:26:38.316 +08:00] [DEBUG] [async_producer.go:624] ["producer/leader/kafka-test/0 selected broker 0"] [component=sarama]
[2025/02/27 19:26:38.316 +08:00] [DEBUG] [async_producer.go:727] ["producer/leader/kafka-test/0 state change to [flushing-1]"] [component=sarama]
[2025/02/27 19:26:38.316 +08:00] [DEBUG] [async_producer.go:749] ["producer/leader/kafka-test/0 state change to [normal]"] [component=sarama]
[2025/02/27 19:27:41.779 +08:00] [DEBUG] [sarama.go:129] ["Connected to broker at 127.0.0.1:9092 (unregistered)"] [component=sarama]
[2025/02/27 19:27:41.789 +08:00] [DEBUG] [sarama.go:129] ["Closed connection to broker 127.0.0.1:9092"] [component=sarama]
[2025/02/27 19:27:41.789 +08:00] [DEBUG] [sarama.go:132] ["Initializing new client"] [component=sarama]
[2025/02/27 19:27:41.789 +08:00] [DEBUG] [sarama.go:129] ["client/metadata fetching metadata for all topics from broker 127.0.0.1:9092"] [component=sarama]
[2025/02/27 19:27:41.789 +08:00] [DEBUG] [sarama.go:129] ["Connected to broker at 127.0.0.1:9092 (unregistered)"] [component=sarama]
[2025/02/27 19:27:41.802 +08:00] [DEBUG] [sarama.go:129] ["client/brokers registered new broker #0 at 127.0.0.1:9092"] [component=sarama]
[2025/02/27 19:27:41.802 +08:00] [DEBUG] [sarama.go:132] ["Successfully initialized new client"] [component=sarama]
[2025/02/27 19:27:41.803 +08:00] [DEBUG] [sarama.go:129] ["Connected to broker at 127.0.0.1:9092 (registered as #0)"] [component=sarama]
[2025/02/27 19:27:41.810 +08:00] [DEBUG] [sarama.go:129] ["Connected to broker at 127.0.0.1:9092 (unregistered)"] [component=sarama]
[2025/02/27 19:27:41.811 +08:00] [DEBUG] [sarama.go:129] ["Closed connection to broker 127.0.0.1:9092"] [component=sarama]
[2025/02/27 19:27:41.811 +08:00] [DEBUG] [sarama.go:132] ["Initializing new client"] [component=sarama]
[2025/02/27 19:27:41.811 +08:00] [DEBUG] [sarama.go:129] ["client/metadata fetching metadata for all topics from broker 127.0.0.1:9092"] [component=sarama]
[2025/02/27 19:27:41.811 +08:00] [DEBUG] [sarama.go:129] ["Connected to broker at 127.0.0.1:9092 (unregistered)"] [component=sarama]
[2025/02/27 19:27:41.812 +08:00] [DEBUG] [sarama.go:129] ["client/brokers registered new broker #0 at 127.0.0.1:9092"] [component=sarama]
[2025/02/27 19:27:41.812 +08:00] [DEBUG] [sarama.go:132] ["Successfully initialized new client"] [component=sarama]
[2025/02/27 19:27:41.814 +08:00] [DEBUG] [async_producer.go:914] ["producer/broker/0 starting up"] [component=sarama]
[2025/02/27 19:27:41.815 +08:00] [DEBUG] [async_producer.go:930] ["producer/broker/0 state change to [open] on kafka-test/0"] [component=sarama]
[2025/02/27 19:27:41.815 +08:00] [DEBUG] [sarama.go:129] ["Connected to broker at 127.0.0.1:9092 (registered as #0)"] [component=sarama]
[2025/02/27 19:27:42.247 +08:00] [DEBUG] [async_producer.go:1192] ["producer/broker/0 state change to [closing] because EOF"] [component=sarama]
[2025/02/27 19:27:42.247 +08:00] [DEBUG] [sarama.go:129] ["Closed connection to broker 127.0.0.1:9092"] [component=sarama]
[2025/02/27 19:27:42.247 +08:00] [DEBUG] [async_producer.go:1192] ["producer/broker/0 state change to [closing] because EOF"] [component=sarama]
[2025/02/27 19:27:42.247 +08:00] [DEBUG] [async_producer.go:711] ["producer/leader/kafka-test/0 state change to [retrying-1]"] [component=sarama]
[2025/02/27 19:27:42.247 +08:00] [DEBUG] [async_producer.go:1192] ["producer/broker/0 state change to [closing] because EOF"] [component=sarama]
[2025/02/27 19:27:42.247 +08:00] [DEBUG] [async_producer.go:721] ["producer/leader/kafka-test/0 abandoning broker 0"] [component=sarama]
[2025/02/27 19:27:42.248 +08:00] [DEBUG] [async_producer.go:1192] ["producer/broker/0 state change to [closing] because EOF"] [component=sarama]
[2025/02/27 19:27:42.248 +08:00] [DEBUG] [async_producer.go:920] ["producer/broker/0 input chan closed"] [component=sarama]
[2025/02/27 19:27:42.248 +08:00] [DEBUG] [async_producer.go:1020] ["producer/broker/0 shut down"] [component=sarama]
[2025/02/27 19:27:42.348 +08:00] [DEBUG] [sarama.go:129] ["client/metadata fetching metadata for [kafka-test] from broker 127.0.0.1:9092"] [component=sarama]
[2025/02/27 19:27:42.348 +08:00] [DEBUG] [sarama.go:129] ["Connected to broker at 127.0.0.1:9092 (registered as #0)"] [component=sarama]
[2025/02/27 19:27:42.355 +08:00] [DEBUG] [async_producer.go:914] ["producer/broker/0 starting up"] [component=sarama]
[2025/02/27 19:27:42.355 +08:00] [DEBUG] [async_producer.go:930] ["producer/broker/0 state change to [open] on kafka-test/0"] [component=sarama]
[2025/02/27 19:27:42.355 +08:00] [DEBUG] [async_producer.go:624] ["producer/leader/kafka-test/0 selected broker 0"] [component=sarama]
[2025/02/27 19:27:42.355 +08:00] [DEBUG] [async_producer.go:727] ["producer/leader/kafka-test/0 state change to [flushing-1]"] [component=sarama]
[2025/02/27 19:27:42.355 +08:00] [DEBUG] [async_producer.go:749] ["producer/leader/kafka-test/0 state change to [normal]"] [component=sarama]
[2025/02/27 19:27:42.355 +08:00] [DEBUG] [async_producer.go:711] ["producer/leader/kafka-test/0 state change to [retrying-1]"] [component=sarama]
[2025/02/27 19:27:42.355 +08:00] [DEBUG] [sarama.go:129] ["producer/broker/0 state change to [dying-1] on kafka-test/0"] [component=sarama]
[2025/02/27 19:27:42.355 +08:00] [DEBUG] [async_producer.go:721] ["producer/leader/kafka-test/0 abandoning broker 0"] [component=sarama]
[2025/02/27 19:27:42.355 +08:00] [DEBUG] [async_producer.go:920] ["producer/broker/0 input chan closed"] [component=sarama]
[2025/02/27 19:27:42.358 +08:00] [DEBUG] [async_producer.go:1020] ["producer/broker/0 shut down"] [component=sarama]
[2025/02/27 19:27:42.455 +08:00] [DEBUG] [sarama.go:129] ["client/metadata fetching metadata for [kafka-test] from broker 127.0.0.1:9092"] [component=sarama]
[2025/02/27 19:27:42.457 +08:00] [DEBUG] [async_producer.go:914] ["producer/broker/0 starting up"] [component=sarama]
[2025/02/27 19:27:42.457 +08:00] [DEBUG] [async_producer.go:930] ["producer/broker/0 state change to [open] on kafka-test/0"] [component=sarama]
[2025/02/27 19:27:42.457 +08:00] [DEBUG] [async_producer.go:624] ["producer/leader/kafka-test/0 selected broker 0"] [component=sarama]
[2025/02/27 19:27:42.457 +08:00] [DEBUG] [async_producer.go:727] ["producer/leader/kafka-test/0 state change to [flushing-1]"] [component=sarama]
[2025/02/27 19:27:42.457 +08:00] [DEBUG] [async_producer.go:749] ["producer/leader/kafka-test/0 state change to [normal]"] [component=sarama]
[2025/02/27 19:27:42.606 +08:00] [DEBUG] [async_producer.go:1192] ["producer/broker/0 state change to [closing] because EOF"] [component=sarama]
[2025/02/27 19:27:42.606 +08:00] [DEBUG] [sarama.go:129] ["Closed connection to broker 127.0.0.1:9092"] [component=sarama]
[2025/02/27 19:27:42.606 +08:00] [DEBUG] [async_producer.go:711] ["producer/leader/kafka-test/0 state change to [retrying-1]"] [component=sarama]
[2025/02/27 19:27:42.606 +08:00] [DEBUG] [async_producer.go:721] ["producer/leader/kafka-test/0 abandoning broker 0"] [component=sarama]
[2025/02/27 19:27:42.606 +08:00] [DEBUG] [async_producer.go:920] ["producer/broker/0 input chan closed"] [component=sarama]
[2025/02/27 19:27:42.606 +08:00] [DEBUG] [async_producer.go:1020] ["producer/broker/0 shut down"] [component=sarama]
[2025/02/27 19:27:42.707 +08:00] [DEBUG] [sarama.go:129] ["client/metadata fetching metadata for [kafka-test] from broker 127.0.0.1:9092"] [component=sarama]
[2025/02/27 19:27:42.707 +08:00] [DEBUG] [sarama.go:129] ["Connected to broker at 127.0.0.1:9092 (registered as #0)"] [component=sarama]
[2025/02/27 19:27:42.709 +08:00] [DEBUG] [async_producer.go:914] ["producer/broker/0 starting up"] [component=sarama]
[2025/02/27 19:27:42.709 +08:00] [DEBUG] [async_producer.go:930] ["producer/broker/0 state change to [open] on kafka-test/0"] [component=sarama]
[2025/02/27 19:27:42.710 +08:00] [DEBUG] [async_producer.go:624] ["producer/leader/kafka-test/0 selected broker 0"] [component=sarama]
[2025/02/27 19:27:42.710 +08:00] [DEBUG] [async_producer.go:727] ["producer/leader/kafka-test/0 state change to [flushing-1]"] [component=sarama]
[2025/02/27 19:27:42.710 +08:00] [DEBUG] [async_producer.go:749] ["producer/leader/kafka-test/0 state change to [normal]"] [component=sarama]
[2025/02/27 19:27:43.006 +08:00] [DEBUG] [async_producer.go:1192] ["producer/broker/0 state change to [closing] because EOF"] [component=sarama]
[2025/02/27 19:27:43.006 +08:00] [DEBUG] [sarama.go:129] ["Closed connection to broker 127.0.0.1:9092"] [component=sarama]
[2025/02/27 19:27:43.006 +08:00] [DEBUG] [async_producer.go:711] ["producer/leader/kafka-test/0 state change to [retrying-1]"] [component=sarama]
[2025/02/27 19:27:43.007 +08:00] [DEBUG] [async_producer.go:721] ["producer/leader/kafka-test/0 abandoning broker 0"] [component=sarama]
[2025/02/27 19:27:43.007 +08:00] [DEBUG] [async_producer.go:920] ["producer/broker/0 input chan closed"] [component=sarama]
[2025/02/27 19:27:43.007 +08:00] [DEBUG] [async_producer.go:1020] ["producer/broker/0 shut down"] [component=sarama]
[2025/02/27 19:27:43.107 +08:00] [DEBUG] [sarama.go:129] ["client/metadata fetching metadata for [kafka-test] from broker 127.0.0.1:9092"] [component=sarama]
[2025/02/27 19:27:43.107 +08:00] [DEBUG] [sarama.go:129] ["Connected to broker at 127.0.0.1:9092 (registered as #0)"] [component=sarama]
[2025/02/27 19:27:43.108 +08:00] [DEBUG] [async_producer.go:914] ["producer/broker/0 starting up"] [component=sarama]
[2025/02/27 19:27:43.108 +08:00] [DEBUG] [async_producer.go:930] ["producer/broker/0 state change to [open] on kafka-test/0"] [component=sarama]
[2025/02/27 19:27:43.108 +08:00] [DEBUG] [async_producer.go:624] ["producer/leader/kafka-test/0 selected broker 0"] [component=sarama]
[2025/02/27 19:27:43.109 +08:00] [DEBUG] [async_producer.go:727] ["producer/leader/kafka-test/0 state change to [flushing-1]"] [component=sarama]
[2025/02/27 19:27:43.109 +08:00] [DEBUG] [async_producer.go:749] ["producer/leader/kafka-test/0 state change to [normal]"] [component=sarama]
[2025/02/27 19:27:43.606 +08:00] [DEBUG] [async_producer.go:1192] ["producer/broker/0 state change to [closing] because EOF"] [component=sarama]
[2025/02/27 19:27:43.606 +08:00] [DEBUG] [sarama.go:129] ["Closed connection to broker 127.0.0.1:9092"] [component=sarama]
[2025/02/27 19:27:43.606 +08:00] [DEBUG] [async_producer.go:711] ["producer/leader/kafka-test/0 state change to [retrying-1]"] [component=sarama]
[2025/02/27 19:27:43.606 +08:00] [DEBUG] [async_producer.go:721] ["producer/leader/kafka-test/0 abandoning broker 0"] [component=sarama]
[2025/02/27 19:27:43.606 +08:00] [DEBUG] [async_producer.go:920] ["producer/broker/0 input chan closed"] [component=sarama]
[2025/02/27 19:27:43.606 +08:00] [DEBUG] [async_producer.go:1020] ["producer/broker/0 shut down"] [component=sarama]
[2025/02/27 19:27:43.707 +08:00] [DEBUG] [sarama.go:129] ["client/metadata fetching metadata for [kafka-test] from broker 127.0.0.1:9092"] [component=sarama]
[2025/02/27 19:27:43.707 +08:00] [DEBUG] [sarama.go:129] ["Connected to broker at 127.0.0.1:9092 (registered as #0)"] [component=sarama]
[2025/02/27 19:27:43.708 +08:00] [DEBUG] [async_producer.go:914] ["producer/broker/0 starting up"] [component=sarama]
[2025/02/27 19:27:43.709 +08:00] [DEBUG] [async_producer.go:930] ["producer/broker/0 state change to [open] on kafka-test/0"] [component=sarama]
[2025/02/27 19:27:43.709 +08:00] [DEBUG] [async_producer.go:624] ["producer/leader/kafka-test/0 selected broker 0"] [component=sarama]
[2025/02/27 19:27:43.709 +08:00] [DEBUG] [async_producer.go:727] ["producer/leader/kafka-test/0 state change to [flushing-1]"] [component=sarama]
[2025/02/27 19:27:43.709 +08:00] [DEBUG] [async_producer.go:749] ["producer/leader/kafka-test/0 state change to [normal]"] [component=sarama]
[2025/02/27 19:27:44.053 +08:00] [DEBUG] [async_producer.go:1192] ["producer/broker/0 state change to [closing] because EOF"] [component=sarama]
[2025/02/27 19:27:44.053 +08:00] [DEBUG] [sarama.go:129] ["Closed connection to broker 127.0.0.1:9092"] [component=sarama]
[2025/02/27 19:27:44.053 +08:00] [DEBUG] [async_producer.go:711] ["producer/leader/kafka-test/0 state change to [retrying-1]"] [component=sarama]
[2025/02/27 19:27:44.053 +08:00] [DEBUG] [async_producer.go:721] ["producer/leader/kafka-test/0 abandoning broker 0"] [component=sarama]
[2025/02/27 19:27:44.053 +08:00] [DEBUG] [async_producer.go:920] ["producer/broker/0 input chan closed"] [component=sarama]
[2025/02/27 19:27:44.053 +08:00] [DEBUG] [async_producer.go:1020] ["producer/broker/0 shut down"] [component=sarama]
[2025/02/27 19:27:44.153 +08:00] [DEBUG] [sarama.go:129] ["client/metadata fetching metadata for [kafka-test] from broker 127.0.0.1:9092"] [component=sarama]
[2025/02/27 19:27:44.154 +08:00] [DEBUG] [sarama.go:129] ["Connected to broker at 127.0.0.1:9092 (registered as #0)"] [component=sarama]
[2025/02/27 19:27:44.155 +08:00] [DEBUG] [async_producer.go:914] ["producer/broker/0 starting up"] [component=sarama]
[2025/02/27 19:27:44.155 +08:00] [DEBUG] [async_producer.go:930] ["producer/broker/0 state change to [open] on kafka-test/0"] [component=sarama]
[2025/02/27 19:27:44.155 +08:00] [DEBUG] [async_producer.go:624] ["producer/leader/kafka-test/0 selected broker 0"] [component=sarama]
[2025/02/27 19:27:44.155 +08:00] [DEBUG] [async_producer.go:727] ["producer/leader/kafka-test/0 state change to [flushing-1]"] [component=sarama]
[2025/02/27 19:27:44.155 +08:00] [DEBUG] [async_producer.go:749] ["producer/leader/kafka-test/0 state change to [normal]"] [component=sarama]
[2025/02/27 19:27:46.813 +08:00] [INFO] [main.go:161] ["kafka statistics"] [send_qps=967] [acked_qps=967] [total_send=4835] [total_acked=4835]
[2025/02/27 19:27:47.272 +08:00] [DEBUG] [async_producer.go:1192] ["producer/broker/0 state change to [closing] because EOF"] [component=sarama]
[2025/02/27 19:27:47.273 +08:00] [DEBUG] [sarama.go:129] ["Closed connection to broker 127.0.0.1:9092"] [component=sarama]
[2025/02/27 19:27:47.273 +08:00] [DEBUG] [async_producer.go:711] ["producer/leader/kafka-test/0 state change to [retrying-1]"] [component=sarama]
[2025/02/27 19:27:47.273 +08:00] [DEBUG] [async_producer.go:721] ["producer/leader/kafka-test/0 abandoning broker 0"] [component=sarama]
[2025/02/27 19:27:47.273 +08:00] [DEBUG] [async_producer.go:920] ["producer/broker/0 input chan closed"] [component=sarama]
[2025/02/27 19:27:47.273 +08:00] [DEBUG] [async_producer.go:1020] ["producer/broker/0 shut down"] [component=sarama]
[2025/02/27 19:27:47.373 +08:00] [DEBUG] [sarama.go:129] ["client/metadata fetching metadata for [kafka-test] from broker 127.0.0.1:9092"] [component=sarama]
[2025/02/27 19:27:47.373 +08:00] [DEBUG] [sarama.go:129] ["Connected to broker at 127.0.0.1:9092 (registered as #0)"] [component=sarama]
[2025/02/27 19:27:47.376 +08:00] [DEBUG] [async_producer.go:914] ["producer/broker/0 starting up"] [component=sarama]
[2025/02/27 19:27:47.376 +08:00] [DEBUG] [async_producer.go:930] ["producer/broker/0 state change to [open] on kafka-test/0"] [component=sarama]
[2025/02/27 19:27:47.376 +08:00] [DEBUG] [async_producer.go:624] ["producer/leader/kafka-test/0 selected broker 0"] [component=sarama]
[2025/02/27 19:27:47.376 +08:00] [DEBUG] [async_producer.go:727] ["producer/leader/kafka-test/0 state change to [flushing-1]"] [component=sarama]
[2025/02/27 19:27:47.376 +08:00] [DEBUG] [async_producer.go:749] ["producer/leader/kafka-test/0 state change to [normal]"] [component=sarama]
[2025/02/27 19:27:47.655 +08:00] [DEBUG] [async_producer.go:1192] ["producer/broker/0 state change to [closing] because EOF"] [component=sarama]
[2025/02/27 19:27:47.655 +08:00] [DEBUG] [sarama.go:129] ["Closed connection to broker 127.0.0.1:9092"] [component=sarama]
[2025/02/27 19:27:47.655 +08:00] [DEBUG] [async_producer.go:711] ["producer/leader/kafka-test/0 state change to [retrying-1]"] [component=sarama]
[2025/02/27 19:27:47.655 +08:00] [DEBUG] [async_producer.go:721] ["producer/leader/kafka-test/0 abandoning broker 0"] [component=sarama]
[2025/02/27 19:27:47.656 +08:00] [DEBUG] [async_producer.go:920] ["producer/broker/0 input chan closed"] [component=sarama]
[2025/02/27 19:27:47.656 +08:00] [DEBUG] [async_producer.go:1020] ["producer/broker/0 shut down"] [component=sarama]
[2025/02/27 19:27:47.756 +08:00] [DEBUG] [sarama.go:129] ["client/metadata fetching metadata for [kafka-test] from broker 127.0.0.1:9092"] [component=sarama]
[2025/02/27 19:27:47.756 +08:00] [DEBUG] [sarama.go:129] ["Connected to broker at 127.0.0.1:9092 (registered as #0)"] [component=sarama]
[2025/02/27 19:27:47.760 +08:00] [DEBUG] [async_producer.go:914] ["producer/broker/0 starting up"] [component=sarama]
[2025/02/27 19:27:47.761 +08:00] [DEBUG] [async_producer.go:930] ["producer/broker/0 state change to [open] on kafka-test/0"] [component=sarama]
[2025/02/27 19:27:47.761 +08:00] [DEBUG] [async_producer.go:624] ["producer/leader/kafka-test/0 selected broker 0"] [component=sarama]
[2025/02/27 19:27:47.761 +08:00] [DEBUG] [async_producer.go:727] ["producer/leader/kafka-test/0 state change to [flushing-1]"] [component=sarama]
[2025/02/27 19:27:47.761 +08:00] [DEBUG] [async_producer.go:749] ["producer/leader/kafka-test/0 state change to [normal]"] [component=sarama]
[2025/02/27 19:27:48.742 +08:00] [DEBUG] [async_producer.go:1192] ["producer/broker/0 state change to [closing] because EOF"] [component=sarama]
[2025/02/27 19:27:48.743 +08:00] [DEBUG] [sarama.go:129] ["Closed connection to broker 127.0.0.1:9092"] [component=sarama]
[2025/02/27 19:27:48.743 +08:00] [DEBUG] [async_producer.go:711] ["producer/leader/kafka-test/0 state change to [retrying-1]"] [component=sarama]
[2025/02/27 19:27:48.743 +08:00] [DEBUG] [async_producer.go:721] ["producer/leader/kafka-test/0 abandoning broker 0"] [component=sarama]
[2025/02/27 19:27:48.743 +08:00] [DEBUG] [async_producer.go:920] ["producer/broker/0 input chan closed"] [component=sarama]
[2025/02/27 19:27:48.743 +08:00] [DEBUG] [async_producer.go:1020] ["producer/broker/0 shut down"] [component=sarama]
[2025/02/27 19:27:48.843 +08:00] [DEBUG] [sarama.go:129] ["client/metadata fetching metadata for [kafka-test] from broker 127.0.0.1:9092"] [component=sarama]
[2025/02/27 19:27:48.843 +08:00] [DEBUG] [sarama.go:129] ["Connected to broker at 127.0.0.1:9092 (registered as #0)"] [component=sarama]
[2025/02/27 19:27:48.844 +08:00] [DEBUG] [async_producer.go:914] ["producer/broker/0 starting up"] [component=sarama]
[2025/02/27 19:27:48.844 +08:00] [DEBUG] [async_producer.go:930] ["producer/broker/0 state change to [open] on kafka-test/0"] [component=sarama]
[2025/02/27 19:27:48.844 +08:00] [DEBUG] [async_producer.go:624] ["producer/leader/kafka-test/0 selected broker 0"] [component=sarama]
[2025/02/27 19:27:48.844 +08:00] [DEBUG] [async_producer.go:727] ["producer/leader/kafka-test/0 state change to [flushing-1]"] [component=sarama]
[2025/02/27 19:27:48.844 +08:00] [DEBUG] [async_producer.go:749] ["producer/leader/kafka-test/0 state change to [normal]"] [component=sarama]
[2025/02/27 19:27:49.067 +08:00] [DEBUG] [async_producer.go:1192] ["producer/broker/0 state change to [closing] because EOF"] [component=sarama]
[2025/02/27 19:27:49.067 +08:00] [DEBUG] [sarama.go:129] ["Closed connection to broker 127.0.0.1:9092"] [component=sarama]
[2025/02/27 19:27:49.068 +08:00] [DEBUG] [async_producer.go:711] ["producer/leader/kafka-test/0 state change to [retrying-1]"] [component=sarama]
[2025/02/27 19:27:49.068 +08:00] [DEBUG] [async_producer.go:721] ["producer/leader/kafka-test/0 abandoning broker 0"] [component=sarama]
[2025/02/27 19:27:49.068 +08:00] [DEBUG] [async_producer.go:920] ["producer/broker/0 input chan closed"] [component=sarama]
[2025/02/27 19:27:49.068 +08:00] [DEBUG] [async_producer.go:1020] ["producer/broker/0 shut down"] [component=sarama]
[2025/02/27 19:27:49.168 +08:00] [DEBUG] [sarama.go:129] ["client/metadata fetching metadata for [kafka-test] from broker 127.0.0.1:9092"] [component=sarama]
[2025/02/27 19:27:49.169 +08:00] [DEBUG] [sarama.go:129] ["Connected to broker at 127.0.0.1:9092 (registered as #0)"] [component=sarama]
[2025/02/27 19:27:49.172 +08:00] [DEBUG] [async_producer.go:914] ["producer/broker/0 starting up"] [component=sarama]
[2025/02/27 19:27:49.172 +08:00] [DEBUG] [async_producer.go:930] ["producer/broker/0 state change to [open] on kafka-test/0"] [component=sarama]
[2025/02/27 19:27:49.172 +08:00] [DEBUG] [async_producer.go:624] ["producer/leader/kafka-test/0 selected broker 0"] [component=sarama]
[2025/02/27 19:27:49.172 +08:00] [DEBUG] [async_producer.go:727] ["producer/leader/kafka-test/0 state change to [flushing-1]"] [component=sarama]
[2025/02/27 19:27:49.172 +08:00] [DEBUG] [async_producer.go:749] ["producer/leader/kafka-test/0 state change to [normal]"] [component=sarama]
[2025/02/27 19:27:49.265 +08:00] [DEBUG] [async_producer.go:1192] ["producer/broker/0 state change to [closing] because EOF"] [component=sarama]
[2025/02/27 19:27:49.266 +08:00] [DEBUG] [sarama.go:129] ["Closed connection to broker 127.0.0.1:9092"] [component=sarama]
[2025/02/27 19:27:49.266 +08:00] [DEBUG] [async_producer.go:711] ["producer/leader/kafka-test/0 state change to [retrying-1]"] [component=sarama]
[2025/02/27 19:27:49.266 +08:00] [DEBUG] [async_producer.go:721] ["producer/leader/kafka-test/0 abandoning broker 0"] [component=sarama]
[2025/02/27 19:27:49.266 +08:00] [DEBUG] [async_producer.go:920] ["producer/broker/0 input chan closed"] [component=sarama]
[2025/02/27 19:27:49.266 +08:00] [DEBUG] [async_producer.go:1020] ["producer/broker/0 shut down"] [component=sarama]
[2025/02/27 19:27:49.366 +08:00] [DEBUG] [sarama.go:129] ["client/metadata fetching metadata for [kafka-test] from broker 127.0.0.1:9092"] [component=sarama]
[2025/02/27 19:27:49.373 +08:00] [DEBUG] [sarama.go:129] ["Connected to broker at 127.0.0.1:9092 (registered as #0)"] [component=sarama]
[2025/02/27 19:27:49.389 +08:00] [DEBUG] [async_producer.go:914] ["producer/broker/0 starting up"] [component=sarama]
[2025/02/27 19:27:49.389 +08:00] [DEBUG] [async_producer.go:930] ["producer/broker/0 state change to [open] on kafka-test/0"] [component=sarama]
[2025/02/27 19:27:49.389 +08:00] [DEBUG] [async_producer.go:624] ["producer/leader/kafka-test/0 selected broker 0"] [component=sarama]
[2025/02/27 19:27:49.389 +08:00] [DEBUG] [async_producer.go:727] ["producer/leader/kafka-test/0 state change to [flushing-1]"] [component=sarama]
[2025/02/27 19:27:49.389 +08:00] [DEBUG] [async_producer.go:749] ["producer/leader/kafka-test/0 state change to [normal]"] [component=sarama]
[2025/02/27 19:27:49.867 +08:00] [DEBUG] [async_producer.go:1192] ["producer/broker/0 state change to [closing] because EOF"] [component=sarama]
[2025/02/27 19:27:49.867 +08:00] [DEBUG] [sarama.go:129] ["Closed connection to broker 127.0.0.1:9092"] [component=sarama]
[2025/02/27 19:27:49.867 +08:00] [DEBUG] [async_producer.go:711] ["producer/leader/kafka-test/0 state change to [retrying-1]"] [component=sarama]
[2025/02/27 19:27:49.867 +08:00] [DEBUG] [async_producer.go:721] ["producer/leader/kafka-test/0 abandoning broker 0"] [component=sarama]
[2025/02/27 19:27:49.867 +08:00] [DEBUG] [async_producer.go:920] ["producer/broker/0 input chan closed"] [component=sarama]
[2025/02/27 19:27:49.867 +08:00] [DEBUG] [async_producer.go:1020] ["producer/broker/0 shut down"] [component=sarama]
[2025/02/27 19:27:49.968 +08:00] [DEBUG] [sarama.go:129] ["client/metadata fetching metadata for [kafka-test] from broker 127.0.0.1:9092"] [component=sarama]
[2025/02/27 19:27:49.968 +08:00] [DEBUG] [sarama.go:129] ["Connected to broker at 127.0.0.1:9092 (registered as #0)"] [component=sarama]
[2025/02/27 19:27:49.970 +08:00] [DEBUG] [async_producer.go:914] ["producer/broker/0 starting up"] [component=sarama]
[2025/02/27 19:27:49.970 +08:00] [DEBUG] [async_producer.go:930] ["producer/broker/0 state change to [open] on kafka-test/0"] [component=sarama]
[2025/02/27 19:27:49.970 +08:00] [DEBUG] [async_producer.go:624] ["producer/leader/kafka-test/0 selected broker 0"] [component=sarama]
[2025/02/27 19:27:49.970 +08:00] [DEBUG] [async_producer.go:727] ["producer/leader/kafka-test/0 state change to [flushing-1]"] [component=sarama]
[2025/02/27 19:27:49.970 +08:00] [DEBUG] [async_producer.go:749] ["producer/leader/kafka-test/0 state change to [normal]"] [component=sarama]
[2025/02/27 19:27:51.295 +08:00] [DEBUG] [async_producer.go:1192] ["producer/broker/0 state change to [closing] because EOF"] [component=sarama]
[2025/02/27 19:27:51.296 +08:00] [DEBUG] [sarama.go:129] ["Closed connection to broker 127.0.0.1:9092"] [component=sarama]
[2025/02/27 19:27:51.296 +08:00] [DEBUG] [async_producer.go:711] ["producer/leader/kafka-test/0 state change to [retrying-1]"] [component=sarama]
[2025/02/27 19:27:51.296 +08:00] [DEBUG] [async_producer.go:721] ["producer/leader/kafka-test/0 abandoning broker 0"] [component=sarama]
[2025/02/27 19:27:51.296 +08:00] [DEBUG] [async_producer.go:920] ["producer/broker/0 input chan closed"] [component=sarama]
[2025/02/27 19:27:51.296 +08:00] [DEBUG] [async_producer.go:1020] ["producer/broker/0 shut down"] [component=sarama]
[2025/02/27 19:27:51.396 +08:00] [DEBUG] [sarama.go:129] ["client/metadata fetching metadata for [kafka-test] from broker 127.0.0.1:9092"] [component=sarama]
[2025/02/27 19:27:51.397 +08:00] [DEBUG] [sarama.go:129] ["Connected to broker at 127.0.0.1:9092 (registered as #0)"] [component=sarama]
[2025/02/27 19:27:51.398 +08:00] [DEBUG] [async_producer.go:914] ["producer/broker/0 starting up"] [component=sarama]
[2025/02/27 19:27:51.399 +08:00] [DEBUG] [async_producer.go:930] ["producer/broker/0 state change to [open] on kafka-test/0"] [component=sarama]
[2025/02/27 19:27:51.399 +08:00] [DEBUG] [async_producer.go:624] ["producer/leader/kafka-test/0 selected broker 0"] [component=sarama]
[2025/02/27 19:27:51.399 +08:00] [DEBUG] [async_producer.go:727] ["producer/leader/kafka-test/0 state change to [flushing-1]"] [component=sarama]
[2025/02/27 19:27:51.399 +08:00] [DEBUG] [async_producer.go:749] ["producer/leader/kafka-test/0 state change to [normal]"] [component=sarama]
[2025/02/27 19:27:51.813 +08:00] [INFO] [main.go:161] ["kafka statistics"] [send_qps=977.4] [acked_qps=977.4] [total_send=9722] [total_acked=9722]
[2025/02/27 19:27:52.571 +08:00] [DEBUG] [async_producer.go:1192] ["producer/broker/0 state change to [closing] because EOF"] [component=sarama]
[2025/02/27 19:27:52.571 +08:00] [DEBUG] [sarama.go:129] ["Closed connection to broker 127.0.0.1:9092"] [component=sarama]
[2025/02/27 19:27:52.571 +08:00] [DEBUG] [async_producer.go:711] ["producer/leader/kafka-test/0 state change to [retrying-1]"] [component=sarama]
[2025/02/27 19:27:52.571 +08:00] [DEBUG] [async_producer.go:721] ["producer/leader/kafka-test/0 abandoning broker 0"] [component=sarama]
[2025/02/27 19:27:52.572 +08:00] [DEBUG] [async_producer.go:920] ["producer/broker/0 input chan closed"] [component=sarama]
[2025/02/27 19:27:52.572 +08:00] [DEBUG] [async_producer.go:1020] ["producer/broker/0 shut down"] [component=sarama]
[2025/02/27 19:27:52.672 +08:00] [DEBUG] [sarama.go:129] ["client/metadata fetching metadata for [kafka-test] from broker 127.0.0.1:9092"] [component=sarama]
[2025/02/27 19:27:52.672 +08:00] [DEBUG] [sarama.go:129] ["Connected to broker at 127.0.0.1:9092 (registered as #0)"] [component=sarama]
[2025/02/27 19:27:52.673 +08:00] [DEBUG] [async_producer.go:914] ["producer/broker/0 starting up"] [component=sarama]
[2025/02/27 19:27:52.673 +08:00] [DEBUG] [async_producer.go:930] ["producer/broker/0 state change to [open] on kafka-test/0"] [component=sarama]
[2025/02/27 19:27:52.673 +08:00] [DEBUG] [async_producer.go:624] ["producer/leader/kafka-test/0 selected broker 0"] [component=sarama]
[2025/02/27 19:27:52.673 +08:00] [DEBUG] [async_producer.go:727] ["producer/leader/kafka-test/0 state change to [flushing-1]"] [component=sarama]
[2025/02/27 19:27:52.673 +08:00] [DEBUG] [async_producer.go:749] ["producer/leader/kafka-test/0 state change to [normal]"] [component=sarama]
[2025/02/27 19:27:55.316 +08:00] [DEBUG] [async_producer.go:1192] ["producer/broker/0 state change to [closing] because EOF"] [component=sarama]
[2025/02/27 19:27:55.318 +08:00] [DEBUG] [sarama.go:129] ["Closed connection to broker 127.0.0.1:9092"] [component=sarama]
[2025/02/27 19:27:55.318 +08:00] [DEBUG] [async_producer.go:1192] ["producer/broker/0 state change to [closing] because EOF"] [component=sarama]
[2025/02/27 19:27:55.319 +08:00] [DEBUG] [async_producer.go:1192] ["producer/broker/0 state change to [closing] because EOF"] [component=sarama]
[2025/02/27 19:27:55.319 +08:00] [DEBUG] [async_producer.go:1192] ["producer/broker/0 state change to [closing] because EOF"] [component=sarama]
[2025/02/27 19:27:55.319 +08:00] [DEBUG] [async_producer.go:1192] ["producer/broker/0 state change to [closing] because EOF"] [component=sarama]
[2025/02/27 19:27:55.319 +08:00] [DEBUG] [async_producer.go:711] ["producer/leader/kafka-test/0 state change to [retrying-1]"] [component=sarama]
[2025/02/27 19:27:55.319 +08:00] [DEBUG] [async_producer.go:1192] ["producer/broker/0 state change to [closing] because EOF"] [component=sarama]
[2025/02/27 19:27:55.319 +08:00] [DEBUG] [async_producer.go:721] ["producer/leader/kafka-test/0 abandoning broker 0"] [component=sarama]
[2025/02/27 19:27:55.319 +08:00] [DEBUG] [async_producer.go:920] ["producer/broker/0 input chan closed"] [component=sarama]
[2025/02/27 19:27:55.319 +08:00] [DEBUG] [async_producer.go:1020] ["producer/broker/0 shut down"] [component=sarama]
[2025/02/27 19:27:55.420 +08:00] [DEBUG] [sarama.go:129] ["client/metadata fetching metadata for [kafka-test] from broker 127.0.0.1:9092"] [component=sarama]
[2025/02/27 19:27:55.420 +08:00] [DEBUG] [sarama.go:129] ["Connected to broker at 127.0.0.1:9092 (registered as #0)"] [component=sarama]
[2025/02/27 19:27:55.486 +08:00] [DEBUG] [async_producer.go:914] ["producer/broker/0 starting up"] [component=sarama]
[2025/02/27 19:27:55.486 +08:00] [DEBUG] [async_producer.go:930] ["producer/broker/0 state change to [open] on kafka-test/0"] [component=sarama]
[2025/02/27 19:27:55.486 +08:00] [DEBUG] [async_producer.go:624] ["producer/leader/kafka-test/0 selected broker 0"] [component=sarama]
[2025/02/27 19:27:55.487 +08:00] [DEBUG] [async_producer.go:727] ["producer/leader/kafka-test/0 state change to [flushing-1]"] [component=sarama]
[2025/02/27 19:27:55.487 +08:00] [DEBUG] [async_producer.go:749] ["producer/leader/kafka-test/0 state change to [normal]"] [component=sarama]
[2025/02/27 19:27:55.487 +08:00] [DEBUG] [async_producer.go:711] ["producer/leader/kafka-test/0 state change to [retrying-1]"] [component=sarama]
[2025/02/27 19:27:55.487 +08:00] [DEBUG] [async_producer.go:721] ["producer/leader/kafka-test/0 abandoning broker 0"] [component=sarama]
[2025/02/27 19:27:55.487 +08:00] [DEBUG] [sarama.go:129] ["producer/broker/0 state change to [dying-1] on kafka-test/0"] [component=sarama]
[2025/02/27 19:27:55.487 +08:00] [DEBUG] [async_producer.go:920] ["producer/broker/0 input chan closed"] [component=sarama]
[2025/02/27 19:27:55.495 +08:00] [DEBUG] [async_producer.go:1020] ["producer/broker/0 shut down"] [component=sarama]
[2025/02/27 19:27:55.587 +08:00] [DEBUG] [sarama.go:129] ["client/metadata fetching metadata for [kafka-test] from broker 127.0.0.1:9092"] [component=sarama]
[2025/02/27 19:27:55.588 +08:00] [DEBUG] [async_producer.go:914] ["producer/broker/0 starting up"] [component=sarama]
[2025/02/27 19:27:55.588 +08:00] [DEBUG] [async_producer.go:930] ["producer/broker/0 state change to [open] on kafka-test/0"] [component=sarama]
[2025/02/27 19:27:55.588 +08:00] [DEBUG] [async_producer.go:624] ["producer/leader/kafka-test/0 selected broker 0"] [component=sarama]
[2025/02/27 19:27:55.588 +08:00] [DEBUG] [async_producer.go:727] ["producer/leader/kafka-test/0 state change to [flushing-1]"] [component=sarama]
[2025/02/27 19:27:55.589 +08:00] [DEBUG] [async_producer.go:749] ["producer/leader/kafka-test/0 state change to [normal]"] [component=sarama]
[2025/02/27 19:27:56.813 +08:00] [INFO] [main.go:161] ["kafka statistics"] [send_qps=972.4] [acked_qps=972.4] [total_send=14584] [total_acked=14584]
[2025/02/27 19:27:57.307 +08:00] [DEBUG] [async_producer.go:1192] ["producer/broker/0 state change to [closing] because EOF"] [component=sarama]
[2025/02/27 19:27:57.308 +08:00] [DEBUG] [sarama.go:129] ["Closed connection to broker 127.0.0.1:9092"] [component=sarama]
[2025/02/27 19:27:57.308 +08:00] [DEBUG] [async_producer.go:711] ["producer/leader/kafka-test/0 state change to [retrying-1]"] [component=sarama]
[2025/02/27 19:27:57.308 +08:00] [DEBUG] [async_producer.go:721] ["producer/leader/kafka-test/0 abandoning broker 0"] [component=sarama]
[2025/02/27 19:27:57.308 +08:00] [DEBUG] [async_producer.go:920] ["producer/broker/0 input chan closed"] [component=sarama]
[2025/02/27 19:27:57.308 +08:00] [DEBUG] [async_producer.go:1020] ["producer/broker/0 shut down"] [component=sarama]
[2025/02/27 19:27:57.408 +08:00] [DEBUG] [sarama.go:129] ["client/metadata fetching metadata for [kafka-test] from broker 127.0.0.1:9092"] [component=sarama]
[2025/02/27 19:27:57.409 +08:00] [DEBUG] [sarama.go:129] ["Connected to broker at 127.0.0.1:9092 (registered as #0)"] [component=sarama]
[2025/02/27 19:27:57.412 +08:00] [DEBUG] [async_producer.go:914] ["producer/broker/0 starting up"] [component=sarama]
[2025/02/27 19:27:57.412 +08:00] [DEBUG] [async_producer.go:930] ["producer/broker/0 state change to [open] on kafka-test/0"] [component=sarama]
[2025/02/27 19:27:57.412 +08:00] [DEBUG] [async_producer.go:624] ["producer/leader/kafka-test/0 selected broker 0"] [component=sarama]
[2025/02/27 19:27:57.412 +08:00] [DEBUG] [async_producer.go:727] ["producer/leader/kafka-test/0 state change to [flushing-1]"] [component=sarama]
[2025/02/27 19:27:57.412 +08:00] [DEBUG] [async_producer.go:749] ["producer/leader/kafka-test/0 state change to [normal]"] [component=sarama]
[2025/02/27 19:27:57.808 +08:00] [DEBUG] [async_producer.go:1192] ["producer/broker/0 state change to [closing] because EOF"] [component=sarama]
[2025/02/27 19:27:57.808 +08:00] [DEBUG] [sarama.go:129] ["Closed connection to broker 127.0.0.1:9092"] [component=sarama]
[2025/02/27 19:27:57.808 +08:00] [DEBUG] [async_producer.go:711] ["producer/leader/kafka-test/0 state change to [retrying-1]"] [component=sarama]
[2025/02/27 19:27:57.808 +08:00] [DEBUG] [async_producer.go:721] ["producer/leader/kafka-test/0 abandoning broker 0"] [component=sarama]
[2025/02/27 19:27:57.808 +08:00] [DEBUG] [async_producer.go:920] ["producer/broker/0 input chan closed"] [component=sarama]
[2025/02/27 19:27:57.808 +08:00] [DEBUG] [async_producer.go:1020] ["producer/broker/0 shut down"] [component=sarama]
[2025/02/27 19:27:57.908 +08:00] [DEBUG] [sarama.go:129] ["client/metadata fetching metadata for [kafka-test] from broker 127.0.0.1:9092"] [component=sarama]
[2025/02/27 19:27:57.909 +08:00] [DEBUG] [sarama.go:129] ["Connected to broker at 127.0.0.1:9092 (registered as #0)"] [component=sarama]
[2025/02/27 19:27:57.910 +08:00] [DEBUG] [async_producer.go:914] ["producer/broker/0 starting up"] [component=sarama]
[2025/02/27 19:27:57.910 +08:00] [DEBUG] [async_producer.go:930] ["producer/broker/0 state change to [open] on kafka-test/0"] [component=sarama]
[2025/02/27 19:27:57.910 +08:00] [DEBUG] [async_producer.go:624] ["producer/leader/kafka-test/0 selected broker 0"] [component=sarama]
[2025/02/27 19:27:57.911 +08:00] [DEBUG] [async_producer.go:727] ["producer/leader/kafka-test/0 state change to [flushing-1]"] [component=sarama]
[2025/02/27 19:27:57.911 +08:00] [DEBUG] [async_producer.go:749] ["producer/leader/kafka-test/0 state change to [normal]"] [component=sarama]
[2025/02/27 19:27:59.505 +08:00] [DEBUG] [async_producer.go:1192] ["producer/broker/0 state change to [closing] because EOF"] [component=sarama]
[2025/02/27 19:27:59.505 +08:00] [DEBUG] [sarama.go:129] ["Closed connection to broker 127.0.0.1:9092"] [component=sarama]
[2025/02/27 19:27:59.505 +08:00] [DEBUG] [async_producer.go:711] ["producer/leader/kafka-test/0 state change to [retrying-1]"] [component=sarama]
[2025/02/27 19:27:59.505 +08:00] [DEBUG] [async_producer.go:721] ["producer/leader/kafka-test/0 abandoning broker 0"] [component=sarama]
[2025/02/27 19:27:59.505 +08:00] [DEBUG] [async_producer.go:920] ["producer/broker/0 input chan closed"] [component=sarama]
[2025/02/27 19:27:59.505 +08:00] [DEBUG] [async_producer.go:1020] ["producer/broker/0 shut down"] [component=sarama]
[2025/02/27 19:27:59.605 +08:00] [DEBUG] [sarama.go:129] ["client/metadata fetching metadata for [kafka-test] from broker 127.0.0.1:9092"] [component=sarama]
[2025/02/27 19:27:59.606 +08:00] [DEBUG] [sarama.go:129] ["Connected to broker at 127.0.0.1:9092 (registered as #0)"] [component=sarama]
[2025/02/27 19:27:59.607 +08:00] [DEBUG] [async_producer.go:914] ["producer/broker/0 starting up"] [component=sarama]
[2025/02/27 19:27:59.607 +08:00] [DEBUG] [async_producer.go:930] ["producer/broker/0 state change to [open] on kafka-test/0"] [component=sarama]
[2025/02/27 19:27:59.607 +08:00] [DEBUG] [async_producer.go:624] ["producer/leader/kafka-test/0 selected broker 0"] [component=sarama]
[2025/02/27 19:27:59.607 +08:00] [DEBUG] [async_producer.go:727] ["producer/leader/kafka-test/0 state change to [flushing-1]"] [component=sarama]
[2025/02/27 19:27:59.607 +08:00] [DEBUG] [async_producer.go:749] ["producer/leader/kafka-test/0 state change to [normal]"] [component=sarama]
[2025/02/27 19:27:59.803 +08:00] [DEBUG] [async_producer.go:1192] ["producer/broker/0 state change to [closing] because EOF"] [component=sarama]
[2025/02/27 19:27:59.803 +08:00] [DEBUG] [sarama.go:129] ["Closed connection to broker 127.0.0.1:9092"] [component=sarama]
[2025/02/27 19:27:59.803 +08:00] [DEBUG] [async_producer.go:1192] ["producer/broker/0 state change to [closing] because EOF"] [component=sarama]
[2025/02/27 19:27:59.803 +08:00] [DEBUG] [async_producer.go:711] ["producer/leader/kafka-test/0 state change to [retrying-1]"] [component=sarama]
[2025/02/27 19:27:59.804 +08:00] [DEBUG] [async_producer.go:721] ["producer/leader/kafka-test/0 abandoning broker 0"] [component=sarama]
[2025/02/27 19:27:59.804 +08:00] [DEBUG] [async_producer.go:920] ["producer/broker/0 input chan closed"] [component=sarama]
[2025/02/27 19:27:59.804 +08:00] [DEBUG] [async_producer.go:1020] ["producer/broker/0 shut down"] [component=sarama]
[2025/02/27 19:27:59.904 +08:00] [DEBUG] [sarama.go:129] ["client/metadata fetching metadata for [kafka-test] from broker 127.0.0.1:9092"] [component=sarama]
[2025/02/27 19:27:59.904 +08:00] [DEBUG] [sarama.go:129] ["Connected to broker at 127.0.0.1:9092 (registered as #0)"] [component=sarama]
[2025/02/27 19:27:59.906 +08:00] [DEBUG] [async_producer.go:914] ["producer/broker/0 starting up"] [component=sarama]
[2025/02/27 19:27:59.906 +08:00] [DEBUG] [async_producer.go:930] ["producer/broker/0 state change to [open] on kafka-test/0"] [component=sarama]
[2025/02/27 19:27:59.906 +08:00] [DEBUG] [async_producer.go:624] ["producer/leader/kafka-test/0 selected broker 0"] [component=sarama]
[2025/02/27 19:27:59.906 +08:00] [DEBUG] [async_producer.go:727] ["producer/leader/kafka-test/0 state change to [flushing-1]"] [component=sarama]
[2025/02/27 19:27:59.906 +08:00] [DEBUG] [async_producer.go:749] ["producer/leader/kafka-test/0 state change to [normal]"] [component=sarama]
[2025/02/27 19:27:59.918 +08:00] [DEBUG] [async_producer.go:1192] ["producer/broker/0 state change to [closing] because EOF"] [component=sarama]
[2025/02/27 19:27:59.918 +08:00] [DEBUG] [sarama.go:129] ["Closed connection to broker 127.0.0.1:9092"] [component=sarama]
[2025/02/27 19:27:59.918 +08:00] [DEBUG] [async_producer.go:711] ["producer/leader/kafka-test/0 state change to [retrying-1]"] [component=sarama]
[2025/02/27 19:27:59.918 +08:00] [DEBUG] [async_producer.go:721] ["producer/leader/kafka-test/0 abandoning broker 0"] [component=sarama]
[2025/02/27 19:27:59.918 +08:00] [DEBUG] [async_producer.go:920] ["producer/broker/0 input chan closed"] [component=sarama]
[2025/02/27 19:27:59.918 +08:00] [DEBUG] [async_producer.go:1020] ["producer/broker/0 shut down"] [component=sarama]
[2025/02/27 19:28:00.018 +08:00] [DEBUG] [sarama.go:129] ["client/metadata fetching metadata for [kafka-test] from broker 127.0.0.1:9092"] [component=sarama]
[2025/02/27 19:28:00.019 +08:00] [DEBUG] [sarama.go:129] ["Connected to broker at 127.0.0.1:9092 (registered as #0)"] [component=sarama]
[2025/02/27 19:28:00.026 +08:00] [DEBUG] [async_producer.go:914] ["producer/broker/0 starting up"] [component=sarama]
[2025/02/27 19:28:00.026 +08:00] [DEBUG] [async_producer.go:930] ["producer/broker/0 state change to [open] on kafka-test/0"] [component=sarama]
[2025/02/27 19:28:00.026 +08:00] [DEBUG] [async_producer.go:624] ["producer/leader/kafka-test/0 selected broker 0"] [component=sarama]
[2025/02/27 19:28:00.026 +08:00] [DEBUG] [async_producer.go:727] ["producer/leader/kafka-test/0 state change to [flushing-1]"] [component=sarama]
[2025/02/27 19:28:00.026 +08:00] [DEBUG] [async_producer.go:749] ["producer/leader/kafka-test/0 state change to [normal]"] [component=sarama]
[2025/02/27 19:28:01.422 +08:00] [DEBUG] [async_producer.go:1192] ["producer/broker/0 state change to [closing] because EOF"] [component=sarama]
[2025/02/27 19:28:01.422 +08:00] [DEBUG] [sarama.go:129] ["Closed connection to broker 127.0.0.1:9092"] [component=sarama]
[2025/02/27 19:28:01.422 +08:00] [DEBUG] [async_producer.go:711] ["producer/leader/kafka-test/0 state change to [retrying-1]"] [component=sarama]
[2025/02/27 19:28:01.423 +08:00] [DEBUG] [async_producer.go:721] ["producer/leader/kafka-test/0 abandoning broker 0"] [component=sarama]
[2025/02/27 19:28:01.423 +08:00] [DEBUG] [async_producer.go:920] ["producer/broker/0 input chan closed"] [component=sarama]
[2025/02/27 19:28:01.423 +08:00] [DEBUG] [async_producer.go:1020] ["producer/broker/0 shut down"] [component=sarama]
[2025/02/27 19:28:01.523 +08:00] [DEBUG] [sarama.go:129] ["client/metadata fetching metadata for [kafka-test] from broker 127.0.0.1:9092"] [component=sarama]
[2025/02/27 19:28:01.524 +08:00] [DEBUG] [sarama.go:129] ["Connected to broker at 127.0.0.1:9092 (registered as #0)"] [component=sarama]
[2025/02/27 19:28:01.525 +08:00] [DEBUG] [async_producer.go:914] ["producer/broker/0 starting up"] [component=sarama]
[2025/02/27 19:28:01.525 +08:00] [DEBUG] [async_producer.go:930] ["producer/broker/0 state change to [open] on kafka-test/0"] [component=sarama]
[2025/02/27 19:28:01.525 +08:00] [DEBUG] [async_producer.go:624] ["producer/leader/kafka-test/0 selected broker 0"] [component=sarama]
[2025/02/27 19:28:01.525 +08:00] [DEBUG] [async_producer.go:727] ["producer/leader/kafka-test/0 state change to [flushing-1]"] [component=sarama]
[2025/02/27 19:28:01.525 +08:00] [DEBUG] [async_producer.go:749] ["producer/leader/kafka-test/0 state change to [normal]"] [component=sarama]
[2025/02/27 19:28:01.813 +08:00] [INFO] [main.go:161] ["kafka statistics"] [send_qps=969.6] [acked_qps=969.6] [total_send=19432] [total_acked=19432]
[2025/02/27 19:28:03.489 +08:00] [DEBUG] [async_producer.go:1192] ["producer/broker/0 state change to [closing] because EOF"] [component=sarama]
[2025/02/27 19:28:03.489 +08:00] [DEBUG] [sarama.go:129] ["Closed connection to broker 127.0.0.1:9092"] [component=sarama]
[2025/02/27 19:28:03.489 +08:00] [DEBUG] [async_producer.go:711] ["producer/leader/kafka-test/0 state change to [retrying-1]"] [component=sarama]
[2025/02/27 19:28:03.489 +08:00] [DEBUG] [async_producer.go:721] ["producer/leader/kafka-test/0 abandoning broker 0"] [component=sarama]
[2025/02/27 19:28:03.489 +08:00] [DEBUG] [async_producer.go:920] ["producer/broker/0 input chan closed"] [component=sarama]
[2025/02/27 19:28:03.489 +08:00] [DEBUG] [async_producer.go:1020] ["producer/broker/0 shut down"] [component=sarama]
[2025/02/27 19:28:03.589 +08:00] [DEBUG] [sarama.go:129] ["client/metadata fetching metadata for [kafka-test] from broker 127.0.0.1:9092"] [component=sarama]
[2025/02/27 19:28:03.589 +08:00] [DEBUG] [sarama.go:129] ["Connected to broker at 127.0.0.1:9092 (registered as #0)"] [component=sarama]
[2025/02/27 19:28:03.591 +08:00] [DEBUG] [async_producer.go:914] ["producer/broker/0 starting up"] [component=sarama]
[2025/02/27 19:28:03.591 +08:00] [DEBUG] [async_producer.go:930] ["producer/broker/0 state change to [open] on kafka-test/0"] [component=sarama]
[2025/02/27 19:28:03.592 +08:00] [DEBUG] [async_producer.go:624] ["producer/leader/kafka-test/0 selected broker 0"] [component=sarama]
[2025/02/27 19:28:03.592 +08:00] [DEBUG] [async_producer.go:727] ["producer/leader/kafka-test/0 state change to [flushing-1]"] [component=sarama]
[2025/02/27 19:28:03.592 +08:00] [DEBUG] [async_producer.go:749] ["producer/leader/kafka-test/0 state change to [normal]"] [component=sarama]
[2025/02/27 19:28:03.914 +08:00] [DEBUG] [async_producer.go:1192] ["producer/broker/0 state change to [closing] because EOF"] [component=sarama]
[2025/02/27 19:28:03.914 +08:00] [DEBUG] [sarama.go:129] ["Closed connection to broker 127.0.0.1:9092"] [component=sarama]
[2025/02/27 19:28:03.914 +08:00] [DEBUG] [async_producer.go:711] ["producer/leader/kafka-test/0 state change to [retrying-1]"] [component=sarama]
[2025/02/27 19:28:03.914 +08:00] [DEBUG] [async_producer.go:721] ["producer/leader/kafka-test/0 abandoning broker 0"] [component=sarama]
[2025/02/27 19:28:03.914 +08:00] [DEBUG] [async_producer.go:920] ["producer/broker/0 input chan closed"] [component=sarama]
[2025/02/27 19:28:03.914 +08:00] [DEBUG] [async_producer.go:1020] ["producer/broker/0 shut down"] [component=sarama]
[2025/02/27 19:28:04.014 +08:00] [DEBUG] [sarama.go:129] ["client/metadata fetching metadata for [kafka-test] from broker 127.0.0.1:9092"] [component=sarama]
[2025/02/27 19:28:04.015 +08:00] [DEBUG] [sarama.go:129] ["Connected to broker at 127.0.0.1:9092 (registered as #0)"] [component=sarama]
[2025/02/27 19:28:04.016 +08:00] [DEBUG] [async_producer.go:914] ["producer/broker/0 starting up"] [component=sarama]
[2025/02/27 19:28:04.016 +08:00] [DEBUG] [async_producer.go:930] ["producer/broker/0 state change to [open] on kafka-test/0"] [component=sarama]
[2025/02/27 19:28:04.016 +08:00] [DEBUG] [async_producer.go:624] ["producer/leader/kafka-test/0 selected broker 0"] [component=sarama]
[2025/02/27 19:28:04.016 +08:00] [DEBUG] [async_producer.go:727] ["producer/leader/kafka-test/0 state change to [flushing-1]"] [component=sarama]
[2025/02/27 19:28:04.017 +08:00] [DEBUG] [async_producer.go:749] ["producer/leader/kafka-test/0 state change to [normal]"] [component=sarama]
[2025/02/27 19:28:04.327 +08:00] [DEBUG] [async_producer.go:1192] ["producer/broker/0 state change to [closing] because EOF"] [component=sarama]
[2025/02/27 19:28:04.327 +08:00] [DEBUG] [sarama.go:129] ["Closed connection to broker 127.0.0.1:9092"] [component=sarama]
[2025/02/27 19:28:04.327 +08:00] [DEBUG] [async_producer.go:711] ["producer/leader/kafka-test/0 state change to [retrying-1]"] [component=sarama]
[2025/02/27 19:28:04.327 +08:00] [DEBUG] [async_producer.go:721] ["producer/leader/kafka-test/0 abandoning broker 0"] [component=sarama]
[2025/02/27 19:28:04.327 +08:00] [DEBUG] [async_producer.go:920] ["producer/broker/0 input chan closed"] [component=sarama]
[2025/02/27 19:28:04.327 +08:00] [DEBUG] [async_producer.go:1020] ["producer/broker/0 shut down"] [component=sarama]
[2025/02/27 19:28:04.427 +08:00] [DEBUG] [sarama.go:129] ["client/metadata fetching metadata for [kafka-test] from broker 127.0.0.1:9092"] [component=sarama]
[2025/02/27 19:28:04.428 +08:00] [DEBUG] [sarama.go:129] ["Connected to broker at 127.0.0.1:9092 (registered as #0)"] [component=sarama]
[2025/02/27 19:28:04.428 +08:00] [DEBUG] [async_producer.go:914] ["producer/broker/0 starting up"] [component=sarama]
[2025/02/27 19:28:04.429 +08:00] [DEBUG] [async_producer.go:930] ["producer/broker/0 state change to [open] on kafka-test/0"] [component=sarama]
[2025/02/27 19:28:04.429 +08:00] [DEBUG] [async_producer.go:624] ["producer/leader/kafka-test/0 selected broker 0"] [component=sarama]
[2025/02/27 19:28:04.429 +08:00] [DEBUG] [async_producer.go:727] ["producer/leader/kafka-test/0 state change to [flushing-1]"] [component=sarama]
[2025/02/27 19:28:04.429 +08:00] [DEBUG] [async_producer.go:749] ["producer/leader/kafka-test/0 state change to [normal]"] [component=sarama]
[2025/02/27 19:28:04.851 +08:00] [DEBUG] [async_producer.go:1192] ["producer/broker/0 state change to [closing] because EOF"] [component=sarama]
[2025/02/27 19:28:04.851 +08:00] [DEBUG] [sarama.go:129] ["Closed connection to broker 127.0.0.1:9092"] [component=sarama]
[2025/02/27 19:28:04.851 +08:00] [DEBUG] [async_producer.go:711] ["producer/leader/kafka-test/0 state change to [retrying-1]"] [component=sarama]
[2025/02/27 19:28:04.851 +08:00] [DEBUG] [async_producer.go:721] ["producer/leader/kafka-test/0 abandoning broker 0"] [component=sarama]
[2025/02/27 19:28:04.851 +08:00] [DEBUG] [async_producer.go:920] ["producer/broker/0 input chan closed"] [component=sarama]
[2025/02/27 19:28:04.851 +08:00] [DEBUG] [async_producer.go:1020] ["producer/broker/0 shut down"] [component=sarama]
[2025/02/27 19:28:04.951 +08:00] [DEBUG] [sarama.go:129] ["client/metadata fetching metadata for [kafka-test] from broker 127.0.0.1:9092"] [component=sarama]
[2025/02/27 19:28:04.952 +08:00] [DEBUG] [sarama.go:129] ["Connected to broker at 127.0.0.1:9092 (registered as #0)"] [component=sarama]
[2025/02/27 19:28:04.953 +08:00] [DEBUG] [async_producer.go:914] ["producer/broker/0 starting up"] [component=sarama]
[2025/02/27 19:28:04.953 +08:00] [DEBUG] [async_producer.go:930] ["producer/broker/0 state change to [open] on kafka-test/0"] [component=sarama]
[2025/02/27 19:28:04.953 +08:00] [DEBUG] [async_producer.go:624] ["producer/leader/kafka-test/0 selected broker 0"] [component=sarama]
[2025/02/27 19:28:04.953 +08:00] [DEBUG] [async_producer.go:727] ["producer/leader/kafka-test/0 state change to [flushing-1]"] [component=sarama]
[2025/02/27 19:28:04.953 +08:00] [DEBUG] [async_producer.go:749] ["producer/leader/kafka-test/0 state change to [normal]"] [component=sarama]
[2025/02/27 19:28:05.305 +08:00] [DEBUG] [async_producer.go:1192] ["producer/broker/0 state change to [closing] because EOF"] [component=sarama]
[2025/02/27 19:28:05.305 +08:00] [DEBUG] [sarama.go:129] ["Closed connection to broker 127.0.0.1:9092"] [component=sarama]
[2025/02/27 19:28:05.305 +08:00] [DEBUG] [async_producer.go:711] ["producer/leader/kafka-test/0 state change to [retrying-1]"] [component=sarama]
[2025/02/27 19:28:05.305 +08:00] [DEBUG] [async_producer.go:721] ["producer/leader/kafka-test/0 abandoning broker 0"] [component=sarama]
[2025/02/27 19:28:05.305 +08:00] [DEBUG] [async_producer.go:920] ["producer/broker/0 input chan closed"] [component=sarama]
[2025/02/27 19:28:05.305 +08:00] [DEBUG] [async_producer.go:1020] ["producer/broker/0 shut down"] [component=sarama]
[2025/02/27 19:28:05.405 +08:00] [DEBUG] [sarama.go:129] ["client/metadata fetching metadata for [kafka-test] from broker 127.0.0.1:9092"] [component=sarama]
[2025/02/27 19:28:05.406 +08:00] [DEBUG] [sarama.go:129] ["Connected to broker at 127.0.0.1:9092 (registered as #0)"] [component=sarama]
[2025/02/27 19:28:05.408 +08:00] [DEBUG] [async_producer.go:914] ["producer/broker/0 starting up"] [component=sarama]
[2025/02/27 19:28:05.408 +08:00] [DEBUG] [async_producer.go:930] ["producer/broker/0 state change to [open] on kafka-test/0"] [component=sarama]
[2025/02/27 19:28:05.408 +08:00] [DEBUG] [async_producer.go:624] ["producer/leader/kafka-test/0 selected broker 0"] [component=sarama]
[2025/02/27 19:28:05.408 +08:00] [DEBUG] [async_producer.go:727] ["producer/leader/kafka-test/0 state change to [flushing-1]"] [component=sarama]
[2025/02/27 19:28:05.408 +08:00] [DEBUG] [async_producer.go:749] ["producer/leader/kafka-test/0 state change to [normal]"] [component=sarama]
[2025/02/27 19:28:06.192 +08:00] [DEBUG] [async_producer.go:1192] ["producer/broker/0 state change to [closing] because EOF"] [component=sarama]
[2025/02/27 19:28:06.192 +08:00] [DEBUG] [sarama.go:129] ["Closed connection to broker 127.0.0.1:9092"] [component=sarama]
[2025/02/27 19:28:06.192 +08:00] [DEBUG] [async_producer.go:711] ["producer/leader/kafka-test/0 state change to [retrying-1]"] [component=sarama]
[2025/02/27 19:28:06.192 +08:00] [DEBUG] [async_producer.go:721] ["producer/leader/kafka-test/0 abandoning broker 0"] [component=sarama]
[2025/02/27 19:28:06.192 +08:00] [DEBUG] [async_producer.go:920] ["producer/broker/0 input chan closed"] [component=sarama]
[2025/02/27 19:28:06.192 +08:00] [DEBUG] [async_producer.go:1020] ["producer/broker/0 shut down"] [component=sarama]
[2025/02/27 19:28:06.292 +08:00] [DEBUG] [sarama.go:129] ["client/metadata fetching metadata for [kafka-test] from broker 127.0.0.1:9092"] [component=sarama]
[2025/02/27 19:28:06.293 +08:00] [DEBUG] [sarama.go:129] ["Connected to broker at 127.0.0.1:9092 (registered as #0)"] [component=sarama]
[2025/02/27 19:28:06.294 +08:00] [DEBUG] [async_producer.go:914] ["producer/broker/0 starting up"] [component=sarama]
[2025/02/27 19:28:06.294 +08:00] [DEBUG] [async_producer.go:930] ["producer/broker/0 state change to [open] on kafka-test/0"] [component=sarama]
[2025/02/27 19:28:06.294 +08:00] [DEBUG] [async_producer.go:624] ["producer/leader/kafka-test/0 selected broker 0"] [component=sarama]
[2025/02/27 19:28:06.294 +08:00] [DEBUG] [async_producer.go:727] ["producer/leader/kafka-test/0 state change to [flushing-1]"] [component=sarama]
[2025/02/27 19:28:06.294 +08:00] [DEBUG] [async_producer.go:749] ["producer/leader/kafka-test/0 state change to [normal]"] [component=sarama]
[2025/02/27 19:28:06.567 +08:00] [DEBUG] [async_producer.go:1192] ["producer/broker/0 state change to [closing] because EOF"] [component=sarama]
[2025/02/27 19:28:06.567 +08:00] [DEBUG] [sarama.go:129] ["Closed connection to broker 127.0.0.1:9092"] [component=sarama]
[2025/02/27 19:28:06.567 +08:00] [DEBUG] [async_producer.go:711] ["producer/leader/kafka-test/0 state change to [retrying-1]"] [component=sarama]
[2025/02/27 19:28:06.567 +08:00] [DEBUG] [async_producer.go:721] ["producer/leader/kafka-test/0 abandoning broker 0"] [component=sarama]
[2025/02/27 19:28:06.567 +08:00] [DEBUG] [async_producer.go:920] ["producer/broker/0 input chan closed"] [component=sarama]
[2025/02/27 19:28:06.567 +08:00] [DEBUG] [async_producer.go:1020] ["producer/broker/0 shut down"] [component=sarama]
[2025/02/27 19:28:06.667 +08:00] [DEBUG] [sarama.go:129] ["client/metadata fetching metadata for [kafka-test] from broker 127.0.0.1:9092"] [component=sarama]
[2025/02/27 19:28:06.668 +08:00] [DEBUG] [sarama.go:129] ["Connected to broker at 127.0.0.1:9092 (registered as #0)"] [component=sarama]
[2025/02/27 19:28:06.669 +08:00] [DEBUG] [async_producer.go:914] ["producer/broker/0 starting up"] [component=sarama]
[2025/02/27 19:28:06.669 +08:00] [DEBUG] [async_producer.go:930] ["producer/broker/0 state change to [open] on kafka-test/0"] [component=sarama]
[2025/02/27 19:28:06.669 +08:00] [DEBUG] [async_producer.go:624] ["producer/leader/kafka-test/0 selected broker 0"] [component=sarama]
[2025/02/27 19:28:06.669 +08:00] [DEBUG] [async_producer.go:727] ["producer/leader/kafka-test/0 state change to [flushing-1]"] [component=sarama]
[2025/02/27 19:28:06.669 +08:00] [DEBUG] [async_producer.go:749] ["producer/leader/kafka-test/0 state change to [normal]"] [component=sarama]
[2025/02/27 19:28:06.813 +08:00] [INFO] [main.go:161] ["kafka statistics"] [send_qps=992.6] [acked_qps=992.6] [total_send=24395] [total_acked=24395]
[2025/02/27 19:28:06.826 +08:00] [DEBUG] [async_producer.go:1192] ["producer/broker/0 state change to [closing] because EOF"] [component=sarama]
[2025/02/27 19:28:06.826 +08:00] [DEBUG] [sarama.go:129] ["Closed connection to broker 127.0.0.1:9092"] [component=sarama]
[2025/02/27 19:28:06.826 +08:00] [DEBUG] [async_producer.go:711] ["producer/leader/kafka-test/0 state change to [retrying-1]"] [component=sarama]
[2025/02/27 19:28:06.826 +08:00] [DEBUG] [async_producer.go:721] ["producer/leader/kafka-test/0 abandoning broker 0"] [component=sarama]
[2025/02/27 19:28:06.826 +08:00] [DEBUG] [async_producer.go:920] ["producer/broker/0 input chan closed"] [component=sarama]
[2025/02/27 19:28:06.826 +08:00] [DEBUG] [async_producer.go:1020] ["producer/broker/0 shut down"] [component=sarama]
[2025/02/27 19:28:06.926 +08:00] [DEBUG] [sarama.go:129] ["client/metadata fetching metadata for [kafka-test] from broker 127.0.0.1:9092"] [component=sarama]
[2025/02/27 19:28:06.927 +08:00] [DEBUG] [sarama.go:129] ["Connected to broker at 127.0.0.1:9092 (registered as #0)"] [component=sarama]
[2025/02/27 19:28:06.928 +08:00] [DEBUG] [async_producer.go:914] ["producer/broker/0 starting up"] [component=sarama]
[2025/02/27 19:28:06.928 +08:00] [DEBUG] [async_producer.go:930] ["producer/broker/0 state change to [open] on kafka-test/0"] [component=sarama]
[2025/02/27 19:28:06.928 +08:00] [DEBUG] [async_producer.go:624] ["producer/leader/kafka-test/0 selected broker 0"] [component=sarama]
[2025/02/27 19:28:06.928 +08:00] [DEBUG] [async_producer.go:727] ["producer/leader/kafka-test/0 state change to [flushing-1]"] [component=sarama]
[2025/02/27 19:28:06.928 +08:00] [DEBUG] [async_producer.go:749] ["producer/leader/kafka-test/0 state change to [normal]"] [component=sarama]
[2025/02/27 19:28:08.567 +08:00] [DEBUG] [async_producer.go:1192] ["producer/broker/0 state change to [closing] because EOF"] [component=sarama]
[2025/02/27 19:28:08.567 +08:00] [DEBUG] [sarama.go:129] ["Closed connection to broker 127.0.0.1:9092"] [component=sarama]
[2025/02/27 19:28:08.567 +08:00] [DEBUG] [async_producer.go:711] ["producer/leader/kafka-test/0 state change to [retrying-1]"] [component=sarama]
[2025/02/27 19:28:08.567 +08:00] [DEBUG] [async_producer.go:721] ["producer/leader/kafka-test/0 abandoning broker 0"] [component=sarama]
[2025/02/27 19:28:08.567 +08:00] [DEBUG] [async_producer.go:920] ["producer/broker/0 input chan closed"] [component=sarama]
[2025/02/27 19:28:08.567 +08:00] [DEBUG] [async_producer.go:1020] ["producer/broker/0 shut down"] [component=sarama]
[2025/02/27 19:28:08.667 +08:00] [DEBUG] [sarama.go:129] ["client/metadata fetching metadata for [kafka-test] from broker 127.0.0.1:9092"] [component=sarama]
[2025/02/27 19:28:08.668 +08:00] [DEBUG] [sarama.go:129] ["Connected to broker at 127.0.0.1:9092 (registered as #0)"] [component=sarama]
[2025/02/27 19:28:08.671 +08:00] [DEBUG] [async_producer.go:914] ["producer/broker/0 starting up"] [component=sarama]
[2025/02/27 19:28:08.671 +08:00] [DEBUG] [async_producer.go:930] ["producer/broker/0 state change to [open] on kafka-test/0"] [component=sarama]
[2025/02/27 19:28:08.671 +08:00] [DEBUG] [async_producer.go:624] ["producer/leader/kafka-test/0 selected broker 0"] [component=sarama]
[2025/02/27 19:28:08.671 +08:00] [DEBUG] [async_producer.go:727] ["producer/leader/kafka-test/0 state change to [flushing-1]"] [component=sarama]
[2025/02/27 19:28:08.671 +08:00] [DEBUG] [async_producer.go:749] ["producer/leader/kafka-test/0 state change to [normal]"] [component=sarama]
[2025/02/27 19:28:09.681 +08:00] [DEBUG] [async_producer.go:1192] ["producer/broker/0 state change to [closing] because EOF"] [component=sarama]
[2025/02/27 19:28:09.681 +08:00] [DEBUG] [sarama.go:129] ["Closed connection to broker 127.0.0.1:9092"] [component=sarama]
[2025/02/27 19:28:09.681 +08:00] [DEBUG] [async_producer.go:711] ["producer/leader/kafka-test/0 state change to [retrying-1]"] [component=sarama]
[2025/02/27 19:28:09.681 +08:00] [DEBUG] [async_producer.go:721] ["producer/leader/kafka-test/0 abandoning broker 0"] [component=sarama]
[2025/02/27 19:28:09.681 +08:00] [DEBUG] [async_producer.go:920] ["producer/broker/0 input chan closed"] [component=sarama]
[2025/02/27 19:28:09.681 +08:00] [DEBUG] [async_producer.go:1020] ["producer/broker/0 shut down"] [component=sarama]
[2025/02/27 19:28:09.781 +08:00] [DEBUG] [sarama.go:129] ["client/metadata fetching metadata for [kafka-test] from broker 127.0.0.1:9092"] [component=sarama]
[2025/02/27 19:28:09.782 +08:00] [DEBUG] [sarama.go:129] ["Connected to broker at 127.0.0.1:9092 (registered as #0)"] [component=sarama]
[2025/02/27 19:28:09.783 +08:00] [DEBUG] [async_producer.go:914] ["producer/broker/0 starting up"] [component=sarama]
[2025/02/27 19:28:09.784 +08:00] [DEBUG] [async_producer.go:930] ["producer/broker/0 state change to [open] on kafka-test/0"] [component=sarama]
[2025/02/27 19:28:09.784 +08:00] [DEBUG] [async_producer.go:624] ["producer/leader/kafka-test/0 selected broker 0"] [component=sarama]
[2025/02/27 19:28:09.784 +08:00] [DEBUG] [async_producer.go:727] ["producer/leader/kafka-test/0 state change to [flushing-1]"] [component=sarama]
[2025/02/27 19:28:09.784 +08:00] [DEBUG] [async_producer.go:749] ["producer/leader/kafka-test/0 state change to [normal]"] [component=sarama]
[2025/02/27 19:28:10.320 +08:00] [DEBUG] [async_producer.go:1192] ["producer/broker/0 state change to [closing] because EOF"] [component=sarama]
[2025/02/27 19:28:10.320 +08:00] [DEBUG] [sarama.go:129] ["Closed connection to broker 127.0.0.1:9092"] [component=sarama]
[2025/02/27 19:28:10.320 +08:00] [DEBUG] [async_producer.go:711] ["producer/leader/kafka-test/0 state change to [retrying-1]"] [component=sarama]
[2025/02/27 19:28:10.320 +08:00] [DEBUG] [async_producer.go:721] ["producer/leader/kafka-test/0 abandoning broker 0"] [component=sarama]
[2025/02/27 19:28:10.320 +08:00] [DEBUG] [async_producer.go:920] ["producer/broker/0 input chan closed"] [component=sarama]
[2025/02/27 19:28:10.320 +08:00] [DEBUG] [async_producer.go:1020] ["producer/broker/0 shut down"] [component=sarama]
[2025/02/27 19:28:10.420 +08:00] [DEBUG] [sarama.go:129] ["client/metadata fetching metadata for [kafka-test] from broker 127.0.0.1:9092"] [component=sarama]
[2025/02/27 19:28:10.421 +08:00] [DEBUG] [sarama.go:129] ["Connected to broker at 127.0.0.1:9092 (registered as #0)"] [component=sarama]
[2025/02/27 19:28:10.423 +08:00] [DEBUG] [async_producer.go:914] ["producer/broker/0 starting up"] [component=sarama]
[2025/02/27 19:28:10.423 +08:00] [DEBUG] [async_producer.go:930] ["producer/broker/0 state change to [open] on kafka-test/0"] [component=sarama]
[2025/02/27 19:28:10.423 +08:00] [DEBUG] [async_producer.go:624] ["producer/leader/kafka-test/0 selected broker 0"] [component=sarama]
[2025/02/27 19:28:10.423 +08:00] [DEBUG] [async_producer.go:727] ["producer/leader/kafka-test/0 state change to [flushing-1]"] [component=sarama]
[2025/02/27 19:28:10.423 +08:00] [DEBUG] [async_producer.go:749] ["producer/leader/kafka-test/0 state change to [normal]"] [component=sarama]
[2025/02/27 19:28:11.421 +08:00] [DEBUG] [async_producer.go:1192] ["producer/broker/0 state change to [closing] because EOF"] [component=sarama]
[2025/02/27 19:28:11.421 +08:00] [DEBUG] [sarama.go:129] ["Closed connection to broker 127.0.0.1:9092"] [component=sarama]
[2025/02/27 19:28:11.421 +08:00] [DEBUG] [async_producer.go:711] ["producer/leader/kafka-test/0 state change to [retrying-1]"] [component=sarama]
[2025/02/27 19:28:11.421 +08:00] [DEBUG] [async_producer.go:721] ["producer/leader/kafka-test/0 abandoning broker 0"] [component=sarama]
[2025/02/27 19:28:11.421 +08:00] [DEBUG] [async_producer.go:920] ["producer/broker/0 input chan closed"] [component=sarama]
[2025/02/27 19:28:11.421 +08:00] [DEBUG] [async_producer.go:1020] ["producer/broker/0 shut down"] [component=sarama]
[2025/02/27 19:28:11.521 +08:00] [DEBUG] [sarama.go:129] ["client/metadata fetching metadata for [kafka-test] from broker 127.0.0.1:9092"] [component=sarama]
[2025/02/27 19:28:11.522 +08:00] [DEBUG] [sarama.go:129] ["Connected to broker at 127.0.0.1:9092 (registered as #0)"] [component=sarama]
[2025/02/27 19:28:11.523 +08:00] [DEBUG] [async_producer.go:914] ["producer/broker/0 starting up"] [component=sarama]
[2025/02/27 19:28:11.523 +08:00] [DEBUG] [async_producer.go:930] ["producer/broker/0 state change to [open] on kafka-test/0"] [component=sarama]
[2025/02/27 19:28:11.523 +08:00] [DEBUG] [async_producer.go:624] ["producer/leader/kafka-test/0 selected broker 0"] [component=sarama]
[2025/02/27 19:28:11.523 +08:00] [DEBUG] [async_producer.go:727] ["producer/leader/kafka-test/0 state change to [flushing-1]"] [component=sarama]
[2025/02/27 19:28:11.523 +08:00] [DEBUG] [async_producer.go:749] ["producer/leader/kafka-test/0 state change to [normal]"] [component=sarama]
[2025/02/27 19:28:11.813 +08:00] [INFO] [main.go:161] ["kafka statistics"] [send_qps=983.2] [acked_qps=983.2] [total_send=29311] [total_acked=29311]
[2025/02/27 19:28:12.068 +08:00] [DEBUG] [async_producer.go:1192] ["producer/broker/0 state change to [closing] because EOF"] [component=sarama]
[2025/02/27 19:28:12.068 +08:00] [DEBUG] [sarama.go:129] ["Closed connection to broker 127.0.0.1:9092"] [component=sarama]
[2025/02/27 19:28:12.068 +08:00] [DEBUG] [async_producer.go:711] ["producer/leader/kafka-test/0 state change to [retrying-1]"] [component=sarama]
[2025/02/27 19:28:12.068 +08:00] [DEBUG] [async_producer.go:721] ["producer/leader/kafka-test/0 abandoning broker 0"] [component=sarama]
[2025/02/27 19:28:12.068 +08:00] [DEBUG] [async_producer.go:920] ["producer/broker/0 input chan closed"] [component=sarama]
[2025/02/27 19:28:12.068 +08:00] [DEBUG] [async_producer.go:1020] ["producer/broker/0 shut down"] [component=sarama]
[2025/02/27 19:28:12.168 +08:00] [DEBUG] [sarama.go:129] ["client/metadata fetching metadata for [kafka-test] from broker 127.0.0.1:9092"] [component=sarama]
[2025/02/27 19:28:12.169 +08:00] [DEBUG] [sarama.go:129] ["Connected to broker at 127.0.0.1:9092 (registered as #0)"] [component=sarama]
[2025/02/27 19:28:12.172 +08:00] [DEBUG] [async_producer.go:914] ["producer/broker/0 starting up"] [component=sarama]
[2025/02/27 19:28:12.172 +08:00] [DEBUG] [async_producer.go:930] ["producer/broker/0 state change to [open] on kafka-test/0"] [component=sarama]
[2025/02/27 19:28:12.172 +08:00] [DEBUG] [async_producer.go:624] ["producer/leader/kafka-test/0 selected broker 0"] [component=sarama]
[2025/02/27 19:28:12.172 +08:00] [DEBUG] [async_producer.go:727] ["producer/leader/kafka-test/0 state change to [flushing-1]"] [component=sarama]
[2025/02/27 19:28:12.172 +08:00] [DEBUG] [async_producer.go:749] ["producer/leader/kafka-test/0 state change to [normal]"] [component=sarama]
[2025/02/27 19:28:12.658 +08:00] [DEBUG] [async_producer.go:1192] ["producer/broker/0 state change to [closing] because EOF"] [component=sarama]
[2025/02/27 19:28:12.658 +08:00] [DEBUG] [sarama.go:129] ["Closed connection to broker 127.0.0.1:9092"] [component=sarama]
[2025/02/27 19:28:12.658 +08:00] [DEBUG] [async_producer.go:711] ["producer/leader/kafka-test/0 state change to [retrying-1]"] [component=sarama]
[2025/02/27 19:28:12.658 +08:00] [DEBUG] [async_producer.go:721] ["producer/leader/kafka-test/0 abandoning broker 0"] [component=sarama]
[2025/02/27 19:28:12.658 +08:00] [DEBUG] [async_producer.go:920] ["producer/broker/0 input chan closed"] [component=sarama]
[2025/02/27 19:28:12.658 +08:00] [DEBUG] [async_producer.go:1020] ["producer/broker/0 shut down"] [component=sarama]
[2025/02/27 19:28:12.758 +08:00] [DEBUG] [sarama.go:129] ["client/metadata fetching metadata for [kafka-test] from broker 127.0.0.1:9092"] [component=sarama]
[2025/02/27 19:28:12.759 +08:00] [DEBUG] [sarama.go:129] ["Connected to broker at 127.0.0.1:9092 (registered as #0)"] [component=sarama]
[2025/02/27 19:28:12.760 +08:00] [DEBUG] [async_producer.go:914] ["producer/broker/0 starting up"] [component=sarama]
[2025/02/27 19:28:12.761 +08:00] [DEBUG] [async_producer.go:930] ["producer/broker/0 state change to [open] on kafka-test/0"] [component=sarama]
[2025/02/27 19:28:12.761 +08:00] [DEBUG] [async_producer.go:624] ["producer/leader/kafka-test/0 selected broker 0"] [component=sarama]
[2025/02/27 19:28:12.761 +08:00] [DEBUG] [async_producer.go:727] ["producer/leader/kafka-test/0 state change to [flushing-1]"] [component=sarama]
[2025/02/27 19:28:12.761 +08:00] [DEBUG] [async_producer.go:749] ["producer/leader/kafka-test/0 state change to [normal]"] [component=sarama]
[2025/02/27 19:28:12.974 +08:00] [DEBUG] [async_producer.go:1192] ["producer/broker/0 state change to [closing] because EOF"] [component=sarama]
[2025/02/27 19:28:12.974 +08:00] [DEBUG] [sarama.go:129] ["Closed connection to broker 127.0.0.1:9092"] [component=sarama]
[2025/02/27 19:28:12.974 +08:00] [DEBUG] [async_producer.go:711] ["producer/leader/kafka-test/0 state change to [retrying-1]"] [component=sarama]
[2025/02/27 19:28:12.974 +08:00] [DEBUG] [async_producer.go:721] ["producer/leader/kafka-test/0 abandoning broker 0"] [component=sarama]
[2025/02/27 19:28:12.974 +08:00] [DEBUG] [async_producer.go:920] ["producer/broker/0 input chan closed"] [component=sarama]
[2025/02/27 19:28:12.974 +08:00] [DEBUG] [async_producer.go:1020] ["producer/broker/0 shut down"] [component=sarama]
[2025/02/27 19:28:13.074 +08:00] [DEBUG] [sarama.go:129] ["client/metadata fetching metadata for [kafka-test] from broker 127.0.0.1:9092"] [component=sarama]
[2025/02/27 19:28:13.075 +08:00] [DEBUG] [sarama.go:129] ["Connected to broker at 127.0.0.1:9092 (registered as #0)"] [component=sarama]
[2025/02/27 19:28:13.076 +08:00] [DEBUG] [async_producer.go:914] ["producer/broker/0 starting up"] [component=sarama]
[2025/02/27 19:28:13.076 +08:00] [DEBUG] [async_producer.go:930] ["producer/broker/0 state change to [open] on kafka-test/0"] [component=sarama]
[2025/02/27 19:28:13.076 +08:00] [DEBUG] [async_producer.go:624] ["producer/leader/kafka-test/0 selected broker 0"] [component=sarama]
[2025/02/27 19:28:13.076 +08:00] [DEBUG] [async_producer.go:727] ["producer/leader/kafka-test/0 state change to [flushing-1]"] [component=sarama]
[2025/02/27 19:28:13.077 +08:00] [DEBUG] [async_producer.go:749] ["producer/leader/kafka-test/0 state change to [normal]"] [component=sarama]
[2025/02/27 19:28:14.091 +08:00] [DEBUG] [async_producer.go:1192] ["producer/broker/0 state change to [closing] because EOF"] [component=sarama]
[2025/02/27 19:28:14.091 +08:00] [DEBUG] [sarama.go:129] ["Closed connection to broker 127.0.0.1:9092"] [component=sarama]
[2025/02/27 19:28:14.091 +08:00] [DEBUG] [async_producer.go:711] ["producer/leader/kafka-test/0 state change to [retrying-1]"] [component=sarama]
[2025/02/27 19:28:14.091 +08:00] [DEBUG] [async_producer.go:721] ["producer/leader/kafka-test/0 abandoning broker 0"] [component=sarama]
[2025/02/27 19:28:14.091 +08:00] [DEBUG] [async_producer.go:920] ["producer/broker/0 input chan closed"] [component=sarama]
[2025/02/27 19:28:14.091 +08:00] [DEBUG] [async_producer.go:1020] ["producer/broker/0 shut down"] [component=sarama]
[2025/02/27 19:28:14.192 +08:00] [DEBUG] [sarama.go:129] ["client/metadata fetching metadata for [kafka-test] from broker 127.0.0.1:9092"] [component=sarama]
[2025/02/27 19:28:14.193 +08:00] [DEBUG] [sarama.go:129] ["Connected to broker at 127.0.0.1:9092 (registered as #0)"] [component=sarama]
[2025/02/27 19:28:14.196 +08:00] [DEBUG] [async_producer.go:914] ["producer/broker/0 starting up"] [component=sarama]
[2025/02/27 19:28:14.196 +08:00] [DEBUG] [async_producer.go:930] ["producer/broker/0 state change to [open] on kafka-test/0"] [component=sarama]
[2025/02/27 19:28:14.197 +08:00] [DEBUG] [async_producer.go:624] ["producer/leader/kafka-test/0 selected broker 0"] [component=sarama]
[2025/02/27 19:28:14.197 +08:00] [DEBUG] [async_producer.go:727] ["producer/leader/kafka-test/0 state change to [flushing-1]"] [component=sarama]
[2025/02/27 19:28:14.197 +08:00] [DEBUG] [async_producer.go:749] ["producer/leader/kafka-test/0 state change to [normal]"] [component=sarama]
[2025/02/27 19:28:15.463 +08:00] [DEBUG] [async_producer.go:1192] ["producer/broker/0 state change to [closing] because EOF"] [component=sarama]
[2025/02/27 19:28:15.463 +08:00] [DEBUG] [sarama.go:129] ["Closed connection to broker 127.0.0.1:9092"] [component=sarama]
[2025/02/27 19:28:15.463 +08:00] [DEBUG] [async_producer.go:711] ["producer/leader/kafka-test/0 state change to [retrying-1]"] [component=sarama]
[2025/02/27 19:28:15.463 +08:00] [DEBUG] [async_producer.go:721] ["producer/leader/kafka-test/0 abandoning broker 0"] [component=sarama]
[2025/02/27 19:28:15.463 +08:00] [DEBUG] [async_producer.go:920] ["producer/broker/0 input chan closed"] [component=sarama]
[2025/02/27 19:28:15.463 +08:00] [DEBUG] [async_producer.go:1020] ["producer/broker/0 shut down"] [component=sarama]
[2025/02/27 19:28:15.564 +08:00] [DEBUG] [sarama.go:129] ["client/metadata fetching metadata for [kafka-test] from broker 127.0.0.1:9092"] [component=sarama]
[2025/02/27 19:28:15.564 +08:00] [DEBUG] [sarama.go:129] ["Connected to broker at 127.0.0.1:9092 (registered as #0)"] [component=sarama]
[2025/02/27 19:28:15.565 +08:00] [DEBUG] [async_producer.go:914] ["producer/broker/0 starting up"] [component=sarama]
[2025/02/27 19:28:15.565 +08:00] [DEBUG] [async_producer.go:930] ["producer/broker/0 state change to [open] on kafka-test/0"] [component=sarama]
[2025/02/27 19:28:15.565 +08:00] [DEBUG] [async_producer.go:624] ["producer/leader/kafka-test/0 selected broker 0"] [component=sarama]
[2025/02/27 19:28:15.565 +08:00] [DEBUG] [async_producer.go:727] ["producer/leader/kafka-test/0 state change to [flushing-1]"] [component=sarama]
[2025/02/27 19:28:15.565 +08:00] [DEBUG] [async_producer.go:749] ["producer/leader/kafka-test/0 state change to [normal]"] [component=sarama]
[2025/02/27 19:28:16.814 +08:00] [INFO] [main.go:161] ["kafka statistics"] [send_qps=960.2] [acked_qps=960.2] [total_send=34112] [total_acked=34112]
[2025/02/27 19:28:17.018 +08:00] [DEBUG] [async_producer.go:1192] ["producer/broker/0 state change to [closing] because EOF"] [component=sarama]
[2025/02/27 19:28:17.018 +08:00] [DEBUG] [sarama.go:129] ["Closed connection to broker 127.0.0.1:9092"] [component=sarama]
[2025/02/27 19:28:17.018 +08:00] [DEBUG] [async_producer.go:1192] ["producer/broker/0 state change to [closing] because EOF"] [component=sarama]
[2025/02/27 19:28:17.018 +08:00] [DEBUG] [async_producer.go:711] ["producer/leader/kafka-test/0 state change to [retrying-1]"] [component=sarama]
[2025/02/27 19:28:17.018 +08:00] [DEBUG] [async_producer.go:721] ["producer/leader/kafka-test/0 abandoning broker 0"] [component=sarama]
[2025/02/27 19:28:17.018 +08:00] [DEBUG] [async_producer.go:920] ["producer/broker/0 input chan closed"] [component=sarama]
[2025/02/27 19:28:17.018 +08:00] [DEBUG] [async_producer.go:1020] ["producer/broker/0 shut down"] [component=sarama]
[2025/02/27 19:28:17.118 +08:00] [DEBUG] [sarama.go:129] ["client/metadata fetching metadata for [kafka-test] from broker 127.0.0.1:9092"] [component=sarama]
[2025/02/27 19:28:17.118 +08:00] [DEBUG] [sarama.go:129] ["Connected to broker at 127.0.0.1:9092 (registered as #0)"] [component=sarama]
[2025/02/27 19:28:17.121 +08:00] [DEBUG] [async_producer.go:914] ["producer/broker/0 starting up"] [component=sarama]
[2025/02/27 19:28:17.121 +08:00] [DEBUG] [async_producer.go:930] ["producer/broker/0 state change to [open] on kafka-test/0"] [component=sarama]
[2025/02/27 19:28:17.121 +08:00] [DEBUG] [async_producer.go:624] ["producer/leader/kafka-test/0 selected broker 0"] [component=sarama]
[2025/02/27 19:28:17.121 +08:00] [DEBUG] [async_producer.go:727] ["producer/leader/kafka-test/0 state change to [flushing-1]"] [component=sarama]
[2025/02/27 19:28:17.121 +08:00] [DEBUG] [async_producer.go:749] ["producer/leader/kafka-test/0 state change to [normal]"] [component=sarama]
[2025/02/27 19:28:17.805 +08:00] [DEBUG] [async_producer.go:1192] ["producer/broker/0 state change to [closing] because EOF"] [component=sarama]
[2025/02/27 19:28:17.805 +08:00] [DEBUG] [sarama.go:129] ["Closed connection to broker 127.0.0.1:9092"] [component=sarama]
[2025/02/27 19:28:17.805 +08:00] [DEBUG] [async_producer.go:711] ["producer/leader/kafka-test/0 state change to [retrying-1]"] [component=sarama]
[2025/02/27 19:28:17.806 +08:00] [DEBUG] [async_producer.go:721] ["producer/leader/kafka-test/0 abandoning broker 0"] [component=sarama]
[2025/02/27 19:28:17.806 +08:00] [DEBUG] [async_producer.go:920] ["producer/broker/0 input chan closed"] [component=sarama]
[2025/02/27 19:28:17.806 +08:00] [DEBUG] [async_producer.go:1020] ["producer/broker/0 shut down"] [component=sarama]
[2025/02/27 19:28:17.906 +08:00] [DEBUG] [sarama.go:129] ["client/metadata fetching metadata for [kafka-test] from broker 127.0.0.1:9092"] [component=sarama]
[2025/02/27 19:28:17.906 +08:00] [DEBUG] [sarama.go:129] ["Connected to broker at 127.0.0.1:9092 (registered as #0)"] [component=sarama]
[2025/02/27 19:28:17.908 +08:00] [DEBUG] [async_producer.go:914] ["producer/broker/0 starting up"] [component=sarama]
[2025/02/27 19:28:17.908 +08:00] [DEBUG] [async_producer.go:930] ["producer/broker/0 state change to [open] on kafka-test/0"] [component=sarama]
[2025/02/27 19:28:17.908 +08:00] [DEBUG] [async_producer.go:624] ["producer/leader/kafka-test/0 selected broker 0"] [component=sarama]
[2025/02/27 19:28:17.908 +08:00] [DEBUG] [async_producer.go:727] ["producer/leader/kafka-test/0 state change to [flushing-1]"] [component=sarama]
[2025/02/27 19:28:17.908 +08:00] [DEBUG] [async_producer.go:749] ["producer/leader/kafka-test/0 state change to [normal]"] [component=sarama]
[2025/02/27 19:28:19.488 +08:00] [DEBUG] [async_producer.go:1192] ["producer/broker/0 state change to [closing] because EOF"] [component=sarama]
[2025/02/27 19:28:19.488 +08:00] [DEBUG] [sarama.go:129] ["Closed connection to broker 127.0.0.1:9092"] [component=sarama]
[2025/02/27 19:28:19.488 +08:00] [DEBUG] [async_producer.go:711] ["producer/leader/kafka-test/0 state change to [retrying-1]"] [component=sarama]
[2025/02/27 19:28:19.488 +08:00] [DEBUG] [async_producer.go:721] ["producer/leader/kafka-test/0 abandoning broker 0"] [component=sarama]
[2025/02/27 19:28:19.488 +08:00] [DEBUG] [async_producer.go:920] ["producer/broker/0 input chan closed"] [component=sarama]
[2025/02/27 19:28:19.488 +08:00] [DEBUG] [async_producer.go:1020] ["producer/broker/0 shut down"] [component=sarama]
[2025/02/27 19:28:19.589 +08:00] [DEBUG] [sarama.go:129] ["client/metadata fetching metadata for [kafka-test] from broker 127.0.0.1:9092"] [component=sarama]
[2025/02/27 19:28:19.589 +08:00] [DEBUG] [sarama.go:129] ["Connected to broker at 127.0.0.1:9092 (registered as #0)"] [component=sarama]
[2025/02/27 19:28:19.591 +08:00] [DEBUG] [async_producer.go:914] ["producer/broker/0 starting up"] [component=sarama]
[2025/02/27 19:28:19.591 +08:00] [DEBUG] [async_producer.go:930] ["producer/broker/0 state change to [open] on kafka-test/0"] [component=sarama]
[2025/02/27 19:28:19.591 +08:00] [DEBUG] [async_producer.go:624] ["producer/leader/kafka-test/0 selected broker 0"] [component=sarama]
[2025/02/27 19:28:19.591 +08:00] [DEBUG] [async_producer.go:727] ["producer/leader/kafka-test/0 state change to [flushing-1]"] [component=sarama]
[2025/02/27 19:28:19.591 +08:00] [DEBUG] [async_producer.go:749] ["producer/leader/kafka-test/0 state change to [normal]"] [component=sarama]
[2025/02/27 19:28:20.599 +08:00] [DEBUG] [async_producer.go:1192] ["producer/broker/0 state change to [closing] because EOF"] [component=sarama]
[2025/02/27 19:28:20.599 +08:00] [DEBUG] [sarama.go:129] ["Closed connection to broker 127.0.0.1:9092"] [component=sarama]
[2025/02/27 19:28:20.599 +08:00] [DEBUG] [async_producer.go:711] ["producer/leader/kafka-test/0 state change to [retrying-1]"] [component=sarama]
[2025/02/27 19:28:20.599 +08:00] [DEBUG] [async_producer.go:721] ["producer/leader/kafka-test/0 abandoning broker 0"] [component=sarama]
[2025/02/27 19:28:20.599 +08:00] [DEBUG] [async_producer.go:920] ["producer/broker/0 input chan closed"] [component=sarama]
[2025/02/27 19:28:20.600 +08:00] [DEBUG] [async_producer.go:1020] ["producer/broker/0 shut down"] [component=sarama]
[2025/02/27 19:28:20.700 +08:00] [DEBUG] [sarama.go:129] ["client/metadata fetching metadata for [kafka-test] from broker 127.0.0.1:9092"] [component=sarama]
[2025/02/27 19:28:20.700 +08:00] [DEBUG] [sarama.go:129] ["Connected to broker at 127.0.0.1:9092 (registered as #0)"] [component=sarama]
[2025/02/27 19:28:20.702 +08:00] [DEBUG] [async_producer.go:914] ["producer/broker/0 starting up"] [component=sarama]
[2025/02/27 19:28:20.702 +08:00] [DEBUG] [async_producer.go:930] ["producer/broker/0 state change to [open] on kafka-test/0"] [component=sarama]
[2025/02/27 19:28:20.702 +08:00] [DEBUG] [async_producer.go:624] ["producer/leader/kafka-test/0 selected broker 0"] [component=sarama]
[2025/02/27 19:28:20.702 +08:00] [DEBUG] [async_producer.go:727] ["producer/leader/kafka-test/0 state change to [flushing-1]"] [component=sarama]
[2025/02/27 19:28:20.702 +08:00] [DEBUG] [async_producer.go:749] ["producer/leader/kafka-test/0 state change to [normal]"] [component=sarama]
[2025/02/27 19:28:21.162 +08:00] [DEBUG] [async_producer.go:1192] ["producer/broker/0 state change to [closing] because EOF"] [component=sarama]
[2025/02/27 19:28:21.162 +08:00] [DEBUG] [sarama.go:129] ["Closed connection to broker 127.0.0.1:9092"] [component=sarama]
[2025/02/27 19:28:21.162 +08:00] [DEBUG] [async_producer.go:711] ["producer/leader/kafka-test/0 state change to [retrying-1]"] [component=sarama]
[2025/02/27 19:28:21.162 +08:00] [DEBUG] [async_producer.go:721] ["producer/leader/kafka-test/0 abandoning broker 0"] [component=sarama]
[2025/02/27 19:28:21.163 +08:00] [DEBUG] [async_producer.go:920] ["producer/broker/0 input chan closed"] [component=sarama]
[2025/02/27 19:28:21.163 +08:00] [DEBUG] [async_producer.go:1020] ["producer/broker/0 shut down"] [component=sarama]
[2025/02/27 19:28:21.263 +08:00] [DEBUG] [sarama.go:129] ["client/metadata fetching metadata for [kafka-test] from broker 127.0.0.1:9092"] [component=sarama]
[2025/02/27 19:28:21.263 +08:00] [DEBUG] [sarama.go:129] ["Connected to broker at 127.0.0.1:9092 (registered as #0)"] [component=sarama]
[2025/02/27 19:28:21.265 +08:00] [DEBUG] [async_producer.go:914] ["producer/broker/0 starting up"] [component=sarama]
[2025/02/27 19:28:21.265 +08:00] [DEBUG] [async_producer.go:930] ["producer/broker/0 state change to [open] on kafka-test/0"] [component=sarama]
[2025/02/27 19:28:21.265 +08:00] [DEBUG] [async_producer.go:624] ["producer/leader/kafka-test/0 selected broker 0"] [component=sarama]
[2025/02/27 19:28:21.265 +08:00] [DEBUG] [async_producer.go:727] ["producer/leader/kafka-test/0 state change to [flushing-1]"] [component=sarama]
[2025/02/27 19:28:21.265 +08:00] [DEBUG] [async_producer.go:749] ["producer/leader/kafka-test/0 state change to [normal]"] [component=sarama]
[2025/02/27 19:28:21.814 +08:00] [INFO] [main.go:161] ["kafka statistics"] [send_qps=986.8] [acked_qps=986.6] [total_send=39046] [total_acked=39045]
[2025/02/27 19:28:23.811 +08:00] [DEBUG] [async_producer.go:1192] ["producer/broker/0 state change to [closing] because EOF"] [component=sarama]
[2025/02/27 19:28:23.812 +08:00] [DEBUG] [sarama.go:129] ["Closed connection to broker 127.0.0.1:9092"] [component=sarama]
[2025/02/27 19:28:23.812 +08:00] [DEBUG] [async_producer.go:711] ["producer/leader/kafka-test/0 state change to [retrying-1]"] [component=sarama]
[2025/02/27 19:28:23.812 +08:00] [DEBUG] [async_producer.go:721] ["producer/leader/kafka-test/0 abandoning broker 0"] [component=sarama]
[2025/02/27 19:28:23.812 +08:00] [DEBUG] [async_producer.go:920] ["producer/broker/0 input chan closed"] [component=sarama]
[2025/02/27 19:28:23.812 +08:00] [DEBUG] [async_producer.go:1020] ["producer/broker/0 shut down"] [component=sarama]
[2025/02/27 19:28:23.912 +08:00] [DEBUG] [sarama.go:129] ["client/metadata fetching metadata for [kafka-test] from broker 127.0.0.1:9092"] [component=sarama]
[2025/02/27 19:28:23.912 +08:00] [DEBUG] [sarama.go:129] ["Connected to broker at 127.0.0.1:9092 (registered as #0)"] [component=sarama]
[2025/02/27 19:28:23.916 +08:00] [DEBUG] [async_producer.go:914] ["producer/broker/0 starting up"] [component=sarama]
[2025/02/27 19:28:23.916 +08:00] [DEBUG] [async_producer.go:930] ["producer/broker/0 state change to [open] on kafka-test/0"] [component=sarama]
[2025/02/27 19:28:23.916 +08:00] [DEBUG] [async_producer.go:624] ["producer/leader/kafka-test/0 selected broker 0"] [component=sarama]
[2025/02/27 19:28:23.916 +08:00] [DEBUG] [async_producer.go:727] ["producer/leader/kafka-test/0 state change to [flushing-1]"] [component=sarama]
[2025/02/27 19:28:23.916 +08:00] [DEBUG] [async_producer.go:749] ["producer/leader/kafka-test/0 state change to [normal]"] [component=sarama]
[2025/02/27 19:28:24.597 +08:00] [DEBUG] [async_producer.go:1192] ["producer/broker/0 state change to [closing] because EOF"] [component=sarama]
[2025/02/27 19:28:24.597 +08:00] [DEBUG] [sarama.go:129] ["Closed connection to broker 127.0.0.1:9092"] [component=sarama]
[2025/02/27 19:28:24.597 +08:00] [DEBUG] [async_producer.go:711] ["producer/leader/kafka-test/0 state change to [retrying-1]"] [component=sarama]
[2025/02/27 19:28:24.597 +08:00] [DEBUG] [async_producer.go:721] ["producer/leader/kafka-test/0 abandoning broker 0"] [component=sarama]
[2025/02/27 19:28:24.597 +08:00] [DEBUG] [async_producer.go:920] ["producer/broker/0 input chan closed"] [component=sarama]
[2025/02/27 19:28:24.597 +08:00] [DEBUG] [async_producer.go:1020] ["producer/broker/0 shut down"] [component=sarama]
[2025/02/27 19:28:24.698 +08:00] [DEBUG] [sarama.go:129] ["client/metadata fetching metadata for [kafka-test] from broker 127.0.0.1:9092"] [component=sarama]
[2025/02/27 19:28:24.698 +08:00] [DEBUG] [sarama.go:129] ["Connected to broker at 127.0.0.1:9092 (registered as #0)"] [component=sarama]
[2025/02/27 19:28:24.700 +08:00] [DEBUG] [async_producer.go:914] ["producer/broker/0 starting up"] [component=sarama]
[2025/02/27 19:28:24.700 +08:00] [DEBUG] [async_producer.go:930] ["producer/broker/0 state change to [open] on kafka-test/0"] [component=sarama]
[2025/02/27 19:28:24.700 +08:00] [DEBUG] [async_producer.go:624] ["producer/leader/kafka-test/0 selected broker 0"] [component=sarama]
[2025/02/27 19:28:24.701 +08:00] [DEBUG] [async_producer.go:727] ["producer/leader/kafka-test/0 state change to [flushing-1]"] [component=sarama]
[2025/02/27 19:28:24.701 +08:00] [DEBUG] [async_producer.go:749] ["producer/leader/kafka-test/0 state change to [normal]"] [component=sarama]
[2025/02/27 19:28:24.877 +08:00] [DEBUG] [async_producer.go:1192] ["producer/broker/0 state change to [closing] because EOF"] [component=sarama]
[2025/02/27 19:28:24.877 +08:00] [DEBUG] [sarama.go:129] ["Closed connection to broker 127.0.0.1:9092"] [component=sarama]
[2025/02/27 19:28:24.877 +08:00] [DEBUG] [async_producer.go:711] ["producer/leader/kafka-test/0 state change to [retrying-1]"] [component=sarama]
[2025/02/27 19:28:24.877 +08:00] [DEBUG] [async_producer.go:721] ["producer/leader/kafka-test/0 abandoning broker 0"] [component=sarama]
[2025/02/27 19:28:24.877 +08:00] [DEBUG] [async_producer.go:920] ["producer/broker/0 input chan closed"] [component=sarama]
[2025/02/27 19:28:24.878 +08:00] [DEBUG] [async_producer.go:1020] ["producer/broker/0 shut down"] [component=sarama]
[2025/02/27 19:28:24.978 +08:00] [DEBUG] [sarama.go:129] ["client/metadata fetching metadata for [kafka-test] from broker 127.0.0.1:9092"] [component=sarama]
[2025/02/27 19:28:24.978 +08:00] [DEBUG] [sarama.go:129] ["Connected to broker at 127.0.0.1:9092 (registered as #0)"] [component=sarama]
[2025/02/27 19:28:24.980 +08:00] [DEBUG] [async_producer.go:914] ["producer/broker/0 starting up"] [component=sarama]
[2025/02/27 19:28:24.980 +08:00] [DEBUG] [async_producer.go:930] ["producer/broker/0 state change to [open] on kafka-test/0"] [component=sarama]
[2025/02/27 19:28:24.980 +08:00] [DEBUG] [async_producer.go:624] ["producer/leader/kafka-test/0 selected broker 0"] [component=sarama]
[2025/02/27 19:28:24.980 +08:00] [DEBUG] [async_producer.go:727] ["producer/leader/kafka-test/0 state change to [flushing-1]"] [component=sarama]
[2025/02/27 19:28:24.980 +08:00] [DEBUG] [async_producer.go:749] ["producer/leader/kafka-test/0 state change to [normal]"] [component=sarama]
[2025/02/27 19:28:25.342 +08:00] [DEBUG] [async_producer.go:1192] ["producer/broker/0 state change to [closing] because EOF"] [component=sarama]
[2025/02/27 19:28:25.342 +08:00] [DEBUG] [sarama.go:129] ["Closed connection to broker 127.0.0.1:9092"] [component=sarama]
[2025/02/27 19:28:25.342 +08:00] [DEBUG] [async_producer.go:711] ["producer/leader/kafka-test/0 state change to [retrying-1]"] [component=sarama]
[2025/02/27 19:28:25.343 +08:00] [DEBUG] [async_producer.go:721] ["producer/leader/kafka-test/0 abandoning broker 0"] [component=sarama]
[2025/02/27 19:28:25.343 +08:00] [DEBUG] [async_producer.go:920] ["producer/broker/0 input chan closed"] [component=sarama]
[2025/02/27 19:28:25.343 +08:00] [DEBUG] [async_producer.go:1020] ["producer/broker/0 shut down"] [component=sarama]
[2025/02/27 19:28:25.443 +08:00] [DEBUG] [sarama.go:129] ["client/metadata fetching metadata for [kafka-test] from broker 127.0.0.1:9092"] [component=sarama]
[2025/02/27 19:28:25.443 +08:00] [DEBUG] [sarama.go:129] ["Connected to broker at 127.0.0.1:9092 (registered as #0)"] [component=sarama]
[2025/02/27 19:28:25.447 +08:00] [DEBUG] [async_producer.go:914] ["producer/broker/0 starting up"] [component=sarama]
[2025/02/27 19:28:25.447 +08:00] [DEBUG] [async_producer.go:930] ["producer/broker/0 state change to [open] on kafka-test/0"] [component=sarama]
[2025/02/27 19:28:25.447 +08:00] [DEBUG] [async_producer.go:624] ["producer/leader/kafka-test/0 selected broker 0"] [component=sarama]
[2025/02/27 19:28:25.447 +08:00] [DEBUG] [async_producer.go:727] ["producer/leader/kafka-test/0 state change to [flushing-1]"] [component=sarama]
[2025/02/27 19:28:25.448 +08:00] [DEBUG] [async_producer.go:749] ["producer/leader/kafka-test/0 state change to [normal]"] [component=sarama]
[2025/02/27 19:28:25.594 +08:00] [DEBUG] [async_producer.go:1192] ["producer/broker/0 state change to [closing] because EOF"] [component=sarama]
[2025/02/27 19:28:25.594 +08:00] [DEBUG] [sarama.go:129] ["Closed connection to broker 127.0.0.1:9092"] [component=sarama]
[2025/02/27 19:28:25.594 +08:00] [DEBUG] [async_producer.go:711] ["producer/leader/kafka-test/0 state change to [retrying-1]"] [component=sarama]
[2025/02/27 19:28:25.594 +08:00] [DEBUG] [async_producer.go:721] ["producer/leader/kafka-test/0 abandoning broker 0"] [component=sarama]
[2025/02/27 19:28:25.594 +08:00] [DEBUG] [async_producer.go:920] ["producer/broker/0 input chan closed"] [component=sarama]
[2025/02/27 19:28:25.594 +08:00] [DEBUG] [async_producer.go:1020] ["producer/broker/0 shut down"] [component=sarama]
[2025/02/27 19:28:25.694 +08:00] [DEBUG] [sarama.go:129] ["client/metadata fetching metadata for [kafka-test] from broker 127.0.0.1:9092"] [component=sarama]
[2025/02/27 19:28:25.695 +08:00] [DEBUG] [sarama.go:129] ["Connected to broker at 127.0.0.1:9092 (registered as #0)"] [component=sarama]
[2025/02/27 19:28:25.696 +08:00] [DEBUG] [async_producer.go:914] ["producer/broker/0 starting up"] [component=sarama]
[2025/02/27 19:28:25.696 +08:00] [DEBUG] [async_producer.go:930] ["producer/broker/0 state change to [open] on kafka-test/0"] [component=sarama]
[2025/02/27 19:28:25.696 +08:00] [DEBUG] [async_producer.go:624] ["producer/leader/kafka-test/0 selected broker 0"] [component=sarama]
[2025/02/27 19:28:25.696 +08:00] [DEBUG] [async_producer.go:727] ["producer/leader/kafka-test/0 state change to [flushing-1]"] [component=sarama]
[2025/02/27 19:28:25.696 +08:00] [DEBUG] [async_producer.go:749] ["producer/leader/kafka-test/0 state change to [normal]"] [component=sarama]
[2025/02/27 19:28:26.814 +08:00] [INFO] [main.go:161] ["kafka statistics"] [send_qps=992.2] [acked_qps=992.2] [total_send=44007] [total_acked=44006]
[2025/02/27 19:28:26.900 +08:00] [DEBUG] [async_producer.go:1192] ["producer/broker/0 state change to [closing] because EOF"] [component=sarama]
[2025/02/27 19:28:26.900 +08:00] [DEBUG] [sarama.go:129] ["Closed connection to broker 127.0.0.1:9092"] [component=sarama]
[2025/02/27 19:28:26.900 +08:00] [DEBUG] [async_producer.go:711] ["producer/leader/kafka-test/0 state change to [retrying-1]"] [component=sarama]
[2025/02/27 19:28:26.900 +08:00] [DEBUG] [async_producer.go:721] ["producer/leader/kafka-test/0 abandoning broker 0"] [component=sarama]
[2025/02/27 19:28:26.900 +08:00] [DEBUG] [async_producer.go:920] ["producer/broker/0 input chan closed"] [component=sarama]
[2025/02/27 19:28:26.901 +08:00] [DEBUG] [async_producer.go:1020] ["producer/broker/0 shut down"] [component=sarama]
[2025/02/27 19:28:27.001 +08:00] [DEBUG] [sarama.go:129] ["client/metadata fetching metadata for [kafka-test] from broker 127.0.0.1:9092"] [component=sarama]
[2025/02/27 19:28:27.001 +08:00] [DEBUG] [sarama.go:129] ["Connected to broker at 127.0.0.1:9092 (registered as #0)"] [component=sarama]
[2025/02/27 19:28:27.003 +08:00] [DEBUG] [async_producer.go:914] ["producer/broker/0 starting up"] [component=sarama]
[2025/02/27 19:28:27.003 +08:00] [DEBUG] [async_producer.go:930] ["producer/broker/0 state change to [open] on kafka-test/0"] [component=sarama]
[2025/02/27 19:28:27.003 +08:00] [DEBUG] [async_producer.go:624] ["producer/leader/kafka-test/0 selected broker 0"] [component=sarama]
[2025/02/27 19:28:27.003 +08:00] [DEBUG] [async_producer.go:727] ["producer/leader/kafka-test/0 state change to [flushing-1]"] [component=sarama]
[2025/02/27 19:28:27.003 +08:00] [DEBUG] [async_producer.go:749] ["producer/leader/kafka-test/0 state change to [normal]"] [component=sarama]
[2025/02/27 19:28:30.195 +08:00] [DEBUG] [async_producer.go:1192] ["producer/broker/0 state change to [closing] because EOF"] [component=sarama]
[2025/02/27 19:28:30.196 +08:00] [DEBUG] [sarama.go:129] ["Closed connection to broker 127.0.0.1:9092"] [component=sarama]
[2025/02/27 19:28:30.196 +08:00] [DEBUG] [async_producer.go:711] ["producer/leader/kafka-test/0 state change to [retrying-1]"] [component=sarama]
[2025/02/27 19:28:30.196 +08:00] [DEBUG] [async_producer.go:721] ["producer/leader/kafka-test/0 abandoning broker 0"] [component=sarama]
[2025/02/27 19:28:30.196 +08:00] [DEBUG] [async_producer.go:920] ["producer/broker/0 input chan closed"] [component=sarama]
[2025/02/27 19:28:30.196 +08:00] [DEBUG] [async_producer.go:1020] ["producer/broker/0 shut down"] [component=sarama]
[2025/02/27 19:28:30.296 +08:00] [DEBUG] [sarama.go:129] ["client/metadata fetching metadata for [kafka-test] from broker 127.0.0.1:9092"] [component=sarama]
[2025/02/27 19:28:30.296 +08:00] [DEBUG] [sarama.go:129] ["Connected to broker at 127.0.0.1:9092 (registered as #0)"] [component=sarama]
[2025/02/27 19:28:30.298 +08:00] [DEBUG] [async_producer.go:914] ["producer/broker/0 starting up"] [component=sarama]
[2025/02/27 19:28:30.298 +08:00] [DEBUG] [async_producer.go:930] ["producer/broker/0 state change to [open] on kafka-test/0"] [component=sarama]
[2025/02/27 19:28:30.298 +08:00] [DEBUG] [async_producer.go:624] ["producer/leader/kafka-test/0 selected broker 0"] [component=sarama]
[2025/02/27 19:28:30.298 +08:00] [DEBUG] [async_producer.go:727] ["producer/leader/kafka-test/0 state change to [flushing-1]"] [component=sarama]
[2025/02/27 19:28:30.298 +08:00] [DEBUG] [async_producer.go:749] ["producer/leader/kafka-test/0 state change to [normal]"] [component=sarama]
[2025/02/27 19:28:31.084 +08:00] [DEBUG] [async_producer.go:1192] ["producer/broker/0 state change to [closing] because EOF"] [component=sarama]
[2025/02/27 19:28:31.084 +08:00] [DEBUG] [sarama.go:129] ["Closed connection to broker 127.0.0.1:9092"] [component=sarama]
[2025/02/27 19:28:31.084 +08:00] [DEBUG] [async_producer.go:711] ["producer/leader/kafka-test/0 state change to [retrying-1]"] [component=sarama]
[2025/02/27 19:28:31.084 +08:00] [DEBUG] [async_producer.go:721] ["producer/leader/kafka-test/0 abandoning broker 0"] [component=sarama]
[2025/02/27 19:28:31.084 +08:00] [DEBUG] [async_producer.go:920] ["producer/broker/0 input chan closed"] [component=sarama]
[2025/02/27 19:28:31.084 +08:00] [DEBUG] [async_producer.go:1020] ["producer/broker/0 shut down"] [component=sarama]
[2025/02/27 19:28:31.184 +08:00] [DEBUG] [sarama.go:129] ["client/metadata fetching metadata for [kafka-test] from broker 127.0.0.1:9092"] [component=sarama]
[2025/02/27 19:28:31.184 +08:00] [DEBUG] [sarama.go:129] ["Connected to broker at 127.0.0.1:9092 (registered as #0)"] [component=sarama]
[2025/02/27 19:28:31.185 +08:00] [DEBUG] [async_producer.go:914] ["producer/broker/0 starting up"] [component=sarama]
[2025/02/27 19:28:31.186 +08:00] [DEBUG] [async_producer.go:930] ["producer/broker/0 state change to [open] on kafka-test/0"] [component=sarama]
[2025/02/27 19:28:31.186 +08:00] [DEBUG] [async_producer.go:624] ["producer/leader/kafka-test/0 selected broker 0"] [component=sarama]
[2025/02/27 19:28:31.186 +08:00] [DEBUG] [async_producer.go:727] ["producer/leader/kafka-test/0 state change to [flushing-1]"] [component=sarama]
[2025/02/27 19:28:31.186 +08:00] [DEBUG] [async_producer.go:749] ["producer/leader/kafka-test/0 state change to [normal]"] [component=sarama]
[2025/02/27 19:28:31.814 +08:00] [INFO] [main.go:161] ["kafka statistics"] [send_qps=983.2] [acked_qps=983.4] [total_send=48923] [total_acked=48923]
[2025/02/27 19:28:32.264 +08:00] [DEBUG] [async_producer.go:1192] ["producer/broker/0 state change to [closing] because EOF"] [component=sarama]
[2025/02/27 19:28:32.265 +08:00] [DEBUG] [sarama.go:129] ["Closed connection to broker 127.0.0.1:9092"] [component=sarama]
[2025/02/27 19:28:32.265 +08:00] [DEBUG] [async_producer.go:711] ["producer/leader/kafka-test/0 state change to [retrying-1]"] [component=sarama]
[2025/02/27 19:28:32.265 +08:00] [DEBUG] [async_producer.go:721] ["producer/leader/kafka-test/0 abandoning broker 0"] [component=sarama]
[2025/02/27 19:28:32.265 +08:00] [DEBUG] [async_producer.go:920] ["producer/broker/0 input chan closed"] [component=sarama]
[2025/02/27 19:28:32.265 +08:00] [DEBUG] [async_producer.go:1020] ["producer/broker/0 shut down"] [component=sarama]
[2025/02/27 19:28:32.365 +08:00] [DEBUG] [sarama.go:129] ["client/metadata fetching metadata for [kafka-test] from broker 127.0.0.1:9092"] [component=sarama]
[2025/02/27 19:28:32.365 +08:00] [DEBUG] [sarama.go:129] ["Connected to broker at 127.0.0.1:9092 (registered as #0)"] [component=sarama]
[2025/02/27 19:28:32.367 +08:00] [DEBUG] [async_producer.go:914] ["producer/broker/0 starting up"] [component=sarama]
[2025/02/27 19:28:32.367 +08:00] [DEBUG] [async_producer.go:930] ["producer/broker/0 state change to [open] on kafka-test/0"] [component=sarama]
[2025/02/27 19:28:32.367 +08:00] [DEBUG] [async_producer.go:624] ["producer/leader/kafka-test/0 selected broker 0"] [component=sarama]
[2025/02/27 19:28:32.367 +08:00] [DEBUG] [async_producer.go:727] ["producer/leader/kafka-test/0 state change to [flushing-1]"] [component=sarama]
[2025/02/27 19:28:32.367 +08:00] [DEBUG] [async_producer.go:749] ["producer/leader/kafka-test/0 state change to [normal]"] [component=sarama]
[2025/02/27 19:28:33.601 +08:00] [DEBUG] [async_producer.go:1192] ["producer/broker/0 state change to [closing] because EOF"] [component=sarama]
[2025/02/27 19:28:33.602 +08:00] [DEBUG] [sarama.go:129] ["Closed connection to broker 127.0.0.1:9092"] [component=sarama]
[2025/02/27 19:28:33.602 +08:00] [DEBUG] [async_producer.go:711] ["producer/leader/kafka-test/0 state change to [retrying-1]"] [component=sarama]
[2025/02/27 19:28:33.602 +08:00] [DEBUG] [async_producer.go:721] ["producer/leader/kafka-test/0 abandoning broker 0"] [component=sarama]
[2025/02/27 19:28:33.602 +08:00] [DEBUG] [async_producer.go:920] ["producer/broker/0 input chan closed"] [component=sarama]
[2025/02/27 19:28:33.602 +08:00] [DEBUG] [async_producer.go:1020] ["producer/broker/0 shut down"] [component=sarama]
[2025/02/27 19:28:33.702 +08:00] [DEBUG] [sarama.go:129] ["client/metadata fetching metadata for [kafka-test] from broker 127.0.0.1:9092"] [component=sarama]
[2025/02/27 19:28:33.702 +08:00] [DEBUG] [sarama.go:129] ["Connected to broker at 127.0.0.1:9092 (registered as #0)"] [component=sarama]
[2025/02/27 19:28:33.703 +08:00] [DEBUG] [async_producer.go:914] ["producer/broker/0 starting up"] [component=sarama]
[2025/02/27 19:28:33.704 +08:00] [DEBUG] [async_producer.go:930] ["producer/broker/0 state change to [open] on kafka-test/0"] [component=sarama]
[2025/02/27 19:28:33.704 +08:00] [DEBUG] [async_producer.go:624] ["producer/leader/kafka-test/0 selected broker 0"] [component=sarama]
[2025/02/27 19:28:33.704 +08:00] [DEBUG] [async_producer.go:727] ["producer/leader/kafka-test/0 state change to [flushing-1]"] [component=sarama]
[2025/02/27 19:28:33.704 +08:00] [DEBUG] [async_producer.go:749] ["producer/leader/kafka-test/0 state change to [normal]"] [component=sarama]
[2025/02/27 19:28:33.830 +08:00] [DEBUG] [async_producer.go:1192] ["producer/broker/0 state change to [closing] because EOF"] [component=sarama]
[2025/02/27 19:28:33.830 +08:00] [DEBUG] [sarama.go:129] ["Closed connection to broker 127.0.0.1:9092"] [component=sarama]
[2025/02/27 19:28:33.831 +08:00] [DEBUG] [async_producer.go:711] ["producer/leader/kafka-test/0 state change to [retrying-1]"] [component=sarama]
[2025/02/27 19:28:33.831 +08:00] [DEBUG] [async_producer.go:721] ["producer/leader/kafka-test/0 abandoning broker 0"] [component=sarama]
[2025/02/27 19:28:33.831 +08:00] [DEBUG] [async_producer.go:920] ["producer/broker/0 input chan closed"] [component=sarama]
[2025/02/27 19:28:33.831 +08:00] [DEBUG] [async_producer.go:1020] ["producer/broker/0 shut down"] [component=sarama]
[2025/02/27 19:28:33.931 +08:00] [DEBUG] [sarama.go:129] ["client/metadata fetching metadata for [kafka-test] from broker 127.0.0.1:9092"] [component=sarama]
[2025/02/27 19:28:33.931 +08:00] [DEBUG] [sarama.go:129] ["Connected to broker at 127.0.0.1:9092 (registered as #0)"] [component=sarama]
[2025/02/27 19:28:33.932 +08:00] [DEBUG] [async_producer.go:914] ["producer/broker/0 starting up"] [component=sarama]
[2025/02/27 19:28:33.933 +08:00] [DEBUG] [async_producer.go:930] ["producer/broker/0 state change to [open] on kafka-test/0"] [component=sarama]
[2025/02/27 19:28:33.933 +08:00] [DEBUG] [async_producer.go:624] ["producer/leader/kafka-test/0 selected broker 0"] [component=sarama]
[2025/02/27 19:28:33.933 +08:00] [DEBUG] [async_producer.go:727] ["producer/leader/kafka-test/0 state change to [flushing-1]"] [component=sarama]
[2025/02/27 19:28:33.933 +08:00] [DEBUG] [async_producer.go:749] ["producer/leader/kafka-test/0 state change to [normal]"] [component=sarama]
[2025/02/27 19:28:34.822 +08:00] [DEBUG] [async_producer.go:1192] ["producer/broker/0 state change to [closing] because EOF"] [component=sarama]
[2025/02/27 19:28:34.823 +08:00] [DEBUG] [sarama.go:129] ["Closed connection to broker 127.0.0.1:9092"] [component=sarama]
[2025/02/27 19:28:34.823 +08:00] [DEBUG] [async_producer.go:711] ["producer/leader/kafka-test/0 state change to [retrying-1]"] [component=sarama]
[2025/02/27 19:28:34.823 +08:00] [DEBUG] [async_producer.go:721] ["producer/leader/kafka-test/0 abandoning broker 0"] [component=sarama]
[2025/02/27 19:28:34.823 +08:00] [DEBUG] [async_producer.go:920] ["producer/broker/0 input chan closed"] [component=sarama]
[2025/02/27 19:28:34.823 +08:00] [DEBUG] [async_producer.go:1020] ["producer/broker/0 shut down"] [component=sarama]
[2025/02/27 19:28:34.923 +08:00] [DEBUG] [sarama.go:129] ["client/metadata fetching metadata for [kafka-test] from broker 127.0.0.1:9092"] [component=sarama]
[2025/02/27 19:28:34.923 +08:00] [DEBUG] [sarama.go:129] ["Connected to broker at 127.0.0.1:9092 (registered as #0)"] [component=sarama]
[2025/02/27 19:28:34.924 +08:00] [DEBUG] [async_producer.go:914] ["producer/broker/0 starting up"] [component=sarama]
[2025/02/27 19:28:34.924 +08:00] [DEBUG] [async_producer.go:930] ["producer/broker/0 state change to [open] on kafka-test/0"] [component=sarama]
[2025/02/27 19:28:34.924 +08:00] [DEBUG] [async_producer.go:624] ["producer/leader/kafka-test/0 selected broker 0"] [component=sarama]
[2025/02/27 19:28:34.924 +08:00] [DEBUG] [async_producer.go:727] ["producer/leader/kafka-test/0 state change to [flushing-1]"] [component=sarama]
[2025/02/27 19:28:34.924 +08:00] [DEBUG] [async_producer.go:749] ["producer/leader/kafka-test/0 state change to [normal]"] [component=sarama]
[2025/02/27 19:28:35.254 +08:00] [DEBUG] [async_producer.go:1192] ["producer/broker/0 state change to [closing] because EOF"] [component=sarama]
[2025/02/27 19:28:35.255 +08:00] [DEBUG] [sarama.go:129] ["Closed connection to broker 127.0.0.1:9092"] [component=sarama]
[2025/02/27 19:28:35.255 +08:00] [DEBUG] [async_producer.go:711] ["producer/leader/kafka-test/0 state change to [retrying-1]"] [component=sarama]
[2025/02/27 19:28:35.255 +08:00] [DEBUG] [async_producer.go:721] ["producer/leader/kafka-test/0 abandoning broker 0"] [component=sarama]
[2025/02/27 19:28:35.255 +08:00] [DEBUG] [async_producer.go:920] ["producer/broker/0 input chan closed"] [component=sarama]
[2025/02/27 19:28:35.255 +08:00] [DEBUG] [async_producer.go:1020] ["producer/broker/0 shut down"] [component=sarama]
[2025/02/27 19:28:35.355 +08:00] [DEBUG] [sarama.go:129] ["client/metadata fetching metadata for [kafka-test] from broker 127.0.0.1:9092"] [component=sarama]
[2025/02/27 19:28:35.355 +08:00] [DEBUG] [sarama.go:129] ["Connected to broker at 127.0.0.1:9092 (registered as #0)"] [component=sarama]
[2025/02/27 19:28:35.358 +08:00] [DEBUG] [async_producer.go:914] ["producer/broker/0 starting up"] [component=sarama]
[2025/02/27 19:28:35.358 +08:00] [DEBUG] [async_producer.go:930] ["producer/broker/0 state change to [open] on kafka-test/0"] [component=sarama]
[2025/02/27 19:28:35.358 +08:00] [DEBUG] [async_producer.go:624] ["producer/leader/kafka-test/0 selected broker 0"] [component=sarama]
[2025/02/27 19:28:35.358 +08:00] [DEBUG] [async_producer.go:727] ["producer/leader/kafka-test/0 state change to [flushing-1]"] [component=sarama]
[2025/02/27 19:28:35.358 +08:00] [DEBUG] [async_producer.go:749] ["producer/leader/kafka-test/0 state change to [normal]"] [component=sarama]
[2025/02/27 19:28:35.738 +08:00] [DEBUG] [async_producer.go:1192] ["producer/broker/0 state change to [closing] because EOF"] [component=sarama]
[2025/02/27 19:28:35.738 +08:00] [DEBUG] [sarama.go:129] ["Closed connection to broker 127.0.0.1:9092"] [component=sarama]
[2025/02/27 19:28:35.738 +08:00] [DEBUG] [async_producer.go:711] ["producer/leader/kafka-test/0 state change to [retrying-1]"] [component=sarama]
[2025/02/27 19:28:35.738 +08:00] [DEBUG] [async_producer.go:721] ["producer/leader/kafka-test/0 abandoning broker 0"] [component=sarama]
[2025/02/27 19:28:35.738 +08:00] [DEBUG] [async_producer.go:920] ["producer/broker/0 input chan closed"] [component=sarama]
[2025/02/27 19:28:35.738 +08:00] [DEBUG] [async_producer.go:1020] ["producer/broker/0 shut down"] [component=sarama]
[2025/02/27 19:28:35.838 +08:00] [DEBUG] [sarama.go:129] ["client/metadata fetching metadata for [kafka-test] from broker 127.0.0.1:9092"] [component=sarama]
[2025/02/27 19:28:35.838 +08:00] [DEBUG] [sarama.go:129] ["Connected to broker at 127.0.0.1:9092 (registered as #0)"] [component=sarama]
[2025/02/27 19:28:35.840 +08:00] [DEBUG] [async_producer.go:914] ["producer/broker/0 starting up"] [component=sarama]
[2025/02/27 19:28:35.840 +08:00] [DEBUG] [async_producer.go:930] ["producer/broker/0 state change to [open] on kafka-test/0"] [component=sarama]
[2025/02/27 19:28:35.840 +08:00] [DEBUG] [async_producer.go:624] ["producer/leader/kafka-test/0 selected broker 0"] [component=sarama]
[2025/02/27 19:28:35.840 +08:00] [DEBUG] [async_producer.go:727] ["producer/leader/kafka-test/0 state change to [flushing-1]"] [component=sarama]
[2025/02/27 19:28:35.840 +08:00] [DEBUG] [async_producer.go:749] ["producer/leader/kafka-test/0 state change to [normal]"] [component=sarama]
[2025/02/27 19:28:35.984 +08:00] [DEBUG] [async_producer.go:1192] ["producer/broker/0 state change to [closing] because EOF"] [component=sarama]
[2025/02/27 19:28:35.985 +08:00] [DEBUG] [sarama.go:129] ["Closed connection to broker 127.0.0.1:9092"] [component=sarama]
[2025/02/27 19:28:35.985 +08:00] [DEBUG] [async_producer.go:711] ["producer/leader/kafka-test/0 state change to [retrying-1]"] [component=sarama]
[2025/02/27 19:28:35.985 +08:00] [DEBUG] [async_producer.go:721] ["producer/leader/kafka-test/0 abandoning broker 0"] [component=sarama]
[2025/02/27 19:28:35.985 +08:00] [DEBUG] [async_producer.go:920] ["producer/broker/0 input chan closed"] [component=sarama]
[2025/02/27 19:28:35.985 +08:00] [DEBUG] [async_producer.go:1020] ["producer/broker/0 shut down"] [component=sarama]
[2025/02/27 19:28:36.085 +08:00] [DEBUG] [sarama.go:129] ["client/metadata fetching metadata for [kafka-test] from broker 127.0.0.1:9092"] [component=sarama]
[2025/02/27 19:28:36.086 +08:00] [DEBUG] [sarama.go:129] ["Connected to broker at 127.0.0.1:9092 (registered as #0)"] [component=sarama]
[2025/02/27 19:28:36.087 +08:00] [DEBUG] [async_producer.go:914] ["producer/broker/0 starting up"] [component=sarama]
[2025/02/27 19:28:36.087 +08:00] [DEBUG] [async_producer.go:930] ["producer/broker/0 state change to [open] on kafka-test/0"] [component=sarama]
[2025/02/27 19:28:36.087 +08:00] [DEBUG] [async_producer.go:624] ["producer/leader/kafka-test/0 selected broker 0"] [component=sarama]
[2025/02/27 19:28:36.087 +08:00] [DEBUG] [async_producer.go:727] ["producer/leader/kafka-test/0 state change to [flushing-1]"] [component=sarama]
[2025/02/27 19:28:36.087 +08:00] [DEBUG] [async_producer.go:749] ["producer/leader/kafka-test/0 state change to [normal]"] [component=sarama]
[2025/02/27 19:28:36.814 +08:00] [INFO] [main.go:161] ["kafka statistics"] [send_qps=995.4] [acked_qps=995.4] [total_send=53900] [total_acked=53900]
[2025/02/27 19:28:36.889 +08:00] [DEBUG] [async_producer.go:1192] ["producer/broker/0 state change to [closing] because EOF"] [component=sarama]
[2025/02/27 19:28:36.890 +08:00] [DEBUG] [sarama.go:129] ["Closed connection to broker 127.0.0.1:9092"] [component=sarama]
[2025/02/27 19:28:36.890 +08:00] [DEBUG] [async_producer.go:711] ["producer/leader/kafka-test/0 state change to [retrying-1]"] [component=sarama]
[2025/02/27 19:28:36.890 +08:00] [DEBUG] [async_producer.go:721] ["producer/leader/kafka-test/0 abandoning broker 0"] [component=sarama]
[2025/02/27 19:28:36.890 +08:00] [DEBUG] [async_producer.go:920] ["producer/broker/0 input chan closed"] [component=sarama]
[2025/02/27 19:28:36.890 +08:00] [DEBUG] [async_producer.go:1020] ["producer/broker/0 shut down"] [component=sarama]
[2025/02/27 19:28:36.990 +08:00] [DEBUG] [sarama.go:129] ["client/metadata fetching metadata for [kafka-test] from broker 127.0.0.1:9092"] [component=sarama]
[2025/02/27 19:28:36.991 +08:00] [DEBUG] [sarama.go:129] ["Connected to broker at 127.0.0.1:9092 (registered as #0)"] [component=sarama]
[2025/02/27 19:28:36.996 +08:00] [DEBUG] [async_producer.go:914] ["producer/broker/0 starting up"] [component=sarama]
[2025/02/27 19:28:36.996 +08:00] [DEBUG] [async_producer.go:930] ["producer/broker/0 state change to [open] on kafka-test/0"] [component=sarama]
[2025/02/27 19:28:36.996 +08:00] [DEBUG] [async_producer.go:624] ["producer/leader/kafka-test/0 selected broker 0"] [component=sarama]
[2025/02/27 19:28:36.996 +08:00] [DEBUG] [async_producer.go:727] ["producer/leader/kafka-test/0 state change to [flushing-1]"] [component=sarama]
[2025/02/27 19:28:36.996 +08:00] [DEBUG] [async_producer.go:749] ["producer/leader/kafka-test/0 state change to [normal]"] [component=sarama]
[2025/02/27 19:28:37.562 +08:00] [DEBUG] [async_producer.go:1192] ["producer/broker/0 state change to [closing] because EOF"] [component=sarama]
[2025/02/27 19:28:37.562 +08:00] [DEBUG] [sarama.go:129] ["Closed connection to broker 127.0.0.1:9092"] [component=sarama]
[2025/02/27 19:28:37.562 +08:00] [DEBUG] [async_producer.go:711] ["producer/leader/kafka-test/0 state change to [retrying-1]"] [component=sarama]
[2025/02/27 19:28:37.562 +08:00] [DEBUG] [async_producer.go:721] ["producer/leader/kafka-test/0 abandoning broker 0"] [component=sarama]
[2025/02/27 19:28:37.562 +08:00] [DEBUG] [async_producer.go:920] ["producer/broker/0 input chan closed"] [component=sarama]
[2025/02/27 19:28:37.562 +08:00] [DEBUG] [async_producer.go:1020] ["producer/broker/0 shut down"] [component=sarama]
[2025/02/27 19:28:37.662 +08:00] [DEBUG] [sarama.go:129] ["client/metadata fetching metadata for [kafka-test] from broker 127.0.0.1:9092"] [component=sarama]
[2025/02/27 19:28:37.663 +08:00] [DEBUG] [sarama.go:129] ["Connected to broker at 127.0.0.1:9092 (registered as #0)"] [component=sarama]
[2025/02/27 19:28:37.668 +08:00] [DEBUG] [async_producer.go:914] ["producer/broker/0 starting up"] [component=sarama]
[2025/02/27 19:28:37.668 +08:00] [DEBUG] [async_producer.go:930] ["producer/broker/0 state change to [open] on kafka-test/0"] [component=sarama]
[2025/02/27 19:28:37.668 +08:00] [DEBUG] [async_producer.go:624] ["producer/leader/kafka-test/0 selected broker 0"] [component=sarama]
[2025/02/27 19:28:37.668 +08:00] [DEBUG] [async_producer.go:727] ["producer/leader/kafka-test/0 state change to [flushing-1]"] [component=sarama]
[2025/02/27 19:28:37.668 +08:00] [DEBUG] [async_producer.go:749] ["producer/leader/kafka-test/0 state change to [normal]"] [component=sarama]
[2025/02/27 19:28:38.064 +08:00] [DEBUG] [async_producer.go:1192] ["producer/broker/0 state change to [closing] because EOF"] [component=sarama]
[2025/02/27 19:28:38.064 +08:00] [DEBUG] [sarama.go:129] ["Closed connection to broker 127.0.0.1:9092"] [component=sarama]
[2025/02/27 19:28:38.064 +08:00] [DEBUG] [async_producer.go:711] ["producer/leader/kafka-test/0 state change to [retrying-1]"] [component=sarama]
[2025/02/27 19:28:38.064 +08:00] [DEBUG] [async_producer.go:721] ["producer/leader/kafka-test/0 abandoning broker 0"] [component=sarama]
[2025/02/27 19:28:38.064 +08:00] [DEBUG] [async_producer.go:920] ["producer/broker/0 input chan closed"] [component=sarama]
[2025/02/27 19:28:38.064 +08:00] [DEBUG] [async_producer.go:1020] ["producer/broker/0 shut down"] [component=sarama]
[2025/02/27 19:28:38.164 +08:00] [DEBUG] [sarama.go:129] ["client/metadata fetching metadata for [kafka-test] from broker 127.0.0.1:9092"] [component=sarama]
[2025/02/27 19:28:38.164 +08:00] [DEBUG] [sarama.go:129] ["Connected to broker at 127.0.0.1:9092 (registered as #0)"] [component=sarama]
[2025/02/27 19:28:38.166 +08:00] [DEBUG] [async_producer.go:914] ["producer/broker/0 starting up"] [component=sarama]
[2025/02/27 19:28:38.166 +08:00] [DEBUG] [async_producer.go:930] ["producer/broker/0 state change to [open] on kafka-test/0"] [component=sarama]
[2025/02/27 19:28:38.166 +08:00] [DEBUG] [async_producer.go:624] ["producer/leader/kafka-test/0 selected broker 0"] [component=sarama]
[2025/02/27 19:28:38.166 +08:00] [DEBUG] [async_producer.go:727] ["producer/leader/kafka-test/0 state change to [flushing-1]"] [component=sarama]
[2025/02/27 19:28:38.166 +08:00] [DEBUG] [async_producer.go:749] ["producer/leader/kafka-test/0 state change to [normal]"] [component=sarama]
[2025/02/27 19:28:38.846 +08:00] [DEBUG] [async_producer.go:1192] ["producer/broker/0 state change to [closing] because EOF"] [component=sarama]
[2025/02/27 19:28:38.846 +08:00] [DEBUG] [sarama.go:129] ["Closed connection to broker 127.0.0.1:9092"] [component=sarama]
[2025/02/27 19:28:38.846 +08:00] [DEBUG] [async_producer.go:711] ["producer/leader/kafka-test/0 state change to [retrying-1]"] [component=sarama]
[2025/02/27 19:28:38.846 +08:00] [DEBUG] [async_producer.go:721] ["producer/leader/kafka-test/0 abandoning broker 0"] [component=sarama]
[2025/02/27 19:28:38.846 +08:00] [DEBUG] [async_producer.go:920] ["producer/broker/0 input chan closed"] [component=sarama]
[2025/02/27 19:28:38.846 +08:00] [DEBUG] [async_producer.go:1020] ["producer/broker/0 shut down"] [component=sarama]
[2025/02/27 19:28:38.946 +08:00] [DEBUG] [sarama.go:129] ["client/metadata fetching metadata for [kafka-test] from broker 127.0.0.1:9092"] [component=sarama]
[2025/02/27 19:28:38.946 +08:00] [DEBUG] [sarama.go:129] ["Connected to broker at 127.0.0.1:9092 (registered as #0)"] [component=sarama]
[2025/02/27 19:28:38.949 +08:00] [DEBUG] [async_producer.go:914] ["producer/broker/0 starting up"] [component=sarama]
[2025/02/27 19:28:38.949 +08:00] [DEBUG] [async_producer.go:930] ["producer/broker/0 state change to [open] on kafka-test/0"] [component=sarama]
[2025/02/27 19:28:38.949 +08:00] [DEBUG] [async_producer.go:624] ["producer/leader/kafka-test/0 selected broker 0"] [component=sarama]
[2025/02/27 19:28:38.949 +08:00] [DEBUG] [async_producer.go:727] ["producer/leader/kafka-test/0 state change to [flushing-1]"] [component=sarama]
[2025/02/27 19:28:38.949 +08:00] [DEBUG] [async_producer.go:749] ["producer/leader/kafka-test/0 state change to [normal]"] [component=sarama]
[2025/02/27 19:28:41.814 +08:00] [INFO] [main.go:161] ["kafka statistics"] [send_qps=991.4] [acked_qps=991.4] [total_send=58857] [total_acked=58857]
[2025/02/27 19:28:46.031 +08:00] [DEBUG] [async_producer.go:1192] ["producer/broker/0 state change to [closing] because EOF"] [component=sarama]
[2025/02/27 19:28:46.031 +08:00] [DEBUG] [sarama.go:129] ["Closed connection to broker 127.0.0.1:9092"] [component=sarama]
[2025/02/27 19:28:46.031 +08:00] [DEBUG] [async_producer.go:711] ["producer/leader/kafka-test/0 state change to [retrying-1]"] [component=sarama]
[2025/02/27 19:28:46.031 +08:00] [DEBUG] [async_producer.go:721] ["producer/leader/kafka-test/0 abandoning broker 0"] [component=sarama]
[2025/02/27 19:28:46.031 +08:00] [DEBUG] [async_producer.go:920] ["producer/broker/0 input chan closed"] [component=sarama]
[2025/02/27 19:28:46.031 +08:00] [DEBUG] [async_producer.go:1020] ["producer/broker/0 shut down"] [component=sarama]
[2025/02/27 19:28:46.133 +08:00] [DEBUG] [sarama.go:129] ["client/metadata fetching metadata for [kafka-test] from broker 127.0.0.1:9092"] [component=sarama]
[2025/02/27 19:28:46.134 +08:00] [DEBUG] [sarama.go:129] ["Connected to broker at 127.0.0.1:9092 (registered as #0)"] [component=sarama]
[2025/02/27 19:28:46.135 +08:00] [DEBUG] [async_producer.go:914] ["producer/broker/0 starting up"] [component=sarama]
[2025/02/27 19:28:46.135 +08:00] [DEBUG] [async_producer.go:930] ["producer/broker/0 state change to [open] on kafka-test/0"] [component=sarama]
[2025/02/27 19:28:46.135 +08:00] [DEBUG] [async_producer.go:624] ["producer/leader/kafka-test/0 selected broker 0"] [component=sarama]
[2025/02/27 19:28:46.135 +08:00] [DEBUG] [async_producer.go:727] ["producer/leader/kafka-test/0 state change to [flushing-1]"] [component=sarama]
[2025/02/27 19:28:46.135 +08:00] [DEBUG] [async_producer.go:749] ["producer/leader/kafka-test/0 state change to [normal]"] [component=sarama]
[2025/02/27 19:28:46.814 +08:00] [INFO] [main.go:161] ["kafka statistics"] [send_qps=989] [acked_qps=989] [total_send=63802] [total_acked=63802]
[2025/02/27 19:28:47.392 +08:00] [DEBUG] [async_producer.go:1192] ["producer/broker/0 state change to [closing] because EOF"] [component=sarama]
[2025/02/27 19:28:47.393 +08:00] [DEBUG] [sarama.go:129] ["Closed connection to broker 127.0.0.1:9092"] [component=sarama]
[2025/02/27 19:28:47.393 +08:00] [DEBUG] [async_producer.go:711] ["producer/leader/kafka-test/0 state change to [retrying-1]"] [component=sarama]
[2025/02/27 19:28:47.393 +08:00] [DEBUG] [async_producer.go:721] ["producer/leader/kafka-test/0 abandoning broker 0"] [component=sarama]
[2025/02/27 19:28:47.393 +08:00] [DEBUG] [async_producer.go:920] ["producer/broker/0 input chan closed"] [component=sarama]
[2025/02/27 19:28:47.393 +08:00] [DEBUG] [async_producer.go:1020] ["producer/broker/0 shut down"] [component=sarama]
[2025/02/27 19:28:47.493 +08:00] [DEBUG] [sarama.go:129] ["client/metadata fetching metadata for [kafka-test] from broker 127.0.0.1:9092"] [component=sarama]
[2025/02/27 19:28:47.494 +08:00] [DEBUG] [sarama.go:129] ["Connected to broker at 127.0.0.1:9092 (registered as #0)"] [component=sarama]
[2025/02/27 19:28:47.495 +08:00] [DEBUG] [async_producer.go:914] ["producer/broker/0 starting up"] [component=sarama]
[2025/02/27 19:28:47.495 +08:00] [DEBUG] [async_producer.go:930] ["producer/broker/0 state change to [open] on kafka-test/0"] [component=sarama]
[2025/02/27 19:28:47.495 +08:00] [DEBUG] [async_producer.go:624] ["producer/leader/kafka-test/0 selected broker 0"] [component=sarama]
[2025/02/27 19:28:47.495 +08:00] [DEBUG] [async_producer.go:727] ["producer/leader/kafka-test/0 state change to [flushing-1]"] [component=sarama]
[2025/02/27 19:28:47.495 +08:00] [DEBUG] [async_producer.go:749] ["producer/leader/kafka-test/0 state change to [normal]"] [component=sarama]
[2025/02/27 19:28:48.672 +08:00] [DEBUG] [async_producer.go:1192] ["producer/broker/0 state change to [closing] because EOF"] [component=sarama]
[2025/02/27 19:28:48.672 +08:00] [DEBUG] [sarama.go:129] ["Closed connection to broker 127.0.0.1:9092"] [component=sarama]
[2025/02/27 19:28:48.672 +08:00] [DEBUG] [async_producer.go:711] ["producer/leader/kafka-test/0 state change to [retrying-1]"] [component=sarama]
[2025/02/27 19:28:48.672 +08:00] [DEBUG] [async_producer.go:721] ["producer/leader/kafka-test/0 abandoning broker 0"] [component=sarama]
[2025/02/27 19:28:48.672 +08:00] [DEBUG] [async_producer.go:920] ["producer/broker/0 input chan closed"] [component=sarama]
[2025/02/27 19:28:48.672 +08:00] [DEBUG] [async_producer.go:1020] ["producer/broker/0 shut down"] [component=sarama]
[2025/02/27 19:28:48.772 +08:00] [DEBUG] [sarama.go:129] ["client/metadata fetching metadata for [kafka-test] from broker 127.0.0.1:9092"] [component=sarama]
[2025/02/27 19:28:48.773 +08:00] [DEBUG] [sarama.go:129] ["Connected to broker at 127.0.0.1:9092 (registered as #0)"] [component=sarama]
[2025/02/27 19:28:48.775 +08:00] [DEBUG] [async_producer.go:914] ["producer/broker/0 starting up"] [component=sarama]
[2025/02/27 19:28:48.775 +08:00] [DEBUG] [async_producer.go:930] ["producer/broker/0 state change to [open] on kafka-test/0"] [component=sarama]
[2025/02/27 19:28:48.775 +08:00] [DEBUG] [async_producer.go:624] ["producer/leader/kafka-test/0 selected broker 0"] [component=sarama]
[2025/02/27 19:28:48.775 +08:00] [DEBUG] [async_producer.go:727] ["producer/leader/kafka-test/0 state change to [flushing-1]"] [component=sarama]
[2025/02/27 19:28:48.775 +08:00] [DEBUG] [async_producer.go:749] ["producer/leader/kafka-test/0 state change to [normal]"] [component=sarama]
[2025/02/27 19:28:49.469 +08:00] [DEBUG] [async_producer.go:1192] ["producer/broker/0 state change to [closing] because EOF"] [component=sarama]
[2025/02/27 19:28:49.469 +08:00] [DEBUG] [sarama.go:129] ["Closed connection to broker 127.0.0.1:9092"] [component=sarama]
[2025/02/27 19:28:49.469 +08:00] [DEBUG] [async_producer.go:711] ["producer/leader/kafka-test/0 state change to [retrying-1]"] [component=sarama]
[2025/02/27 19:28:49.469 +08:00] [DEBUG] [async_producer.go:721] ["producer/leader/kafka-test/0 abandoning broker 0"] [component=sarama]
[2025/02/27 19:28:49.469 +08:00] [DEBUG] [async_producer.go:920] ["producer/broker/0 input chan closed"] [component=sarama]
[2025/02/27 19:28:49.469 +08:00] [DEBUG] [async_producer.go:1020] ["producer/broker/0 shut down"] [component=sarama]
[2025/02/27 19:28:49.569 +08:00] [DEBUG] [sarama.go:129] ["client/metadata fetching metadata for [kafka-test] from broker 127.0.0.1:9092"] [component=sarama]
[2025/02/27 19:28:49.570 +08:00] [DEBUG] [sarama.go:129] ["Connected to broker at 127.0.0.1:9092 (registered as #0)"] [component=sarama]
[2025/02/27 19:28:49.571 +08:00] [DEBUG] [async_producer.go:914] ["producer/broker/0 starting up"] [component=sarama]
[2025/02/27 19:28:49.571 +08:00] [DEBUG] [async_producer.go:930] ["producer/broker/0 state change to [open] on kafka-test/0"] [component=sarama]
[2025/02/27 19:28:49.571 +08:00] [DEBUG] [async_producer.go:624] ["producer/leader/kafka-test/0 selected broker 0"] [component=sarama]
[2025/02/27 19:28:49.571 +08:00] [DEBUG] [async_producer.go:727] ["producer/leader/kafka-test/0 state change to [flushing-1]"] [component=sarama]
[2025/02/27 19:28:49.571 +08:00] [DEBUG] [async_producer.go:749] ["producer/leader/kafka-test/0 state change to [normal]"] [component=sarama]
[2025/02/27 19:28:50.090 +08:00] [DEBUG] [async_producer.go:1192] ["producer/broker/0 state change to [closing] because EOF"] [component=sarama]
[2025/02/27 19:28:50.090 +08:00] [DEBUG] [sarama.go:129] ["Closed connection to broker 127.0.0.1:9092"] [component=sarama]
[2025/02/27 19:28:50.090 +08:00] [DEBUG] [async_producer.go:711] ["producer/leader/kafka-test/0 state change to [retrying-1]"] [component=sarama]
[2025/02/27 19:28:50.090 +08:00] [DEBUG] [async_producer.go:721] ["producer/leader/kafka-test/0 abandoning broker 0"] [component=sarama]
[2025/02/27 19:28:50.090 +08:00] [DEBUG] [async_producer.go:920] ["producer/broker/0 input chan closed"] [component=sarama]
[2025/02/27 19:28:50.090 +08:00] [DEBUG] [async_producer.go:1020] ["producer/broker/0 shut down"] [component=sarama]
[2025/02/27 19:28:50.191 +08:00] [DEBUG] [sarama.go:129] ["client/metadata fetching metadata for [kafka-test] from broker 127.0.0.1:9092"] [component=sarama]
[2025/02/27 19:28:50.191 +08:00] [DEBUG] [sarama.go:129] ["Connected to broker at 127.0.0.1:9092 (registered as #0)"] [component=sarama]
[2025/02/27 19:28:50.193 +08:00] [DEBUG] [async_producer.go:914] ["producer/broker/0 starting up"] [component=sarama]
[2025/02/27 19:28:50.193 +08:00] [DEBUG] [async_producer.go:930] ["producer/broker/0 state change to [open] on kafka-test/0"] [component=sarama]
[2025/02/27 19:28:50.193 +08:00] [DEBUG] [async_producer.go:624] ["producer/leader/kafka-test/0 selected broker 0"] [component=sarama]
[2025/02/27 19:28:50.193 +08:00] [DEBUG] [async_producer.go:727] ["producer/leader/kafka-test/0 state change to [flushing-1]"] [component=sarama]
[2025/02/27 19:28:50.193 +08:00] [DEBUG] [async_producer.go:749] ["producer/leader/kafka-test/0 state change to [normal]"] [component=sarama]
[2025/02/27 19:28:50.321 +08:00] [DEBUG] [async_producer.go:1192] ["producer/broker/0 state change to [closing] because EOF"] [component=sarama]
[2025/02/27 19:28:50.321 +08:00] [DEBUG] [sarama.go:129] ["Closed connection to broker 127.0.0.1:9092"] [component=sarama]
[2025/02/27 19:28:50.321 +08:00] [DEBUG] [async_producer.go:711] ["producer/leader/kafka-test/0 state change to [retrying-1]"] [component=sarama]
[2025/02/27 19:28:50.321 +08:00] [DEBUG] [async_producer.go:721] ["producer/leader/kafka-test/0 abandoning broker 0"] [component=sarama]
[2025/02/27 19:28:50.321 +08:00] [DEBUG] [async_producer.go:920] ["producer/broker/0 input chan closed"] [component=sarama]
[2025/02/27 19:28:50.321 +08:00] [DEBUG] [async_producer.go:1020] ["producer/broker/0 shut down"] [component=sarama]
[2025/02/27 19:28:50.421 +08:00] [DEBUG] [sarama.go:129] ["client/metadata fetching metadata for [kafka-test] from broker 127.0.0.1:9092"] [component=sarama]
[2025/02/27 19:28:50.422 +08:00] [DEBUG] [sarama.go:129] ["Connected to broker at 127.0.0.1:9092 (registered as #0)"] [component=sarama]
[2025/02/27 19:28:50.423 +08:00] [DEBUG] [async_producer.go:914] ["producer/broker/0 starting up"] [component=sarama]
[2025/02/27 19:28:50.423 +08:00] [DEBUG] [async_producer.go:930] ["producer/broker/0 state change to [open] on kafka-test/0"] [component=sarama]
[2025/02/27 19:28:50.423 +08:00] [DEBUG] [async_producer.go:624] ["producer/leader/kafka-test/0 selected broker 0"] [component=sarama]
[2025/02/27 19:28:50.423 +08:00] [DEBUG] [async_producer.go:727] ["producer/leader/kafka-test/0 state change to [flushing-1]"] [component=sarama]
[2025/02/27 19:28:50.423 +08:00] [DEBUG] [async_producer.go:749] ["producer/leader/kafka-test/0 state change to [normal]"] [component=sarama]
[2025/02/27 19:28:50.523 +08:00] [DEBUG] [async_producer.go:1192] ["producer/broker/0 state change to [closing] because EOF"] [component=sarama]
[2025/02/27 19:28:50.523 +08:00] [DEBUG] [sarama.go:129] ["Closed connection to broker 127.0.0.1:9092"] [component=sarama]
[2025/02/27 19:28:50.523 +08:00] [DEBUG] [async_producer.go:711] ["producer/leader/kafka-test/0 state change to [retrying-1]"] [component=sarama]
[2025/02/27 19:28:50.523 +08:00] [DEBUG] [async_producer.go:721] ["producer/leader/kafka-test/0 abandoning broker 0"] [component=sarama]
[2025/02/27 19:28:50.523 +08:00] [DEBUG] [async_producer.go:920] ["producer/broker/0 input chan closed"] [component=sarama]
[2025/02/27 19:28:50.523 +08:00] [DEBUG] [async_producer.go:1020] ["producer/broker/0 shut down"] [component=sarama]
[2025/02/27 19:28:50.623 +08:00] [DEBUG] [sarama.go:129] ["client/metadata fetching metadata for [kafka-test] from broker 127.0.0.1:9092"] [component=sarama]
[2025/02/27 19:28:50.624 +08:00] [DEBUG] [sarama.go:129] ["Connected to broker at 127.0.0.1:9092 (registered as #0)"] [component=sarama]
[2025/02/27 19:28:50.628 +08:00] [DEBUG] [async_producer.go:914] ["producer/broker/0 starting up"] [component=sarama]
[2025/02/27 19:28:50.628 +08:00] [DEBUG] [async_producer.go:930] ["producer/broker/0 state change to [open] on kafka-test/0"] [component=sarama]
[2025/02/27 19:28:50.628 +08:00] [DEBUG] [async_producer.go:624] ["producer/leader/kafka-test/0 selected broker 0"] [component=sarama]
[2025/02/27 19:28:50.628 +08:00] [DEBUG] [async_producer.go:727] ["producer/leader/kafka-test/0 state change to [flushing-1]"] [component=sarama]
[2025/02/27 19:28:50.628 +08:00] [DEBUG] [async_producer.go:749] ["producer/leader/kafka-test/0 state change to [normal]"] [component=sarama]
[2025/02/27 19:28:50.984 +08:00] [DEBUG] [async_producer.go:1192] ["producer/broker/0 state change to [closing] because EOF"] [component=sarama]
[2025/02/27 19:28:50.984 +08:00] [DEBUG] [sarama.go:129] ["Closed connection to broker 127.0.0.1:9092"] [component=sarama]
[2025/02/27 19:28:50.984 +08:00] [DEBUG] [async_producer.go:711] ["producer/leader/kafka-test/0 state change to [retrying-1]"] [component=sarama]
[2025/02/27 19:28:50.984 +08:00] [DEBUG] [async_producer.go:721] ["producer/leader/kafka-test/0 abandoning broker 0"] [component=sarama]
[2025/02/27 19:28:50.984 +08:00] [DEBUG] [async_producer.go:920] ["producer/broker/0 input chan closed"] [component=sarama]
[2025/02/27 19:28:50.984 +08:00] [DEBUG] [async_producer.go:1020] ["producer/broker/0 shut down"] [component=sarama]
[2025/02/27 19:28:51.084 +08:00] [DEBUG] [sarama.go:129] ["client/metadata fetching metadata for [kafka-test] from broker 127.0.0.1:9092"] [component=sarama]
[2025/02/27 19:28:51.084 +08:00] [DEBUG] [sarama.go:129] ["Connected to broker at 127.0.0.1:9092 (registered as #0)"] [component=sarama]
[2025/02/27 19:28:51.085 +08:00] [DEBUG] [async_producer.go:914] ["producer/broker/0 starting up"] [component=sarama]
[2025/02/27 19:28:51.085 +08:00] [DEBUG] [async_producer.go:930] ["producer/broker/0 state change to [open] on kafka-test/0"] [component=sarama]
[2025/02/27 19:28:51.085 +08:00] [DEBUG] [async_producer.go:624] ["producer/leader/kafka-test/0 selected broker 0"] [component=sarama]
[2025/02/27 19:28:51.085 +08:00] [DEBUG] [async_producer.go:727] ["producer/leader/kafka-test/0 state change to [flushing-1]"] [component=sarama]
[2025/02/27 19:28:51.085 +08:00] [DEBUG] [async_producer.go:749] ["producer/leader/kafka-test/0 state change to [normal]"] [component=sarama]
[2025/02/27 19:28:51.814 +08:00] [INFO] [main.go:161] ["kafka statistics"] [send_qps=990] [acked_qps=990] [total_send=68752] [total_acked=68752]
[2025/02/27 19:28:51.834 +08:00] [DEBUG] [async_producer.go:1192] ["producer/broker/0 state change to [closing] because EOF"] [component=sarama]
[2025/02/27 19:28:51.834 +08:00] [DEBUG] [sarama.go:129] ["Closed connection to broker 127.0.0.1:9092"] [component=sarama]
[2025/02/27 19:28:51.834 +08:00] [DEBUG] [async_producer.go:711] ["producer/leader/kafka-test/0 state change to [retrying-1]"] [component=sarama]
[2025/02/27 19:28:51.834 +08:00] [DEBUG] [async_producer.go:721] ["producer/leader/kafka-test/0 abandoning broker 0"] [component=sarama]
[2025/02/27 19:28:51.834 +08:00] [DEBUG] [async_producer.go:920] ["producer/broker/0 input chan closed"] [component=sarama]
[2025/02/27 19:28:51.834 +08:00] [DEBUG] [async_producer.go:1020] ["producer/broker/0 shut down"] [component=sarama]
[2025/02/27 19:28:51.934 +08:00] [DEBUG] [sarama.go:129] ["client/metadata fetching metadata for [kafka-test] from broker 127.0.0.1:9092"] [component=sarama]
[2025/02/27 19:28:51.935 +08:00] [DEBUG] [sarama.go:129] ["Connected to broker at 127.0.0.1:9092 (registered as #0)"] [component=sarama]
[2025/02/27 19:28:51.936 +08:00] [DEBUG] [async_producer.go:914] ["producer/broker/0 starting up"] [component=sarama]
[2025/02/27 19:28:51.936 +08:00] [DEBUG] [async_producer.go:930] ["producer/broker/0 state change to [open] on kafka-test/0"] [component=sarama]
[2025/02/27 19:28:51.936 +08:00] [DEBUG] [async_producer.go:624] ["producer/leader/kafka-test/0 selected broker 0"] [component=sarama]
[2025/02/27 19:28:51.936 +08:00] [DEBUG] [async_producer.go:727] ["producer/leader/kafka-test/0 state change to [flushing-1]"] [component=sarama]
[2025/02/27 19:28:51.936 +08:00] [DEBUG] [async_producer.go:749] ["producer/leader/kafka-test/0 state change to [normal]"] [component=sarama]
[2025/02/27 19:28:52.097 +08:00] [DEBUG] [async_producer.go:1192] ["producer/broker/0 state change to [closing] because EOF"] [component=sarama]
[2025/02/27 19:28:52.097 +08:00] [DEBUG] [sarama.go:129] ["Closed connection to broker 127.0.0.1:9092"] [component=sarama]
[2025/02/27 19:28:52.097 +08:00] [DEBUG] [async_producer.go:711] ["producer/leader/kafka-test/0 state change to [retrying-1]"] [component=sarama]
[2025/02/27 19:28:52.097 +08:00] [DEBUG] [async_producer.go:721] ["producer/leader/kafka-test/0 abandoning broker 0"] [component=sarama]
[2025/02/27 19:28:52.097 +08:00] [DEBUG] [async_producer.go:920] ["producer/broker/0 input chan closed"] [component=sarama]
[2025/02/27 19:28:52.097 +08:00] [DEBUG] [async_producer.go:1020] ["producer/broker/0 shut down"] [component=sarama]
[2025/02/27 19:28:52.197 +08:00] [DEBUG] [sarama.go:129] ["client/metadata fetching metadata for [kafka-test] from broker 127.0.0.1:9092"] [component=sarama]
[2025/02/27 19:28:52.198 +08:00] [DEBUG] [sarama.go:129] ["Connected to broker at 127.0.0.1:9092 (registered as #0)"] [component=sarama]
[2025/02/27 19:28:52.200 +08:00] [DEBUG] [async_producer.go:914] ["producer/broker/0 starting up"] [component=sarama]
[2025/02/27 19:28:52.200 +08:00] [DEBUG] [async_producer.go:930] ["producer/broker/0 state change to [open] on kafka-test/0"] [component=sarama]
[2025/02/27 19:28:52.200 +08:00] [DEBUG] [async_producer.go:624] ["producer/leader/kafka-test/0 selected broker 0"] [component=sarama]
[2025/02/27 19:28:52.200 +08:00] [DEBUG] [async_producer.go:727] ["producer/leader/kafka-test/0 state change to [flushing-1]"] [component=sarama]
[2025/02/27 19:28:52.200 +08:00] [DEBUG] [async_producer.go:749] ["producer/leader/kafka-test/0 state change to [normal]"] [component=sarama]
[2025/02/27 19:28:52.361 +08:00] [DEBUG] [async_producer.go:1192] ["producer/broker/0 state change to [closing] because EOF"] [component=sarama]
[2025/02/27 19:28:52.361 +08:00] [DEBUG] [sarama.go:129] ["Closed connection to broker 127.0.0.1:9092"] [component=sarama]
[2025/02/27 19:28:52.361 +08:00] [DEBUG] [async_producer.go:711] ["producer/leader/kafka-test/0 state change to [retrying-1]"] [component=sarama]
[2025/02/27 19:28:52.361 +08:00] [DEBUG] [async_producer.go:721] ["producer/leader/kafka-test/0 abandoning broker 0"] [component=sarama]
[2025/02/27 19:28:52.361 +08:00] [DEBUG] [async_producer.go:920] ["producer/broker/0 input chan closed"] [component=sarama]
[2025/02/27 19:28:52.361 +08:00] [DEBUG] [async_producer.go:1020] ["producer/broker/0 shut down"] [component=sarama]
[2025/02/27 19:28:52.461 +08:00] [DEBUG] [sarama.go:129] ["client/metadata fetching metadata for [kafka-test] from broker 127.0.0.1:9092"] [component=sarama]
[2025/02/27 19:28:52.462 +08:00] [DEBUG] [sarama.go:129] ["Connected to broker at 127.0.0.1:9092 (registered as #0)"] [component=sarama]
[2025/02/27 19:28:52.463 +08:00] [DEBUG] [async_producer.go:914] ["producer/broker/0 starting up"] [component=sarama]
[2025/02/27 19:28:52.463 +08:00] [DEBUG] [async_producer.go:930] ["producer/broker/0 state change to [open] on kafka-test/0"] [component=sarama]
[2025/02/27 19:28:52.463 +08:00] [DEBUG] [async_producer.go:624] ["producer/leader/kafka-test/0 selected broker 0"] [component=sarama]
[2025/02/27 19:28:52.463 +08:00] [DEBUG] [async_producer.go:727] ["producer/leader/kafka-test/0 state change to [flushing-1]"] [component=sarama]
[2025/02/27 19:28:52.463 +08:00] [DEBUG] [async_producer.go:749] ["producer/leader/kafka-test/0 state change to [normal]"] [component=sarama]
[2025/02/27 19:28:53.384 +08:00] [DEBUG] [async_producer.go:1192] ["producer/broker/0 state change to [closing] because EOF"] [component=sarama]
[2025/02/27 19:28:53.384 +08:00] [DEBUG] [sarama.go:129] ["Closed connection to broker 127.0.0.1:9092"] [component=sarama]
[2025/02/27 19:28:53.384 +08:00] [DEBUG] [async_producer.go:711] ["producer/leader/kafka-test/0 state change to [retrying-1]"] [component=sarama]
[2025/02/27 19:28:53.384 +08:00] [DEBUG] [async_producer.go:721] ["producer/leader/kafka-test/0 abandoning broker 0"] [component=sarama]
[2025/02/27 19:28:53.384 +08:00] [DEBUG] [async_producer.go:920] ["producer/broker/0 input chan closed"] [component=sarama]
[2025/02/27 19:28:53.384 +08:00] [DEBUG] [async_producer.go:1020] ["producer/broker/0 shut down"] [component=sarama]
[2025/02/27 19:28:53.485 +08:00] [DEBUG] [sarama.go:129] ["client/metadata fetching metadata for [kafka-test] from broker 127.0.0.1:9092"] [component=sarama]
[2025/02/27 19:28:53.485 +08:00] [DEBUG] [sarama.go:129] ["Connected to broker at 127.0.0.1:9092 (registered as #0)"] [component=sarama]
[2025/02/27 19:28:53.486 +08:00] [DEBUG] [async_producer.go:914] ["producer/broker/0 starting up"] [component=sarama]
[2025/02/27 19:28:53.486 +08:00] [DEBUG] [async_producer.go:930] ["producer/broker/0 state change to [open] on kafka-test/0"] [component=sarama]
[2025/02/27 19:28:53.486 +08:00] [DEBUG] [async_producer.go:624] ["producer/leader/kafka-test/0 selected broker 0"] [component=sarama]
[2025/02/27 19:28:53.486 +08:00] [DEBUG] [async_producer.go:727] ["producer/leader/kafka-test/0 state change to [flushing-1]"] [component=sarama]
[2025/02/27 19:28:53.486 +08:00] [DEBUG] [async_producer.go:749] ["producer/leader/kafka-test/0 state change to [normal]"] [component=sarama]
[2025/02/27 19:28:53.927 +08:00] [DEBUG] [async_producer.go:1192] ["producer/broker/0 state change to [closing] because EOF"] [component=sarama]
[2025/02/27 19:28:53.927 +08:00] [DEBUG] [sarama.go:129] ["Closed connection to broker 127.0.0.1:9092"] [component=sarama]
[2025/02/27 19:28:53.927 +08:00] [DEBUG] [async_producer.go:711] ["producer/leader/kafka-test/0 state change to [retrying-1]"] [component=sarama]
[2025/02/27 19:28:53.927 +08:00] [DEBUG] [async_producer.go:721] ["producer/leader/kafka-test/0 abandoning broker 0"] [component=sarama]
[2025/02/27 19:28:53.927 +08:00] [DEBUG] [async_producer.go:920] ["producer/broker/0 input chan closed"] [component=sarama]
[2025/02/27 19:28:53.927 +08:00] [DEBUG] [async_producer.go:1020] ["producer/broker/0 shut down"] [component=sarama]
[2025/02/27 19:28:54.027 +08:00] [DEBUG] [sarama.go:129] ["client/metadata fetching metadata for [kafka-test] from broker 127.0.0.1:9092"] [component=sarama]
[2025/02/27 19:28:54.028 +08:00] [DEBUG] [sarama.go:129] ["Connected to broker at 127.0.0.1:9092 (registered as #0)"] [component=sarama]
[2025/02/27 19:28:54.029 +08:00] [DEBUG] [async_producer.go:914] ["producer/broker/0 starting up"] [component=sarama]
[2025/02/27 19:28:54.029 +08:00] [DEBUG] [async_producer.go:930] ["producer/broker/0 state change to [open] on kafka-test/0"] [component=sarama]
[2025/02/27 19:28:54.029 +08:00] [DEBUG] [async_producer.go:624] ["producer/leader/kafka-test/0 selected broker 0"] [component=sarama]
[2025/02/27 19:28:54.029 +08:00] [DEBUG] [async_producer.go:727] ["producer/leader/kafka-test/0 state change to [flushing-1]"] [component=sarama]
[2025/02/27 19:28:54.029 +08:00] [DEBUG] [async_producer.go:749] ["producer/leader/kafka-test/0 state change to [normal]"] [component=sarama]
[2025/02/27 19:28:54.895 +08:00] [DEBUG] [async_producer.go:1192] ["producer/broker/0 state change to [closing] because EOF"] [component=sarama]
[2025/02/27 19:28:54.895 +08:00] [DEBUG] [sarama.go:129] ["Closed connection to broker 127.0.0.1:9092"] [component=sarama]
[2025/02/27 19:28:54.895 +08:00] [DEBUG] [async_producer.go:711] ["producer/leader/kafka-test/0 state change to [retrying-1]"] [component=sarama]
[2025/02/27 19:28:54.895 +08:00] [DEBUG] [async_producer.go:721] ["producer/leader/kafka-test/0 abandoning broker 0"] [component=sarama]
[2025/02/27 19:28:54.895 +08:00] [DEBUG] [async_producer.go:920] ["producer/broker/0 input chan closed"] [component=sarama]
[2025/02/27 19:28:54.895 +08:00] [DEBUG] [async_producer.go:1020] ["producer/broker/0 shut down"] [component=sarama]
[2025/02/27 19:28:54.995 +08:00] [DEBUG] [sarama.go:129] ["client/metadata fetching metadata for [kafka-test] from broker 127.0.0.1:9092"] [component=sarama]
[2025/02/27 19:28:54.996 +08:00] [DEBUG] [sarama.go:129] ["Connected to broker at 127.0.0.1:9092 (registered as #0)"] [component=sarama]
[2025/02/27 19:28:54.997 +08:00] [DEBUG] [async_producer.go:914] ["producer/broker/0 starting up"] [component=sarama]
[2025/02/27 19:28:54.998 +08:00] [DEBUG] [async_producer.go:930] ["producer/broker/0 state change to [open] on kafka-test/0"] [component=sarama]
[2025/02/27 19:28:54.998 +08:00] [DEBUG] [async_producer.go:624] ["producer/leader/kafka-test/0 selected broker 0"] [component=sarama]
[2025/02/27 19:28:54.998 +08:00] [DEBUG] [async_producer.go:727] ["producer/leader/kafka-test/0 state change to [flushing-1]"] [component=sarama]
[2025/02/27 19:28:54.998 +08:00] [DEBUG] [async_producer.go:749] ["producer/leader/kafka-test/0 state change to [normal]"] [component=sarama]
[2025/02/27 19:28:55.253 +08:00] [DEBUG] [async_producer.go:1192] ["producer/broker/0 state change to [closing] because EOF"] [component=sarama]
[2025/02/27 19:28:55.253 +08:00] [DEBUG] [sarama.go:129] ["Closed connection to broker 127.0.0.1:9092"] [component=sarama]
[2025/02/27 19:28:55.253 +08:00] [DEBUG] [async_producer.go:711] ["producer/leader/kafka-test/0 state change to [retrying-1]"] [component=sarama]
[2025/02/27 19:28:55.253 +08:00] [DEBUG] [async_producer.go:721] ["producer/leader/kafka-test/0 abandoning broker 0"] [component=sarama]
[2025/02/27 19:28:55.253 +08:00] [DEBUG] [async_producer.go:920] ["producer/broker/0 input chan closed"] [component=sarama]
[2025/02/27 19:28:55.253 +08:00] [DEBUG] [async_producer.go:1020] ["producer/broker/0 shut down"] [component=sarama]
[2025/02/27 19:28:55.353 +08:00] [DEBUG] [sarama.go:129] ["client/metadata fetching metadata for [kafka-test] from broker 127.0.0.1:9092"] [component=sarama]
[2025/02/27 19:28:55.354 +08:00] [DEBUG] [sarama.go:129] ["Connected to broker at 127.0.0.1:9092 (registered as #0)"] [component=sarama]
[2025/02/27 19:28:55.355 +08:00] [DEBUG] [async_producer.go:914] ["producer/broker/0 starting up"] [component=sarama]
[2025/02/27 19:28:55.355 +08:00] [DEBUG] [async_producer.go:930] ["producer/broker/0 state change to [open] on kafka-test/0"] [component=sarama]
[2025/02/27 19:28:55.356 +08:00] [DEBUG] [async_producer.go:624] ["producer/leader/kafka-test/0 selected broker 0"] [component=sarama]
[2025/02/27 19:28:55.356 +08:00] [DEBUG] [async_producer.go:727] ["producer/leader/kafka-test/0 state change to [flushing-1]"] [component=sarama]
[2025/02/27 19:28:55.356 +08:00] [DEBUG] [async_producer.go:749] ["producer/leader/kafka-test/0 state change to [normal]"] [component=sarama]
[2025/02/27 19:28:55.424 +08:00] [DEBUG] [async_producer.go:1192] ["producer/broker/0 state change to [closing] because EOF"] [component=sarama]
[2025/02/27 19:28:55.424 +08:00] [DEBUG] [sarama.go:129] ["Closed connection to broker 127.0.0.1:9092"] [component=sarama]
[2025/02/27 19:28:55.424 +08:00] [DEBUG] [async_producer.go:711] ["producer/leader/kafka-test/0 state change to [retrying-1]"] [component=sarama]
[2025/02/27 19:28:55.424 +08:00] [DEBUG] [async_producer.go:721] ["producer/leader/kafka-test/0 abandoning broker 0"] [component=sarama]
[2025/02/27 19:28:55.424 +08:00] [DEBUG] [async_producer.go:920] ["producer/broker/0 input chan closed"] [component=sarama]
[2025/02/27 19:28:55.424 +08:00] [DEBUG] [async_producer.go:1020] ["producer/broker/0 shut down"] [component=sarama]
[2025/02/27 19:28:55.524 +08:00] [DEBUG] [sarama.go:129] ["client/metadata fetching metadata for [kafka-test] from broker 127.0.0.1:9092"] [component=sarama]
[2025/02/27 19:28:55.525 +08:00] [DEBUG] [sarama.go:129] ["Connected to broker at 127.0.0.1:9092 (registered as #0)"] [component=sarama]
[2025/02/27 19:28:55.527 +08:00] [DEBUG] [async_producer.go:914] ["producer/broker/0 starting up"] [component=sarama]
[2025/02/27 19:28:55.527 +08:00] [DEBUG] [async_producer.go:930] ["producer/broker/0 state change to [open] on kafka-test/0"] [component=sarama]
[2025/02/27 19:28:55.527 +08:00] [DEBUG] [async_producer.go:624] ["producer/leader/kafka-test/0 selected broker 0"] [component=sarama]
[2025/02/27 19:28:55.527 +08:00] [DEBUG] [async_producer.go:727] ["producer/leader/kafka-test/0 state change to [flushing-1]"] [component=sarama]
[2025/02/27 19:28:55.527 +08:00] [DEBUG] [async_producer.go:749] ["producer/leader/kafka-test/0 state change to [normal]"] [component=sarama]
[2025/02/27 19:28:56.814 +08:00] [INFO] [main.go:161] ["kafka statistics"] [send_qps=981.4] [acked_qps=981.4] [total_send=73659] [total_acked=73659]
[2025/02/27 19:28:57.118 +08:00] [DEBUG] [async_producer.go:1192] ["producer/broker/0 state change to [closing] because EOF"] [component=sarama]
[2025/02/27 19:28:57.118 +08:00] [DEBUG] [sarama.go:129] ["Closed connection to broker 127.0.0.1:9092"] [component=sarama]
[2025/02/27 19:28:57.118 +08:00] [DEBUG] [async_producer.go:711] ["producer/leader/kafka-test/0 state change to [retrying-1]"] [component=sarama]
[2025/02/27 19:28:57.118 +08:00] [DEBUG] [async_producer.go:721] ["producer/leader/kafka-test/0 abandoning broker 0"] [component=sarama]
[2025/02/27 19:28:57.118 +08:00] [DEBUG] [async_producer.go:920] ["producer/broker/0 input chan closed"] [component=sarama]
[2025/02/27 19:28:57.119 +08:00] [DEBUG] [async_producer.go:1020] ["producer/broker/0 shut down"] [component=sarama]
[2025/02/27 19:28:57.219 +08:00] [DEBUG] [sarama.go:129] ["client/metadata fetching metadata for [kafka-test] from broker 127.0.0.1:9092"] [component=sarama]
[2025/02/27 19:28:57.219 +08:00] [DEBUG] [sarama.go:129] ["Connected to broker at 127.0.0.1:9092 (registered as #0)"] [component=sarama]
[2025/02/27 19:28:57.221 +08:00] [DEBUG] [async_producer.go:914] ["producer/broker/0 starting up"] [component=sarama]
[2025/02/27 19:28:57.221 +08:00] [DEBUG] [async_producer.go:930] ["producer/broker/0 state change to [open] on kafka-test/0"] [component=sarama]
[2025/02/27 19:28:57.221 +08:00] [DEBUG] [async_producer.go:624] ["producer/leader/kafka-test/0 selected broker 0"] [component=sarama]
[2025/02/27 19:28:57.222 +08:00] [DEBUG] [async_producer.go:727] ["producer/leader/kafka-test/0 state change to [flushing-1]"] [component=sarama]
[2025/02/27 19:28:57.222 +08:00] [DEBUG] [async_producer.go:749] ["producer/leader/kafka-test/0 state change to [normal]"] [component=sarama]
[2025/02/27 19:28:59.324 +08:00] [DEBUG] [async_producer.go:1192] ["producer/broker/0 state change to [closing] because EOF"] [component=sarama]
[2025/02/27 19:28:59.324 +08:00] [DEBUG] [sarama.go:129] ["Closed connection to broker 127.0.0.1:9092"] [component=sarama]
[2025/02/27 19:28:59.325 +08:00] [DEBUG] [async_producer.go:711] ["producer/leader/kafka-test/0 state change to [retrying-1]"] [component=sarama]
[2025/02/27 19:28:59.325 +08:00] [DEBUG] [async_producer.go:721] ["producer/leader/kafka-test/0 abandoning broker 0"] [component=sarama]
[2025/02/27 19:28:59.325 +08:00] [DEBUG] [async_producer.go:920] ["producer/broker/0 input chan closed"] [component=sarama]
[2025/02/27 19:28:59.325 +08:00] [DEBUG] [async_producer.go:1020] ["producer/broker/0 shut down"] [component=sarama]
[2025/02/27 19:28:59.425 +08:00] [DEBUG] [sarama.go:129] ["client/metadata fetching metadata for [kafka-test] from broker 127.0.0.1:9092"] [component=sarama]
[2025/02/27 19:28:59.426 +08:00] [DEBUG] [sarama.go:129] ["Connected to broker at 127.0.0.1:9092 (registered as #0)"] [component=sarama]
[2025/02/27 19:28:59.428 +08:00] [DEBUG] [async_producer.go:914] ["producer/broker/0 starting up"] [component=sarama]
[2025/02/27 19:28:59.428 +08:00] [DEBUG] [async_producer.go:930] ["producer/broker/0 state change to [open] on kafka-test/0"] [component=sarama]
[2025/02/27 19:28:59.428 +08:00] [DEBUG] [async_producer.go:624] ["producer/leader/kafka-test/0 selected broker 0"] [component=sarama]
[2025/02/27 19:28:59.428 +08:00] [DEBUG] [async_producer.go:727] ["producer/leader/kafka-test/0 state change to [flushing-1]"] [component=sarama]
[2025/02/27 19:28:59.428 +08:00] [DEBUG] [async_producer.go:749] ["producer/leader/kafka-test/0 state change to [normal]"] [component=sarama]
[2025/02/27 19:28:59.887 +08:00] [DEBUG] [async_producer.go:1192] ["producer/broker/0 state change to [closing] because EOF"] [component=sarama]
[2025/02/27 19:28:59.887 +08:00] [DEBUG] [sarama.go:129] ["Closed connection to broker 127.0.0.1:9092"] [component=sarama]
[2025/02/27 19:28:59.887 +08:00] [DEBUG] [async_producer.go:711] ["producer/leader/kafka-test/0 state change to [retrying-1]"] [component=sarama]
[2025/02/27 19:28:59.887 +08:00] [DEBUG] [async_producer.go:721] ["producer/leader/kafka-test/0 abandoning broker 0"] [component=sarama]
[2025/02/27 19:28:59.887 +08:00] [DEBUG] [async_producer.go:920] ["producer/broker/0 input chan closed"] [component=sarama]
[2025/02/27 19:28:59.888 +08:00] [DEBUG] [async_producer.go:1020] ["producer/broker/0 shut down"] [component=sarama]
[2025/02/27 19:28:59.988 +08:00] [DEBUG] [sarama.go:129] ["client/metadata fetching metadata for [kafka-test] from broker 127.0.0.1:9092"] [component=sarama]
[2025/02/27 19:28:59.989 +08:00] [DEBUG] [sarama.go:129] ["Connected to broker at 127.0.0.1:9092 (registered as #0)"] [component=sarama]
[2025/02/27 19:28:59.991 +08:00] [DEBUG] [async_producer.go:914] ["producer/broker/0 starting up"] [component=sarama]
[2025/02/27 19:28:59.991 +08:00] [DEBUG] [async_producer.go:930] ["producer/broker/0 state change to [open] on kafka-test/0"] [component=sarama]
[2025/02/27 19:28:59.991 +08:00] [DEBUG] [async_producer.go:624] ["producer/leader/kafka-test/0 selected broker 0"] [component=sarama]
[2025/02/27 19:28:59.991 +08:00] [DEBUG] [async_producer.go:727] ["producer/leader/kafka-test/0 state change to [flushing-1]"] [component=sarama]
[2025/02/27 19:28:59.991 +08:00] [DEBUG] [async_producer.go:749] ["producer/leader/kafka-test/0 state change to [normal]"] [component=sarama]
[2025/02/27 19:29:00.115 +08:00] [DEBUG] [async_producer.go:1192] ["producer/broker/0 state change to [closing] because EOF"] [component=sarama]
[2025/02/27 19:29:00.115 +08:00] [DEBUG] [sarama.go:129] ["Closed connection to broker 127.0.0.1:9092"] [component=sarama]
[2025/02/27 19:29:00.115 +08:00] [DEBUG] [async_producer.go:711] ["producer/leader/kafka-test/0 state change to [retrying-1]"] [component=sarama]
[2025/02/27 19:29:00.115 +08:00] [DEBUG] [async_producer.go:721] ["producer/leader/kafka-test/0 abandoning broker 0"] [component=sarama]
[2025/02/27 19:29:00.115 +08:00] [DEBUG] [async_producer.go:920] ["producer/broker/0 input chan closed"] [component=sarama]
[2025/02/27 19:29:00.115 +08:00] [DEBUG] [async_producer.go:1020] ["producer/broker/0 shut down"] [component=sarama]
[2025/02/27 19:29:00.216 +08:00] [DEBUG] [sarama.go:129] ["client/metadata fetching metadata for [kafka-test] from broker 127.0.0.1:9092"] [component=sarama]
[2025/02/27 19:29:00.216 +08:00] [DEBUG] [sarama.go:129] ["Connected to broker at 127.0.0.1:9092 (registered as #0)"] [component=sarama]
[2025/02/27 19:29:00.217 +08:00] [DEBUG] [async_producer.go:914] ["producer/broker/0 starting up"] [component=sarama]
[2025/02/27 19:29:00.217 +08:00] [DEBUG] [async_producer.go:930] ["producer/broker/0 state change to [open] on kafka-test/0"] [component=sarama]
[2025/02/27 19:29:00.217 +08:00] [DEBUG] [async_producer.go:624] ["producer/leader/kafka-test/0 selected broker 0"] [component=sarama]
[2025/02/27 19:29:00.217 +08:00] [DEBUG] [async_producer.go:727] ["producer/leader/kafka-test/0 state change to [flushing-1]"] [component=sarama]
[2025/02/27 19:29:00.217 +08:00] [DEBUG] [async_producer.go:749] ["producer/leader/kafka-test/0 state change to [normal]"] [component=sarama]
[2025/02/27 19:29:00.256 +08:00] [DEBUG] [async_producer.go:1192] ["producer/broker/0 state change to [closing] because EOF"] [component=sarama]
[2025/02/27 19:29:00.256 +08:00] [DEBUG] [sarama.go:129] ["Closed connection to broker 127.0.0.1:9092"] [component=sarama]
[2025/02/27 19:29:00.256 +08:00] [DEBUG] [async_producer.go:711] ["producer/leader/kafka-test/0 state change to [retrying-1]"] [component=sarama]
[2025/02/27 19:29:00.256 +08:00] [DEBUG] [async_producer.go:721] ["producer/leader/kafka-test/0 abandoning broker 0"] [component=sarama]
[2025/02/27 19:29:00.256 +08:00] [DEBUG] [async_producer.go:920] ["producer/broker/0 input chan closed"] [component=sarama]
[2025/02/27 19:29:00.256 +08:00] [DEBUG] [async_producer.go:1020] ["producer/broker/0 shut down"] [component=sarama]
[2025/02/27 19:29:00.356 +08:00] [DEBUG] [sarama.go:129] ["client/metadata fetching metadata for [kafka-test] from broker 127.0.0.1:9092"] [component=sarama]
[2025/02/27 19:29:00.357 +08:00] [DEBUG] [sarama.go:129] ["Connected to broker at 127.0.0.1:9092 (registered as #0)"] [component=sarama]
[2025/02/27 19:29:00.359 +08:00] [DEBUG] [async_producer.go:914] ["producer/broker/0 starting up"] [component=sarama]
[2025/02/27 19:29:00.359 +08:00] [DEBUG] [async_producer.go:930] ["producer/broker/0 state change to [open] on kafka-test/0"] [component=sarama]
[2025/02/27 19:29:00.359 +08:00] [DEBUG] [async_producer.go:624] ["producer/leader/kafka-test/0 selected broker 0"] [component=sarama]
[2025/02/27 19:29:00.359 +08:00] [DEBUG] [async_producer.go:727] ["producer/leader/kafka-test/0 state change to [flushing-1]"] [component=sarama]
[2025/02/27 19:29:00.359 +08:00] [DEBUG] [async_producer.go:749] ["producer/leader/kafka-test/0 state change to [normal]"] [component=sarama]
[2025/02/27 19:29:00.650 +08:00] [DEBUG] [async_producer.go:1192] ["producer/broker/0 state change to [closing] because EOF"] [component=sarama]
[2025/02/27 19:29:00.650 +08:00] [DEBUG] [sarama.go:129] ["Closed connection to broker 127.0.0.1:9092"] [component=sarama]
[2025/02/27 19:29:00.650 +08:00] [DEBUG] [async_producer.go:711] ["producer/leader/kafka-test/0 state change to [retrying-1]"] [component=sarama]
[2025/02/27 19:29:00.650 +08:00] [DEBUG] [async_producer.go:721] ["producer/leader/kafka-test/0 abandoning broker 0"] [component=sarama]
[2025/02/27 19:29:00.650 +08:00] [DEBUG] [async_producer.go:920] ["producer/broker/0 input chan closed"] [component=sarama]
[2025/02/27 19:29:00.650 +08:00] [DEBUG] [async_producer.go:1020] ["producer/broker/0 shut down"] [component=sarama]
[2025/02/27 19:29:00.751 +08:00] [DEBUG] [sarama.go:129] ["client/metadata fetching metadata for [kafka-test] from broker 127.0.0.1:9092"] [component=sarama]
[2025/02/27 19:29:00.751 +08:00] [DEBUG] [sarama.go:129] ["Connected to broker at 127.0.0.1:9092 (registered as #0)"] [component=sarama]
[2025/02/27 19:29:00.753 +08:00] [DEBUG] [async_producer.go:914] ["producer/broker/0 starting up"] [component=sarama]
[2025/02/27 19:29:00.753 +08:00] [DEBUG] [async_producer.go:930] ["producer/broker/0 state change to [open] on kafka-test/0"] [component=sarama]
[2025/02/27 19:29:00.753 +08:00] [DEBUG] [async_producer.go:624] ["producer/leader/kafka-test/0 selected broker 0"] [component=sarama]
[2025/02/27 19:29:00.753 +08:00] [DEBUG] [async_producer.go:727] ["producer/leader/kafka-test/0 state change to [flushing-1]"] [component=sarama]
[2025/02/27 19:29:00.753 +08:00] [DEBUG] [async_producer.go:749] ["producer/leader/kafka-test/0 state change to [normal]"] [component=sarama]
[2025/02/27 19:29:01.814 +08:00] [INFO] [main.go:161] ["kafka statistics"] [send_qps=979.2] [acked_qps=979.2] [total_send=78555] [total_acked=78555]
[2025/02/27 19:29:02.149 +08:00] [DEBUG] [async_producer.go:1192] ["producer/broker/0 state change to [closing] because EOF"] [component=sarama]
[2025/02/27 19:29:02.149 +08:00] [DEBUG] [sarama.go:129] ["Closed connection to broker 127.0.0.1:9092"] [component=sarama]
[2025/02/27 19:29:02.149 +08:00] [DEBUG] [async_producer.go:711] ["producer/leader/kafka-test/0 state change to [retrying-1]"] [component=sarama]
[2025/02/27 19:29:02.149 +08:00] [DEBUG] [async_producer.go:721] ["producer/leader/kafka-test/0 abandoning broker 0"] [component=sarama]
[2025/02/27 19:29:02.150 +08:00] [DEBUG] [async_producer.go:920] ["producer/broker/0 input chan closed"] [component=sarama]
[2025/02/27 19:29:02.150 +08:00] [DEBUG] [async_producer.go:1020] ["producer/broker/0 shut down"] [component=sarama]
[2025/02/27 19:29:02.250 +08:00] [DEBUG] [sarama.go:129] ["client/metadata fetching metadata for [kafka-test] from broker 127.0.0.1:9092"] [component=sarama]
[2025/02/27 19:29:02.250 +08:00] [DEBUG] [sarama.go:129] ["Connected to broker at 127.0.0.1:9092 (registered as #0)"] [component=sarama]
[2025/02/27 19:29:02.252 +08:00] [DEBUG] [async_producer.go:914] ["producer/broker/0 starting up"] [component=sarama]
[2025/02/27 19:29:02.252 +08:00] [DEBUG] [async_producer.go:930] ["producer/broker/0 state change to [open] on kafka-test/0"] [component=sarama]
[2025/02/27 19:29:02.252 +08:00] [DEBUG] [async_producer.go:624] ["producer/leader/kafka-test/0 selected broker 0"] [component=sarama]
[2025/02/27 19:29:02.252 +08:00] [DEBUG] [async_producer.go:727] ["producer/leader/kafka-test/0 state change to [flushing-1]"] [component=sarama]
[2025/02/27 19:29:02.252 +08:00] [DEBUG] [async_producer.go:749] ["producer/leader/kafka-test/0 state change to [normal]"] [component=sarama]
[2025/02/27 19:29:02.735 +08:00] [DEBUG] [async_producer.go:1192] ["producer/broker/0 state change to [closing] because EOF"] [component=sarama]
[2025/02/27 19:29:02.735 +08:00] [DEBUG] [sarama.go:129] ["Closed connection to broker 127.0.0.1:9092"] [component=sarama]
[2025/02/27 19:29:02.735 +08:00] [DEBUG] [async_producer.go:711] ["producer/leader/kafka-test/0 state change to [retrying-1]"] [component=sarama]
[2025/02/27 19:29:02.735 +08:00] [DEBUG] [async_producer.go:721] ["producer/leader/kafka-test/0 abandoning broker 0"] [component=sarama]
[2025/02/27 19:29:02.735 +08:00] [DEBUG] [async_producer.go:920] ["producer/broker/0 input chan closed"] [component=sarama]
[2025/02/27 19:29:02.735 +08:00] [DEBUG] [async_producer.go:1020] ["producer/broker/0 shut down"] [component=sarama]
[2025/02/27 19:29:02.835 +08:00] [DEBUG] [sarama.go:129] ["client/metadata fetching metadata for [kafka-test] from broker 127.0.0.1:9092"] [component=sarama]
[2025/02/27 19:29:02.836 +08:00] [DEBUG] [sarama.go:129] ["Connected to broker at 127.0.0.1:9092 (registered as #0)"] [component=sarama]
[2025/02/27 19:29:02.837 +08:00] [DEBUG] [async_producer.go:914] ["producer/broker/0 starting up"] [component=sarama]
[2025/02/27 19:29:02.838 +08:00] [DEBUG] [async_producer.go:930] ["producer/broker/0 state change to [open] on kafka-test/0"] [component=sarama]
[2025/02/27 19:29:02.838 +08:00] [DEBUG] [async_producer.go:624] ["producer/leader/kafka-test/0 selected broker 0"] [component=sarama]
[2025/02/27 19:29:02.838 +08:00] [DEBUG] [async_producer.go:727] ["producer/leader/kafka-test/0 state change to [flushing-1]"] [component=sarama]
[2025/02/27 19:29:02.838 +08:00] [DEBUG] [async_producer.go:749] ["producer/leader/kafka-test/0 state change to [normal]"] [component=sarama]
[2025/02/27 19:29:04.211 +08:00] [DEBUG] [async_producer.go:1192] ["producer/broker/0 state change to [closing] because EOF"] [component=sarama]
[2025/02/27 19:29:04.212 +08:00] [DEBUG] [sarama.go:129] ["Closed connection to broker 127.0.0.1:9092"] [component=sarama]
[2025/02/27 19:29:04.212 +08:00] [DEBUG] [async_producer.go:711] ["producer/leader/kafka-test/0 state change to [retrying-1]"] [component=sarama]
[2025/02/27 19:29:04.212 +08:00] [DEBUG] [async_producer.go:721] ["producer/leader/kafka-test/0 abandoning broker 0"] [component=sarama]
[2025/02/27 19:29:04.212 +08:00] [DEBUG] [async_producer.go:920] ["producer/broker/0 input chan closed"] [component=sarama]
[2025/02/27 19:29:04.212 +08:00] [DEBUG] [async_producer.go:1020] ["producer/broker/0 shut down"] [component=sarama]
[2025/02/27 19:29:04.312 +08:00] [DEBUG] [sarama.go:129] ["client/metadata fetching metadata for [kafka-test] from broker 127.0.0.1:9092"] [component=sarama]
[2025/02/27 19:29:04.312 +08:00] [DEBUG] [sarama.go:129] ["Connected to broker at 127.0.0.1:9092 (registered as #0)"] [component=sarama]
[2025/02/27 19:29:04.314 +08:00] [DEBUG] [async_producer.go:914] ["producer/broker/0 starting up"] [component=sarama]
[2025/02/27 19:29:04.314 +08:00] [DEBUG] [async_producer.go:930] ["producer/broker/0 state change to [open] on kafka-test/0"] [component=sarama]
[2025/02/27 19:29:04.314 +08:00] [DEBUG] [async_producer.go:624] ["producer/leader/kafka-test/0 selected broker 0"] [component=sarama]
[2025/02/27 19:29:04.314 +08:00] [DEBUG] [async_producer.go:727] ["producer/leader/kafka-test/0 state change to [flushing-1]"] [component=sarama]
[2025/02/27 19:29:04.314 +08:00] [DEBUG] [async_producer.go:749] ["producer/leader/kafka-test/0 state change to [normal]"] [component=sarama]
[2025/02/27 19:29:04.435 +08:00] [DEBUG] [async_producer.go:1192] ["producer/broker/0 state change to [closing] because EOF"] [component=sarama]
[2025/02/27 19:29:04.435 +08:00] [DEBUG] [sarama.go:129] ["Closed connection to broker 127.0.0.1:9092"] [component=sarama]
[2025/02/27 19:29:04.435 +08:00] [DEBUG] [async_producer.go:711] ["producer/leader/kafka-test/0 state change to [retrying-1]"] [component=sarama]
[2025/02/27 19:29:04.435 +08:00] [DEBUG] [async_producer.go:721] ["producer/leader/kafka-test/0 abandoning broker 0"] [component=sarama]
[2025/02/27 19:29:04.435 +08:00] [DEBUG] [async_producer.go:920] ["producer/broker/0 input chan closed"] [component=sarama]
[2025/02/27 19:29:04.435 +08:00] [DEBUG] [async_producer.go:1020] ["producer/broker/0 shut down"] [component=sarama]
[2025/02/27 19:29:04.535 +08:00] [DEBUG] [sarama.go:129] ["client/metadata fetching metadata for [kafka-test] from broker 127.0.0.1:9092"] [component=sarama]
[2025/02/27 19:29:04.536 +08:00] [DEBUG] [sarama.go:129] ["Connected to broker at 127.0.0.1:9092 (registered as #0)"] [component=sarama]
[2025/02/27 19:29:04.537 +08:00] [DEBUG] [async_producer.go:914] ["producer/broker/0 starting up"] [component=sarama]
[2025/02/27 19:29:04.537 +08:00] [DEBUG] [async_producer.go:930] ["producer/broker/0 state change to [open] on kafka-test/0"] [component=sarama]
[2025/02/27 19:29:04.537 +08:00] [DEBUG] [async_producer.go:624] ["producer/leader/kafka-test/0 selected broker 0"] [component=sarama]
[2025/02/27 19:29:04.537 +08:00] [DEBUG] [async_producer.go:727] ["producer/leader/kafka-test/0 state change to [flushing-1]"] [component=sarama]
[2025/02/27 19:29:04.537 +08:00] [DEBUG] [async_producer.go:749] ["producer/leader/kafka-test/0 state change to [normal]"] [component=sarama]
[2025/02/27 19:29:05.969 +08:00] [DEBUG] [async_producer.go:1192] ["producer/broker/0 state change to [closing] because EOF"] [component=sarama]
[2025/02/27 19:29:05.969 +08:00] [DEBUG] [sarama.go:129] ["Closed connection to broker 127.0.0.1:9092"] [component=sarama]
[2025/02/27 19:29:05.969 +08:00] [DEBUG] [async_producer.go:711] ["producer/leader/kafka-test/0 state change to [retrying-1]"] [component=sarama]
[2025/02/27 19:29:05.970 +08:00] [DEBUG] [async_producer.go:721] ["producer/leader/kafka-test/0 abandoning broker 0"] [component=sarama]
[2025/02/27 19:29:05.970 +08:00] [DEBUG] [async_producer.go:920] ["producer/broker/0 input chan closed"] [component=sarama]
[2025/02/27 19:29:05.970 +08:00] [DEBUG] [async_producer.go:1020] ["producer/broker/0 shut down"] [component=sarama]
[2025/02/27 19:29:06.070 +08:00] [DEBUG] [sarama.go:129] ["client/metadata fetching metadata for [kafka-test] from broker 127.0.0.1:9092"] [component=sarama]
[2025/02/27 19:29:06.070 +08:00] [DEBUG] [sarama.go:129] ["Connected to broker at 127.0.0.1:9092 (registered as #0)"] [component=sarama]
[2025/02/27 19:29:06.072 +08:00] [DEBUG] [async_producer.go:914] ["producer/broker/0 starting up"] [component=sarama]
[2025/02/27 19:29:06.072 +08:00] [DEBUG] [async_producer.go:930] ["producer/broker/0 state change to [open] on kafka-test/0"] [component=sarama]
[2025/02/27 19:29:06.072 +08:00] [DEBUG] [async_producer.go:624] ["producer/leader/kafka-test/0 selected broker 0"] [component=sarama]
[2025/02/27 19:29:06.072 +08:00] [DEBUG] [async_producer.go:727] ["producer/leader/kafka-test/0 state change to [flushing-1]"] [component=sarama]
[2025/02/27 19:29:06.072 +08:00] [DEBUG] [async_producer.go:749] ["producer/leader/kafka-test/0 state change to [normal]"] [component=sarama]
[2025/02/27 19:29:06.815 +08:00] [INFO] [main.go:161] ["kafka statistics"] [send_qps=986.8] [acked_qps=986.8] [total_send=83489] [total_acked=83489]
[2025/02/27 19:29:08.032 +08:00] [DEBUG] [async_producer.go:1192] ["producer/broker/0 state change to [closing] because EOF"] [component=sarama]
[2025/02/27 19:29:08.032 +08:00] [DEBUG] [sarama.go:129] ["Closed connection to broker 127.0.0.1:9092"] [component=sarama]
[2025/02/27 19:29:08.032 +08:00] [DEBUG] [async_producer.go:711] ["producer/leader/kafka-test/0 state change to [retrying-1]"] [component=sarama]
[2025/02/27 19:29:08.032 +08:00] [DEBUG] [async_producer.go:721] ["producer/leader/kafka-test/0 abandoning broker 0"] [component=sarama]
[2025/02/27 19:29:08.032 +08:00] [DEBUG] [async_producer.go:920] ["producer/broker/0 input chan closed"] [component=sarama]
[2025/02/27 19:29:08.032 +08:00] [DEBUG] [async_producer.go:1020] ["producer/broker/0 shut down"] [component=sarama]
[2025/02/27 19:29:08.132 +08:00] [DEBUG] [sarama.go:129] ["client/metadata fetching metadata for [kafka-test] from broker 127.0.0.1:9092"] [component=sarama]
[2025/02/27 19:29:08.133 +08:00] [DEBUG] [sarama.go:129] ["Connected to broker at 127.0.0.1:9092 (registered as #0)"] [component=sarama]
[2025/02/27 19:29:08.134 +08:00] [DEBUG] [async_producer.go:914] ["producer/broker/0 starting up"] [component=sarama]
[2025/02/27 19:29:08.135 +08:00] [DEBUG] [async_producer.go:930] ["producer/broker/0 state change to [open] on kafka-test/0"] [component=sarama]
[2025/02/27 19:29:08.135 +08:00] [DEBUG] [async_producer.go:624] ["producer/leader/kafka-test/0 selected broker 0"] [component=sarama]
[2025/02/27 19:29:08.135 +08:00] [DEBUG] [async_producer.go:727] ["producer/leader/kafka-test/0 state change to [flushing-1]"] [component=sarama]
[2025/02/27 19:29:08.135 +08:00] [DEBUG] [async_producer.go:749] ["producer/leader/kafka-test/0 state change to [normal]"] [component=sarama]
[2025/02/27 19:29:09.047 +08:00] [DEBUG] [async_producer.go:1192] ["producer/broker/0 state change to [closing] because EOF"] [component=sarama]
[2025/02/27 19:29:09.047 +08:00] [DEBUG] [sarama.go:129] ["Closed connection to broker 127.0.0.1:9092"] [component=sarama]
[2025/02/27 19:29:09.047 +08:00] [DEBUG] [async_producer.go:1192] ["producer/broker/0 state change to [closing] because EOF"] [component=sarama]
[2025/02/27 19:29:09.047 +08:00] [DEBUG] [async_producer.go:711] ["producer/leader/kafka-test/0 state change to [retrying-1]"] [component=sarama]
[2025/02/27 19:29:09.047 +08:00] [DEBUG] [async_producer.go:721] ["producer/leader/kafka-test/0 abandoning broker 0"] [component=sarama]
[2025/02/27 19:29:09.047 +08:00] [DEBUG] [async_producer.go:920] ["producer/broker/0 input chan closed"] [component=sarama]
[2025/02/27 19:29:09.047 +08:00] [DEBUG] [async_producer.go:1020] ["producer/broker/0 shut down"] [component=sarama]
[2025/02/27 19:29:09.148 +08:00] [DEBUG] [sarama.go:129] ["client/metadata fetching metadata for [kafka-test] from broker 127.0.0.1:9092"] [component=sarama]
[2025/02/27 19:29:09.148 +08:00] [DEBUG] [sarama.go:129] ["Connected to broker at 127.0.0.1:9092 (registered as #0)"] [component=sarama]
[2025/02/27 19:29:09.161 +08:00] [DEBUG] [async_producer.go:914] ["producer/broker/0 starting up"] [component=sarama]
[2025/02/27 19:29:09.161 +08:00] [DEBUG] [async_producer.go:930] ["producer/broker/0 state change to [open] on kafka-test/0"] [component=sarama]
[2025/02/27 19:29:09.161 +08:00] [DEBUG] [async_producer.go:624] ["producer/leader/kafka-test/0 selected broker 0"] [component=sarama]
[2025/02/27 19:29:09.161 +08:00] [DEBUG] [async_producer.go:727] ["producer/leader/kafka-test/0 state change to [flushing-1]"] [component=sarama]
[2025/02/27 19:29:09.161 +08:00] [DEBUG] [async_producer.go:749] ["producer/leader/kafka-test/0 state change to [normal]"] [component=sarama]
[2025/02/27 19:29:09.354 +08:00] [DEBUG] [async_producer.go:1192] ["producer/broker/0 state change to [closing] because EOF"] [component=sarama]
[2025/02/27 19:29:09.354 +08:00] [DEBUG] [sarama.go:129] ["Closed connection to broker 127.0.0.1:9092"] [component=sarama]
[2025/02/27 19:29:09.354 +08:00] [DEBUG] [async_producer.go:711] ["producer/leader/kafka-test/0 state change to [retrying-1]"] [component=sarama]
[2025/02/27 19:29:09.354 +08:00] [DEBUG] [async_producer.go:721] ["producer/leader/kafka-test/0 abandoning broker 0"] [component=sarama]
[2025/02/27 19:29:09.354 +08:00] [DEBUG] [async_producer.go:920] ["producer/broker/0 input chan closed"] [component=sarama]
[2025/02/27 19:29:09.354 +08:00] [DEBUG] [async_producer.go:1020] ["producer/broker/0 shut down"] [component=sarama]
[2025/02/27 19:29:09.455 +08:00] [DEBUG] [sarama.go:129] ["client/metadata fetching metadata for [kafka-test] from broker 127.0.0.1:9092"] [component=sarama]
[2025/02/27 19:29:09.455 +08:00] [DEBUG] [sarama.go:129] ["Connected to broker at 127.0.0.1:9092 (registered as #0)"] [component=sarama]
[2025/02/27 19:29:09.456 +08:00] [DEBUG] [async_producer.go:914] ["producer/broker/0 starting up"] [component=sarama]
[2025/02/27 19:29:09.456 +08:00] [DEBUG] [async_producer.go:930] ["producer/broker/0 state change to [open] on kafka-test/0"] [component=sarama]
[2025/02/27 19:29:09.456 +08:00] [DEBUG] [async_producer.go:624] ["producer/leader/kafka-test/0 selected broker 0"] [component=sarama]
[2025/02/27 19:29:09.456 +08:00] [DEBUG] [async_producer.go:727] ["producer/leader/kafka-test/0 state change to [flushing-1]"] [component=sarama]
[2025/02/27 19:29:09.456 +08:00] [DEBUG] [async_producer.go:749] ["producer/leader/kafka-test/0 state change to [normal]"] [component=sarama]
[2025/02/27 19:29:09.732 +08:00] [DEBUG] [async_producer.go:1192] ["producer/broker/0 state change to [closing] because EOF"] [component=sarama]
[2025/02/27 19:29:09.732 +08:00] [DEBUG] [sarama.go:129] ["Closed connection to broker 127.0.0.1:9092"] [component=sarama]
[2025/02/27 19:29:09.733 +08:00] [DEBUG] [async_producer.go:711] ["producer/leader/kafka-test/0 state change to [retrying-1]"] [component=sarama]
[2025/02/27 19:29:09.733 +08:00] [DEBUG] [async_producer.go:721] ["producer/leader/kafka-test/0 abandoning broker 0"] [component=sarama]
[2025/02/27 19:29:09.733 +08:00] [DEBUG] [async_producer.go:920] ["producer/broker/0 input chan closed"] [component=sarama]
[2025/02/27 19:29:09.733 +08:00] [DEBUG] [async_producer.go:1020] ["producer/broker/0 shut down"] [component=sarama]
[2025/02/27 19:29:09.833 +08:00] [DEBUG] [sarama.go:129] ["client/metadata fetching metadata for [kafka-test] from broker 127.0.0.1:9092"] [component=sarama]
[2025/02/27 19:29:09.833 +08:00] [DEBUG] [sarama.go:129] ["Connected to broker at 127.0.0.1:9092 (registered as #0)"] [component=sarama]
[2025/02/27 19:29:09.835 +08:00] [DEBUG] [async_producer.go:914] ["producer/broker/0 starting up"] [component=sarama]
[2025/02/27 19:29:09.835 +08:00] [DEBUG] [async_producer.go:930] ["producer/broker/0 state change to [open] on kafka-test/0"] [component=sarama]
[2025/02/27 19:29:09.835 +08:00] [DEBUG] [async_producer.go:624] ["producer/leader/kafka-test/0 selected broker 0"] [component=sarama]
[2025/02/27 19:29:09.835 +08:00] [DEBUG] [async_producer.go:727] ["producer/leader/kafka-test/0 state change to [flushing-1]"] [component=sarama]
[2025/02/27 19:29:09.835 +08:00] [DEBUG] [async_producer.go:749] ["producer/leader/kafka-test/0 state change to [normal]"] [component=sarama]
[2025/02/27 19:29:11.815 +08:00] [INFO] [main.go:161] ["kafka statistics"] [send_qps=988.2] [acked_qps=988.2] [total_send=88430] [total_acked=88430]
[2025/02/27 19:29:12.005 +08:00] [DEBUG] [async_producer.go:1192] ["producer/broker/0 state change to [closing] because EOF"] [component=sarama]
[2025/02/27 19:29:12.005 +08:00] [DEBUG] [sarama.go:129] ["Closed connection to broker 127.0.0.1:9092"] [component=sarama]
[2025/02/27 19:29:12.005 +08:00] [DEBUG] [async_producer.go:711] ["producer/leader/kafka-test/0 state change to [retrying-1]"] [component=sarama]
[2025/02/27 19:29:12.005 +08:00] [DEBUG] [async_producer.go:721] ["producer/leader/kafka-test/0 abandoning broker 0"] [component=sarama]
[2025/02/27 19:29:12.005 +08:00] [DEBUG] [async_producer.go:920] ["producer/broker/0 input chan closed"] [component=sarama]
[2025/02/27 19:29:12.005 +08:00] [DEBUG] [async_producer.go:1020] ["producer/broker/0 shut down"] [component=sarama]
[2025/02/27 19:29:12.105 +08:00] [DEBUG] [sarama.go:129] ["client/metadata fetching metadata for [kafka-test] from broker 127.0.0.1:9092"] [component=sarama]
[2025/02/27 19:29:12.106 +08:00] [DEBUG] [sarama.go:129] ["Connected to broker at 127.0.0.1:9092 (registered as #0)"] [component=sarama]
[2025/02/27 19:29:12.108 +08:00] [DEBUG] [async_producer.go:914] ["producer/broker/0 starting up"] [component=sarama]
[2025/02/27 19:29:12.109 +08:00] [DEBUG] [async_producer.go:930] ["producer/broker/0 state change to [open] on kafka-test/0"] [component=sarama]
[2025/02/27 19:29:12.109 +08:00] [DEBUG] [async_producer.go:624] ["producer/leader/kafka-test/0 selected broker 0"] [component=sarama]
[2025/02/27 19:29:12.109 +08:00] [DEBUG] [async_producer.go:727] ["producer/leader/kafka-test/0 state change to [flushing-1]"] [component=sarama]
[2025/02/27 19:29:12.109 +08:00] [DEBUG] [async_producer.go:749] ["producer/leader/kafka-test/0 state change to [normal]"] [component=sarama]
[2025/02/27 19:29:12.550 +08:00] [DEBUG] [async_producer.go:1192] ["producer/broker/0 state change to [closing] because EOF"] [component=sarama]
[2025/02/27 19:29:12.550 +08:00] [DEBUG] [sarama.go:129] ["Closed connection to broker 127.0.0.1:9092"] [component=sarama]
[2025/02/27 19:29:12.551 +08:00] [DEBUG] [async_producer.go:711] ["producer/leader/kafka-test/0 state change to [retrying-1]"] [component=sarama]
[2025/02/27 19:29:12.551 +08:00] [DEBUG] [async_producer.go:721] ["producer/leader/kafka-test/0 abandoning broker 0"] [component=sarama]
[2025/02/27 19:29:12.551 +08:00] [DEBUG] [async_producer.go:920] ["producer/broker/0 input chan closed"] [component=sarama]
[2025/02/27 19:29:12.551 +08:00] [DEBUG] [async_producer.go:1020] ["producer/broker/0 shut down"] [component=sarama]
[2025/02/27 19:29:12.651 +08:00] [DEBUG] [sarama.go:129] ["client/metadata fetching metadata for [kafka-test] from broker 127.0.0.1:9092"] [component=sarama]
[2025/02/27 19:29:12.651 +08:00] [DEBUG] [sarama.go:129] ["Connected to broker at 127.0.0.1:9092 (registered as #0)"] [component=sarama]
[2025/02/27 19:29:12.654 +08:00] [DEBUG] [async_producer.go:914] ["producer/broker/0 starting up"] [component=sarama]
[2025/02/27 19:29:12.655 +08:00] [DEBUG] [async_producer.go:930] ["producer/broker/0 state change to [open] on kafka-test/0"] [component=sarama]
[2025/02/27 19:29:12.655 +08:00] [DEBUG] [async_producer.go:624] ["producer/leader/kafka-test/0 selected broker 0"] [component=sarama]
[2025/02/27 19:29:12.656 +08:00] [DEBUG] [async_producer.go:727] ["producer/leader/kafka-test/0 state change to [flushing-1]"] [component=sarama]
[2025/02/27 19:29:12.656 +08:00] [DEBUG] [async_producer.go:749] ["producer/leader/kafka-test/0 state change to [normal]"] [component=sarama]
[2025/02/27 19:29:12.858 +08:00] [DEBUG] [async_producer.go:1192] ["producer/broker/0 state change to [closing] because EOF"] [component=sarama]
[2025/02/27 19:29:12.858 +08:00] [DEBUG] [sarama.go:129] ["Closed connection to broker 127.0.0.1:9092"] [component=sarama]
[2025/02/27 19:29:12.858 +08:00] [DEBUG] [async_producer.go:711] ["producer/leader/kafka-test/0 state change to [retrying-1]"] [component=sarama]
[2025/02/27 19:29:12.858 +08:00] [DEBUG] [async_producer.go:721] ["producer/leader/kafka-test/0 abandoning broker 0"] [component=sarama]
[2025/02/27 19:29:12.859 +08:00] [DEBUG] [async_producer.go:920] ["producer/broker/0 input chan closed"] [component=sarama]
[2025/02/27 19:29:12.859 +08:00] [DEBUG] [async_producer.go:1020] ["producer/broker/0 shut down"] [component=sarama]
[2025/02/27 19:29:12.959 +08:00] [DEBUG] [sarama.go:129] ["client/metadata fetching metadata for [kafka-test] from broker 127.0.0.1:9092"] [component=sarama]
[2025/02/27 19:29:12.959 +08:00] [DEBUG] [sarama.go:129] ["Connected to broker at 127.0.0.1:9092 (registered as #0)"] [component=sarama]
[2025/02/27 19:29:12.962 +08:00] [DEBUG] [async_producer.go:914] ["producer/broker/0 starting up"] [component=sarama]
[2025/02/27 19:29:12.962 +08:00] [DEBUG] [async_producer.go:930] ["producer/broker/0 state change to [open] on kafka-test/0"] [component=sarama]
[2025/02/27 19:29:12.962 +08:00] [DEBUG] [async_producer.go:624] ["producer/leader/kafka-test/0 selected broker 0"] [component=sarama]
[2025/02/27 19:29:12.962 +08:00] [DEBUG] [async_producer.go:727] ["producer/leader/kafka-test/0 state change to [flushing-1]"] [component=sarama]
[2025/02/27 19:29:12.962 +08:00] [DEBUG] [async_producer.go:749] ["producer/leader/kafka-test/0 state change to [normal]"] [component=sarama]
[2025/02/27 19:29:13.763 +08:00] [DEBUG] [async_producer.go:1192] ["producer/broker/0 state change to [closing] because EOF"] [component=sarama]
[2025/02/27 19:29:13.763 +08:00] [DEBUG] [sarama.go:129] ["Closed connection to broker 127.0.0.1:9092"] [component=sarama]
[2025/02/27 19:29:13.763 +08:00] [DEBUG] [async_producer.go:711] ["producer/leader/kafka-test/0 state change to [retrying-1]"] [component=sarama]
[2025/02/27 19:29:13.763 +08:00] [DEBUG] [async_producer.go:721] ["producer/leader/kafka-test/0 abandoning broker 0"] [component=sarama]
[2025/02/27 19:29:13.764 +08:00] [DEBUG] [async_producer.go:920] ["producer/broker/0 input chan closed"] [component=sarama]
[2025/02/27 19:29:13.764 +08:00] [DEBUG] [async_producer.go:1020] ["producer/broker/0 shut down"] [component=sarama]
[2025/02/27 19:29:13.864 +08:00] [DEBUG] [sarama.go:129] ["client/metadata fetching metadata for [kafka-test] from broker 127.0.0.1:9092"] [component=sarama]
[2025/02/27 19:29:13.864 +08:00] [DEBUG] [sarama.go:129] ["Connected to broker at 127.0.0.1:9092 (registered as #0)"] [component=sarama]
[2025/02/27 19:29:13.865 +08:00] [DEBUG] [async_producer.go:914] ["producer/broker/0 starting up"] [component=sarama]
[2025/02/27 19:29:13.866 +08:00] [DEBUG] [async_producer.go:930] ["producer/broker/0 state change to [open] on kafka-test/0"] [component=sarama]
[2025/02/27 19:29:13.866 +08:00] [DEBUG] [async_producer.go:624] ["producer/leader/kafka-test/0 selected broker 0"] [component=sarama]
[2025/02/27 19:29:13.866 +08:00] [DEBUG] [async_producer.go:727] ["producer/leader/kafka-test/0 state change to [flushing-1]"] [component=sarama]
[2025/02/27 19:29:13.866 +08:00] [DEBUG] [async_producer.go:749] ["producer/leader/kafka-test/0 state change to [normal]"] [component=sarama]
[2025/02/27 19:29:16.304 +08:00] [DEBUG] [async_producer.go:1192] ["producer/broker/0 state change to [closing] because EOF"] [component=sarama]
[2025/02/27 19:29:16.305 +08:00] [DEBUG] [sarama.go:129] ["Closed connection to broker 127.0.0.1:9092"] [component=sarama]
[2025/02/27 19:29:16.305 +08:00] [DEBUG] [async_producer.go:711] ["producer/leader/kafka-test/0 state change to [retrying-1]"] [component=sarama]
[2025/02/27 19:29:16.305 +08:00] [DEBUG] [async_producer.go:1192] ["producer/broker/0 state change to [closing] because EOF"] [component=sarama]
[2025/02/27 19:29:16.305 +08:00] [DEBUG] [async_producer.go:721] ["producer/leader/kafka-test/0 abandoning broker 0"] [component=sarama]
[2025/02/27 19:29:16.305 +08:00] [DEBUG] [async_producer.go:920] ["producer/broker/0 input chan closed"] [component=sarama]
[2025/02/27 19:29:16.305 +08:00] [DEBUG] [async_producer.go:1020] ["producer/broker/0 shut down"] [component=sarama]
[2025/02/27 19:29:16.406 +08:00] [DEBUG] [sarama.go:129] ["client/metadata fetching metadata for [kafka-test] from broker 127.0.0.1:9092"] [component=sarama]
[2025/02/27 19:29:16.406 +08:00] [DEBUG] [sarama.go:129] ["Connected to broker at 127.0.0.1:9092 (registered as #0)"] [component=sarama]
[2025/02/27 19:29:16.408 +08:00] [DEBUG] [async_producer.go:914] ["producer/broker/0 starting up"] [component=sarama]
[2025/02/27 19:29:16.408 +08:00] [DEBUG] [async_producer.go:930] ["producer/broker/0 state change to [open] on kafka-test/0"] [component=sarama]
[2025/02/27 19:29:16.408 +08:00] [DEBUG] [async_producer.go:624] ["producer/leader/kafka-test/0 selected broker 0"] [component=sarama]
[2025/02/27 19:29:16.408 +08:00] [DEBUG] [async_producer.go:727] ["producer/leader/kafka-test/0 state change to [flushing-1]"] [component=sarama]
[2025/02/27 19:29:16.408 +08:00] [DEBUG] [async_producer.go:749] ["producer/leader/kafka-test/0 state change to [normal]"] [component=sarama]
[2025/02/27 19:29:16.815 +08:00] [INFO] [main.go:161] ["kafka statistics"] [send_qps=941.6] [acked_qps=941.6] [total_send=93138] [total_acked=93138]
[2025/02/27 19:29:17.029 +08:00] [DEBUG] [async_producer.go:1192] ["producer/broker/0 state change to [closing] because EOF"] [component=sarama]
[2025/02/27 19:29:17.030 +08:00] [DEBUG] [sarama.go:129] ["Closed connection to broker 127.0.0.1:9092"] [component=sarama]
[2025/02/27 19:29:17.030 +08:00] [DEBUG] [async_producer.go:711] ["producer/leader/kafka-test/0 state change to [retrying-1]"] [component=sarama]
[2025/02/27 19:29:17.030 +08:00] [DEBUG] [async_producer.go:721] ["producer/leader/kafka-test/0 abandoning broker 0"] [component=sarama]
[2025/02/27 19:29:17.030 +08:00] [DEBUG] [async_producer.go:920] ["producer/broker/0 input chan closed"] [component=sarama]
[2025/02/27 19:29:17.030 +08:00] [DEBUG] [async_producer.go:1020] ["producer/broker/0 shut down"] [component=sarama]
[2025/02/27 19:29:17.130 +08:00] [DEBUG] [sarama.go:129] ["client/metadata fetching metadata for [kafka-test] from broker 127.0.0.1:9092"] [component=sarama]
[2025/02/27 19:29:17.130 +08:00] [DEBUG] [sarama.go:129] ["Connected to broker at 127.0.0.1:9092 (registered as #0)"] [component=sarama]
[2025/02/27 19:29:17.132 +08:00] [DEBUG] [async_producer.go:914] ["producer/broker/0 starting up"] [component=sarama]
[2025/02/27 19:29:17.132 +08:00] [DEBUG] [async_producer.go:930] ["producer/broker/0 state change to [open] on kafka-test/0"] [component=sarama]
[2025/02/27 19:29:17.132 +08:00] [DEBUG] [async_producer.go:624] ["producer/leader/kafka-test/0 selected broker 0"] [component=sarama]
[2025/02/27 19:29:17.132 +08:00] [DEBUG] [async_producer.go:727] ["producer/leader/kafka-test/0 state change to [flushing-1]"] [component=sarama]
[2025/02/27 19:29:17.132 +08:00] [DEBUG] [async_producer.go:749] ["producer/leader/kafka-test/0 state change to [normal]"] [component=sarama]
[2025/02/27 19:29:18.117 +08:00] [DEBUG] [async_producer.go:1192] ["producer/broker/0 state change to [closing] because EOF"] [component=sarama]
[2025/02/27 19:29:18.118 +08:00] [DEBUG] [sarama.go:129] ["Closed connection to broker 127.0.0.1:9092"] [component=sarama]
[2025/02/27 19:29:18.118 +08:00] [DEBUG] [async_producer.go:711] ["producer/leader/kafka-test/0 state change to [retrying-1]"] [component=sarama]
[2025/02/27 19:29:18.118 +08:00] [DEBUG] [async_producer.go:721] ["producer/leader/kafka-test/0 abandoning broker 0"] [component=sarama]
[2025/02/27 19:29:18.118 +08:00] [DEBUG] [async_producer.go:920] ["producer/broker/0 input chan closed"] [component=sarama]
[2025/02/27 19:29:18.118 +08:00] [DEBUG] [async_producer.go:1020] ["producer/broker/0 shut down"] [component=sarama]
[2025/02/27 19:29:18.218 +08:00] [DEBUG] [sarama.go:129] ["client/metadata fetching metadata for [kafka-test] from broker 127.0.0.1:9092"] [component=sarama]
[2025/02/27 19:29:18.219 +08:00] [DEBUG] [sarama.go:129] ["Connected to broker at 127.0.0.1:9092 (registered as #0)"] [component=sarama]
[2025/02/27 19:29:18.220 +08:00] [DEBUG] [async_producer.go:914] ["producer/broker/0 starting up"] [component=sarama]
[2025/02/27 19:29:18.220 +08:00] [DEBUG] [async_producer.go:930] ["producer/broker/0 state change to [open] on kafka-test/0"] [component=sarama]
[2025/02/27 19:29:18.220 +08:00] [DEBUG] [async_producer.go:624] ["producer/leader/kafka-test/0 selected broker 0"] [component=sarama]
[2025/02/27 19:29:18.221 +08:00] [DEBUG] [async_producer.go:727] ["producer/leader/kafka-test/0 state change to [flushing-1]"] [component=sarama]
[2025/02/27 19:29:18.221 +08:00] [DEBUG] [async_producer.go:749] ["producer/leader/kafka-test/0 state change to [normal]"] [component=sarama]
[2025/02/27 19:29:18.688 +08:00] [DEBUG] [async_producer.go:1192] ["producer/broker/0 state change to [closing] because EOF"] [component=sarama]
[2025/02/27 19:29:18.689 +08:00] [DEBUG] [sarama.go:129] ["Closed connection to broker 127.0.0.1:9092"] [component=sarama]
[2025/02/27 19:29:18.689 +08:00] [DEBUG] [async_producer.go:711] ["producer/leader/kafka-test/0 state change to [retrying-1]"] [component=sarama]
[2025/02/27 19:29:18.689 +08:00] [DEBUG] [async_producer.go:721] ["producer/leader/kafka-test/0 abandoning broker 0"] [component=sarama]
[2025/02/27 19:29:18.689 +08:00] [DEBUG] [async_producer.go:920] ["producer/broker/0 input chan closed"] [component=sarama]
[2025/02/27 19:29:18.689 +08:00] [DEBUG] [async_producer.go:1020] ["producer/broker/0 shut down"] [component=sarama]
[2025/02/27 19:29:18.789 +08:00] [DEBUG] [sarama.go:129] ["client/metadata fetching metadata for [kafka-test] from broker 127.0.0.1:9092"] [component=sarama]
[2025/02/27 19:29:18.789 +08:00] [DEBUG] [sarama.go:129] ["Connected to broker at 127.0.0.1:9092 (registered as #0)"] [component=sarama]
[2025/02/27 19:29:18.790 +08:00] [DEBUG] [async_producer.go:914] ["producer/broker/0 starting up"] [component=sarama]
[2025/02/27 19:29:18.790 +08:00] [DEBUG] [async_producer.go:930] ["producer/broker/0 state change to [open] on kafka-test/0"] [component=sarama]
[2025/02/27 19:29:18.791 +08:00] [DEBUG] [async_producer.go:624] ["producer/leader/kafka-test/0 selected broker 0"] [component=sarama]
[2025/02/27 19:29:18.791 +08:00] [DEBUG] [async_producer.go:727] ["producer/leader/kafka-test/0 state change to [flushing-1]"] [component=sarama]
[2025/02/27 19:29:18.791 +08:00] [DEBUG] [async_producer.go:749] ["producer/leader/kafka-test/0 state change to [normal]"] [component=sarama]
[2025/02/27 19:29:19.176 +08:00] [DEBUG] [async_producer.go:1192] ["producer/broker/0 state change to [closing] because EOF"] [component=sarama]
[2025/02/27 19:29:19.177 +08:00] [DEBUG] [sarama.go:129] ["Closed connection to broker 127.0.0.1:9092"] [component=sarama]
[2025/02/27 19:29:19.177 +08:00] [DEBUG] [async_producer.go:711] ["producer/leader/kafka-test/0 state change to [retrying-1]"] [component=sarama]
[2025/02/27 19:29:19.177 +08:00] [DEBUG] [async_producer.go:721] ["producer/leader/kafka-test/0 abandoning broker 0"] [component=sarama]
[2025/02/27 19:29:19.177 +08:00] [DEBUG] [async_producer.go:920] ["producer/broker/0 input chan closed"] [component=sarama]
[2025/02/27 19:29:19.177 +08:00] [DEBUG] [async_producer.go:1020] ["producer/broker/0 shut down"] [component=sarama]
[2025/02/27 19:29:19.277 +08:00] [DEBUG] [sarama.go:129] ["client/metadata fetching metadata for [kafka-test] from broker 127.0.0.1:9092"] [component=sarama]
[2025/02/27 19:29:19.277 +08:00] [DEBUG] [sarama.go:129] ["Connected to broker at 127.0.0.1:9092 (registered as #0)"] [component=sarama]
[2025/02/27 19:29:19.278 +08:00] [DEBUG] [async_producer.go:914] ["producer/broker/0 starting up"] [component=sarama]
[2025/02/27 19:29:19.278 +08:00] [DEBUG] [async_producer.go:930] ["producer/broker/0 state change to [open] on kafka-test/0"] [component=sarama]
[2025/02/27 19:29:19.278 +08:00] [DEBUG] [async_producer.go:624] ["producer/leader/kafka-test/0 selected broker 0"] [component=sarama]
[2025/02/27 19:29:19.278 +08:00] [DEBUG] [async_producer.go:727] ["producer/leader/kafka-test/0 state change to [flushing-1]"] [component=sarama]
[2025/02/27 19:29:19.278 +08:00] [DEBUG] [async_producer.go:749] ["producer/leader/kafka-test/0 state change to [normal]"] [component=sarama]
[2025/02/27 19:29:19.441 +08:00] [DEBUG] [async_producer.go:1192] ["producer/broker/0 state change to [closing] because EOF"] [component=sarama]
[2025/02/27 19:29:19.442 +08:00] [DEBUG] [sarama.go:129] ["Closed connection to broker 127.0.0.1:9092"] [component=sarama]
[2025/02/27 19:29:19.442 +08:00] [DEBUG] [async_producer.go:711] ["producer/leader/kafka-test/0 state change to [retrying-1]"] [component=sarama]
[2025/02/27 19:29:19.442 +08:00] [DEBUG] [async_producer.go:721] ["producer/leader/kafka-test/0 abandoning broker 0"] [component=sarama]
[2025/02/27 19:29:19.442 +08:00] [DEBUG] [async_producer.go:920] ["producer/broker/0 input chan closed"] [component=sarama]
[2025/02/27 19:29:19.442 +08:00] [DEBUG] [async_producer.go:1020] ["producer/broker/0 shut down"] [component=sarama]
[2025/02/27 19:29:19.542 +08:00] [DEBUG] [sarama.go:129] ["client/metadata fetching metadata for [kafka-test] from broker 127.0.0.1:9092"] [component=sarama]
[2025/02/27 19:29:19.542 +08:00] [DEBUG] [sarama.go:129] ["Connected to broker at 127.0.0.1:9092 (registered as #0)"] [component=sarama]
[2025/02/27 19:29:19.544 +08:00] [DEBUG] [async_producer.go:914] ["producer/broker/0 starting up"] [component=sarama]
[2025/02/27 19:29:19.544 +08:00] [DEBUG] [async_producer.go:930] ["producer/broker/0 state change to [open] on kafka-test/0"] [component=sarama]
[2025/02/27 19:29:19.544 +08:00] [DEBUG] [async_producer.go:624] ["producer/leader/kafka-test/0 selected broker 0"] [component=sarama]
[2025/02/27 19:29:19.544 +08:00] [DEBUG] [async_producer.go:727] ["producer/leader/kafka-test/0 state change to [flushing-1]"] [component=sarama]
[2025/02/27 19:29:19.545 +08:00] [DEBUG] [async_producer.go:749] ["producer/leader/kafka-test/0 state change to [normal]"] [component=sarama]
[2025/02/27 19:29:19.698 +08:00] [DEBUG] [async_producer.go:1192] ["producer/broker/0 state change to [closing] because EOF"] [component=sarama]
[2025/02/27 19:29:19.698 +08:00] [DEBUG] [sarama.go:129] ["Closed connection to broker 127.0.0.1:9092"] [component=sarama]
[2025/02/27 19:29:19.698 +08:00] [DEBUG] [async_producer.go:711] ["producer/leader/kafka-test/0 state change to [retrying-1]"] [component=sarama]
[2025/02/27 19:29:19.698 +08:00] [DEBUG] [async_producer.go:721] ["producer/leader/kafka-test/0 abandoning broker 0"] [component=sarama]
[2025/02/27 19:29:19.698 +08:00] [DEBUG] [async_producer.go:920] ["producer/broker/0 input chan closed"] [component=sarama]
[2025/02/27 19:29:19.698 +08:00] [DEBUG] [async_producer.go:1020] ["producer/broker/0 shut down"] [component=sarama]
[2025/02/27 19:29:19.799 +08:00] [DEBUG] [sarama.go:129] ["client/metadata fetching metadata for [kafka-test] from broker 127.0.0.1:9092"] [component=sarama]
[2025/02/27 19:29:19.799 +08:00] [DEBUG] [sarama.go:129] ["Connected to broker at 127.0.0.1:9092 (registered as #0)"] [component=sarama]
[2025/02/27 19:29:19.801 +08:00] [DEBUG] [async_producer.go:914] ["producer/broker/0 starting up"] [component=sarama]
[2025/02/27 19:29:19.801 +08:00] [DEBUG] [async_producer.go:930] ["producer/broker/0 state change to [open] on kafka-test/0"] [component=sarama]
[2025/02/27 19:29:19.801 +08:00] [DEBUG] [async_producer.go:624] ["producer/leader/kafka-test/0 selected broker 0"] [component=sarama]
[2025/02/27 19:29:19.801 +08:00] [DEBUG] [async_producer.go:727] ["producer/leader/kafka-test/0 state change to [flushing-1]"] [component=sarama]
[2025/02/27 19:29:19.801 +08:00] [DEBUG] [async_producer.go:749] ["producer/leader/kafka-test/0 state change to [normal]"] [component=sarama]
[2025/02/27 19:29:20.313 +08:00] [DEBUG] [async_producer.go:1192] ["producer/broker/0 state change to [closing] because EOF"] [component=sarama]
[2025/02/27 19:29:20.313 +08:00] [DEBUG] [sarama.go:129] ["Closed connection to broker 127.0.0.1:9092"] [component=sarama]
[2025/02/27 19:29:20.313 +08:00] [DEBUG] [async_producer.go:711] ["producer/leader/kafka-test/0 state change to [retrying-1]"] [component=sarama]
[2025/02/27 19:29:20.313 +08:00] [DEBUG] [async_producer.go:721] ["producer/leader/kafka-test/0 abandoning broker 0"] [component=sarama]
[2025/02/27 19:29:20.313 +08:00] [DEBUG] [async_producer.go:920] ["producer/broker/0 input chan closed"] [component=sarama]
[2025/02/27 19:29:20.313 +08:00] [DEBUG] [async_producer.go:1020] ["producer/broker/0 shut down"] [component=sarama]
[2025/02/27 19:29:20.413 +08:00] [DEBUG] [sarama.go:129] ["client/metadata fetching metadata for [kafka-test] from broker 127.0.0.1:9092"] [component=sarama]
[2025/02/27 19:29:20.414 +08:00] [DEBUG] [sarama.go:129] ["Connected to broker at 127.0.0.1:9092 (registered as #0)"] [component=sarama]
[2025/02/27 19:29:20.416 +08:00] [DEBUG] [async_producer.go:914] ["producer/broker/0 starting up"] [component=sarama]
[2025/02/27 19:29:20.416 +08:00] [DEBUG] [async_producer.go:930] ["producer/broker/0 state change to [open] on kafka-test/0"] [component=sarama]
[2025/02/27 19:29:20.416 +08:00] [DEBUG] [async_producer.go:624] ["producer/leader/kafka-test/0 selected broker 0"] [component=sarama]
[2025/02/27 19:29:20.416 +08:00] [DEBUG] [async_producer.go:727] ["producer/leader/kafka-test/0 state change to [flushing-1]"] [component=sarama]
[2025/02/27 19:29:20.416 +08:00] [DEBUG] [async_producer.go:749] ["producer/leader/kafka-test/0 state change to [normal]"] [component=sarama]
[2025/02/27 19:29:20.888 +08:00] [DEBUG] [async_producer.go:1192] ["producer/broker/0 state change to [closing] because EOF"] [component=sarama]
[2025/02/27 19:29:20.888 +08:00] [DEBUG] [sarama.go:129] ["Closed connection to broker 127.0.0.1:9092"] [component=sarama]
[2025/02/27 19:29:20.888 +08:00] [DEBUG] [async_producer.go:711] ["producer/leader/kafka-test/0 state change to [retrying-1]"] [component=sarama]
[2025/02/27 19:29:20.888 +08:00] [DEBUG] [async_producer.go:721] ["producer/leader/kafka-test/0 abandoning broker 0"] [component=sarama]
[2025/02/27 19:29:20.888 +08:00] [DEBUG] [async_producer.go:920] ["producer/broker/0 input chan closed"] [component=sarama]
[2025/02/27 19:29:20.888 +08:00] [DEBUG] [async_producer.go:1020] ["producer/broker/0 shut down"] [component=sarama]
[2025/02/27 19:29:20.988 +08:00] [DEBUG] [sarama.go:129] ["client/metadata fetching metadata for [kafka-test] from broker 127.0.0.1:9092"] [component=sarama]
[2025/02/27 19:29:20.988 +08:00] [DEBUG] [sarama.go:129] ["Connected to broker at 127.0.0.1:9092 (registered as #0)"] [component=sarama]
[2025/02/27 19:29:20.990 +08:00] [DEBUG] [async_producer.go:914] ["producer/broker/0 starting up"] [component=sarama]
[2025/02/27 19:29:20.990 +08:00] [DEBUG] [async_producer.go:930] ["producer/broker/0 state change to [open] on kafka-test/0"] [component=sarama]
[2025/02/27 19:29:20.990 +08:00] [DEBUG] [async_producer.go:624] ["producer/leader/kafka-test/0 selected broker 0"] [component=sarama]
[2025/02/27 19:29:20.990 +08:00] [DEBUG] [async_producer.go:727] ["producer/leader/kafka-test/0 state change to [flushing-1]"] [component=sarama]
[2025/02/27 19:29:20.990 +08:00] [DEBUG] [async_producer.go:749] ["producer/leader/kafka-test/0 state change to [normal]"] [component=sarama]
[2025/02/27 19:29:21.815 +08:00] [INFO] [main.go:161] ["kafka statistics"] [send_qps=984.4] [acked_qps=984.4] [total_send=98060] [total_acked=98060]
[2025/02/27 19:29:23.164 +08:00] [DEBUG] [async_producer.go:1192] ["producer/broker/0 state change to [closing] because EOF"] [component=sarama]
[2025/02/27 19:29:23.164 +08:00] [DEBUG] [sarama.go:129] ["Closed connection to broker 127.0.0.1:9092"] [component=sarama]
[2025/02/27 19:29:23.164 +08:00] [DEBUG] [async_producer.go:711] ["producer/leader/kafka-test/0 state change to [retrying-1]"] [component=sarama]
[2025/02/27 19:29:23.164 +08:00] [DEBUG] [async_producer.go:721] ["producer/leader/kafka-test/0 abandoning broker 0"] [component=sarama]
[2025/02/27 19:29:23.164 +08:00] [DEBUG] [async_producer.go:920] ["producer/broker/0 input chan closed"] [component=sarama]
[2025/02/27 19:29:23.164 +08:00] [DEBUG] [async_producer.go:1020] ["producer/broker/0 shut down"] [component=sarama]
[2025/02/27 19:29:23.264 +08:00] [DEBUG] [sarama.go:129] ["client/metadata fetching metadata for [kafka-test] from broker 127.0.0.1:9092"] [component=sarama]
[2025/02/27 19:29:23.264 +08:00] [DEBUG] [sarama.go:129] ["Connected to broker at 127.0.0.1:9092 (registered as #0)"] [component=sarama]
[2025/02/27 19:29:23.266 +08:00] [DEBUG] [async_producer.go:914] ["producer/broker/0 starting up"] [component=sarama]
[2025/02/27 19:29:23.266 +08:00] [DEBUG] [async_producer.go:930] ["producer/broker/0 state change to [open] on kafka-test/0"] [component=sarama]
[2025/02/27 19:29:23.266 +08:00] [DEBUG] [async_producer.go:624] ["producer/leader/kafka-test/0 selected broker 0"] [component=sarama]
[2025/02/27 19:29:23.266 +08:00] [DEBUG] [async_producer.go:727] ["producer/leader/kafka-test/0 state change to [flushing-1]"] [component=sarama]
[2025/02/27 19:29:23.266 +08:00] [DEBUG] [async_producer.go:749] ["producer/leader/kafka-test/0 state change to [normal]"] [component=sarama]
[2025/02/27 19:29:23.454 +08:00] [DEBUG] [async_producer.go:1192] ["producer/broker/0 state change to [closing] because EOF"] [component=sarama]
[2025/02/27 19:29:23.455 +08:00] [DEBUG] [sarama.go:129] ["Closed connection to broker 127.0.0.1:9092"] [component=sarama]
[2025/02/27 19:29:23.455 +08:00] [DEBUG] [async_producer.go:711] ["producer/leader/kafka-test/0 state change to [retrying-1]"] [component=sarama]
[2025/02/27 19:29:23.455 +08:00] [DEBUG] [async_producer.go:721] ["producer/leader/kafka-test/0 abandoning broker 0"] [component=sarama]
[2025/02/27 19:29:23.455 +08:00] [DEBUG] [async_producer.go:920] ["producer/broker/0 input chan closed"] [component=sarama]
[2025/02/27 19:29:23.455 +08:00] [DEBUG] [async_producer.go:1020] ["producer/broker/0 shut down"] [component=sarama]
[2025/02/27 19:29:23.555 +08:00] [DEBUG] [sarama.go:129] ["client/metadata fetching metadata for [kafka-test] from broker 127.0.0.1:9092"] [component=sarama]
[2025/02/27 19:29:23.555 +08:00] [DEBUG] [sarama.go:129] ["Connected to broker at 127.0.0.1:9092 (registered as #0)"] [component=sarama]
[2025/02/27 19:29:23.557 +08:00] [DEBUG] [async_producer.go:914] ["producer/broker/0 starting up"] [component=sarama]
[2025/02/27 19:29:23.557 +08:00] [DEBUG] [async_producer.go:930] ["producer/broker/0 state change to [open] on kafka-test/0"] [component=sarama]
[2025/02/27 19:29:23.557 +08:00] [DEBUG] [async_producer.go:624] ["producer/leader/kafka-test/0 selected broker 0"] [component=sarama]
[2025/02/27 19:29:23.557 +08:00] [DEBUG] [async_producer.go:727] ["producer/leader/kafka-test/0 state change to [flushing-1]"] [component=sarama]
[2025/02/27 19:29:23.557 +08:00] [DEBUG] [async_producer.go:749] ["producer/leader/kafka-test/0 state change to [normal]"] [component=sarama]
[2025/02/27 19:29:23.861 +08:00] [DEBUG] [async_producer.go:1192] ["producer/broker/0 state change to [closing] because EOF"] [component=sarama]
[2025/02/27 19:29:23.861 +08:00] [DEBUG] [sarama.go:129] ["Closed connection to broker 127.0.0.1:9092"] [component=sarama]
[2025/02/27 19:29:23.861 +08:00] [DEBUG] [async_producer.go:711] ["producer/leader/kafka-test/0 state change to [retrying-1]"] [component=sarama]
[2025/02/27 19:29:23.861 +08:00] [DEBUG] [async_producer.go:721] ["producer/leader/kafka-test/0 abandoning broker 0"] [component=sarama]
[2025/02/27 19:29:23.861 +08:00] [DEBUG] [async_producer.go:920] ["producer/broker/0 input chan closed"] [component=sarama]
[2025/02/27 19:29:23.861 +08:00] [DEBUG] [async_producer.go:1020] ["producer/broker/0 shut down"] [component=sarama]
[2025/02/27 19:29:23.961 +08:00] [DEBUG] [sarama.go:129] ["client/metadata fetching metadata for [kafka-test] from broker 127.0.0.1:9092"] [component=sarama]
[2025/02/27 19:29:23.961 +08:00] [DEBUG] [sarama.go:129] ["Connected to broker at 127.0.0.1:9092 (registered as #0)"] [component=sarama]
[2025/02/27 19:29:23.963 +08:00] [DEBUG] [async_producer.go:914] ["producer/broker/0 starting up"] [component=sarama]
[2025/02/27 19:29:23.963 +08:00] [DEBUG] [async_producer.go:930] ["producer/broker/0 state change to [open] on kafka-test/0"] [component=sarama]
[2025/02/27 19:29:23.963 +08:00] [DEBUG] [async_producer.go:624] ["producer/leader/kafka-test/0 selected broker 0"] [component=sarama]
[2025/02/27 19:29:23.963 +08:00] [DEBUG] [async_producer.go:727] ["producer/leader/kafka-test/0 state change to [flushing-1]"] [component=sarama]
[2025/02/27 19:29:23.963 +08:00] [DEBUG] [async_producer.go:749] ["producer/leader/kafka-test/0 state change to [normal]"] [component=sarama]
[2025/02/27 19:29:25.631 +08:00] [DEBUG] [async_producer.go:1192] ["producer/broker/0 state change to [closing] because EOF"] [component=sarama]
[2025/02/27 19:29:25.631 +08:00] [DEBUG] [sarama.go:129] ["Closed connection to broker 127.0.0.1:9092"] [component=sarama]
[2025/02/27 19:29:25.631 +08:00] [DEBUG] [async_producer.go:711] ["producer/leader/kafka-test/0 state change to [retrying-1]"] [component=sarama]
[2025/02/27 19:29:25.631 +08:00] [DEBUG] [async_producer.go:721] ["producer/leader/kafka-test/0 abandoning broker 0"] [component=sarama]
[2025/02/27 19:29:25.631 +08:00] [DEBUG] [async_producer.go:920] ["producer/broker/0 input chan closed"] [component=sarama]
[2025/02/27 19:29:25.631 +08:00] [DEBUG] [async_producer.go:1020] ["producer/broker/0 shut down"] [component=sarama]
[2025/02/27 19:29:25.731 +08:00] [DEBUG] [sarama.go:129] ["client/metadata fetching metadata for [kafka-test] from broker 127.0.0.1:9092"] [component=sarama]
[2025/02/27 19:29:25.731 +08:00] [DEBUG] [sarama.go:129] ["Connected to broker at 127.0.0.1:9092 (registered as #0)"] [component=sarama]
[2025/02/27 19:29:25.733 +08:00] [DEBUG] [async_producer.go:914] ["producer/broker/0 starting up"] [component=sarama]
[2025/02/27 19:29:25.733 +08:00] [DEBUG] [async_producer.go:930] ["producer/broker/0 state change to [open] on kafka-test/0"] [component=sarama]
[2025/02/27 19:29:25.733 +08:00] [DEBUG] [async_producer.go:624] ["producer/leader/kafka-test/0 selected broker 0"] [component=sarama]
[2025/02/27 19:29:25.733 +08:00] [DEBUG] [async_producer.go:727] ["producer/leader/kafka-test/0 state change to [flushing-1]"] [component=sarama]
[2025/02/27 19:29:25.734 +08:00] [DEBUG] [async_producer.go:749] ["producer/leader/kafka-test/0 state change to [normal]"] [component=sarama]
[2025/02/27 19:29:26.815 +08:00] [INFO] [main.go:161] ["kafka statistics"] [send_qps=993.6] [acked_qps=993.6] [total_send=103028] [total_acked=103028]
[2025/02/27 19:29:27.123 +08:00] [DEBUG] [async_producer.go:1192] ["producer/broker/0 state change to [closing] because EOF"] [component=sarama]
[2025/02/27 19:29:27.123 +08:00] [DEBUG] [sarama.go:129] ["Closed connection to broker 127.0.0.1:9092"] [component=sarama]
[2025/02/27 19:29:27.123 +08:00] [DEBUG] [async_producer.go:711] ["producer/leader/kafka-test/0 state change to [retrying-1]"] [component=sarama]
[2025/02/27 19:29:27.123 +08:00] [DEBUG] [async_producer.go:721] ["producer/leader/kafka-test/0 abandoning broker 0"] [component=sarama]
[2025/02/27 19:29:27.123 +08:00] [DEBUG] [async_producer.go:920] ["producer/broker/0 input chan closed"] [component=sarama]
[2025/02/27 19:29:27.123 +08:00] [DEBUG] [async_producer.go:1020] ["producer/broker/0 shut down"] [component=sarama]
[2025/02/27 19:29:27.223 +08:00] [DEBUG] [sarama.go:129] ["client/metadata fetching metadata for [kafka-test] from broker 127.0.0.1:9092"] [component=sarama]
[2025/02/27 19:29:27.224 +08:00] [DEBUG] [sarama.go:129] ["Connected to broker at 127.0.0.1:9092 (registered as #0)"] [component=sarama]
[2025/02/27 19:29:27.225 +08:00] [DEBUG] [async_producer.go:914] ["producer/broker/0 starting up"] [component=sarama]
[2025/02/27 19:29:27.225 +08:00] [DEBUG] [async_producer.go:930] ["producer/broker/0 state change to [open] on kafka-test/0"] [component=sarama]
[2025/02/27 19:29:27.226 +08:00] [DEBUG] [async_producer.go:624] ["producer/leader/kafka-test/0 selected broker 0"] [component=sarama]
[2025/02/27 19:29:27.226 +08:00] [DEBUG] [async_producer.go:727] ["producer/leader/kafka-test/0 state change to [flushing-1]"] [component=sarama]
[2025/02/27 19:29:27.226 +08:00] [DEBUG] [async_producer.go:749] ["producer/leader/kafka-test/0 state change to [normal]"] [component=sarama]
[2025/02/27 19:29:28.849 +08:00] [DEBUG] [async_producer.go:1192] ["producer/broker/0 state change to [closing] because EOF"] [component=sarama]
[2025/02/27 19:29:28.850 +08:00] [DEBUG] [sarama.go:129] ["Closed connection to broker 127.0.0.1:9092"] [component=sarama]
[2025/02/27 19:29:28.850 +08:00] [DEBUG] [async_producer.go:711] ["producer/leader/kafka-test/0 state change to [retrying-1]"] [component=sarama]
[2025/02/27 19:29:28.850 +08:00] [DEBUG] [async_producer.go:721] ["producer/leader/kafka-test/0 abandoning broker 0"] [component=sarama]
[2025/02/27 19:29:28.850 +08:00] [DEBUG] [async_producer.go:920] ["producer/broker/0 input chan closed"] [component=sarama]
[2025/02/27 19:29:28.850 +08:00] [DEBUG] [async_producer.go:1020] ["producer/broker/0 shut down"] [component=sarama]
[2025/02/27 19:29:28.950 +08:00] [DEBUG] [sarama.go:129] ["client/metadata fetching metadata for [kafka-test] from broker 127.0.0.1:9092"] [component=sarama]
[2025/02/27 19:29:28.951 +08:00] [DEBUG] [sarama.go:129] ["Connected to broker at 127.0.0.1:9092 (registered as #0)"] [component=sarama]
[2025/02/27 19:29:28.954 +08:00] [DEBUG] [async_producer.go:914] ["producer/broker/0 starting up"] [component=sarama]
[2025/02/27 19:29:28.954 +08:00] [DEBUG] [async_producer.go:930] ["producer/broker/0 state change to [open] on kafka-test/0"] [component=sarama]
[2025/02/27 19:29:28.954 +08:00] [DEBUG] [async_producer.go:624] ["producer/leader/kafka-test/0 selected broker 0"] [component=sarama]
[2025/02/27 19:29:28.954 +08:00] [DEBUG] [async_producer.go:727] ["producer/leader/kafka-test/0 state change to [flushing-1]"] [component=sarama]
[2025/02/27 19:29:28.954 +08:00] [DEBUG] [async_producer.go:749] ["producer/leader/kafka-test/0 state change to [normal]"] [component=sarama]
[2025/02/27 19:29:30.526 +08:00] [DEBUG] [async_producer.go:1192] ["producer/broker/0 state change to [closing] because EOF"] [component=sarama]
[2025/02/27 19:29:30.526 +08:00] [DEBUG] [sarama.go:129] ["Closed connection to broker 127.0.0.1:9092"] [component=sarama]
[2025/02/27 19:29:30.526 +08:00] [DEBUG] [async_producer.go:711] ["producer/leader/kafka-test/0 state change to [retrying-1]"] [component=sarama]
[2025/02/27 19:29:30.526 +08:00] [DEBUG] [async_producer.go:721] ["producer/leader/kafka-test/0 abandoning broker 0"] [component=sarama]
[2025/02/27 19:29:30.526 +08:00] [DEBUG] [async_producer.go:920] ["producer/broker/0 input chan closed"] [component=sarama]
[2025/02/27 19:29:30.526 +08:00] [DEBUG] [async_producer.go:1020] ["producer/broker/0 shut down"] [component=sarama]
[2025/02/27 19:29:30.626 +08:00] [DEBUG] [sarama.go:129] ["client/metadata fetching metadata for [kafka-test] from broker 127.0.0.1:9092"] [component=sarama]
[2025/02/27 19:29:30.627 +08:00] [DEBUG] [sarama.go:129] ["Connected to broker at 127.0.0.1:9092 (registered as #0)"] [component=sarama]
[2025/02/27 19:29:30.628 +08:00] [DEBUG] [async_producer.go:914] ["producer/broker/0 starting up"] [component=sarama]
[2025/02/27 19:29:30.628 +08:00] [DEBUG] [async_producer.go:930] ["producer/broker/0 state change to [open] on kafka-test/0"] [component=sarama]
[2025/02/27 19:29:30.628 +08:00] [DEBUG] [async_producer.go:624] ["producer/leader/kafka-test/0 selected broker 0"] [component=sarama]
[2025/02/27 19:29:30.628 +08:00] [DEBUG] [async_producer.go:727] ["producer/leader/kafka-test/0 state change to [flushing-1]"] [component=sarama]
[2025/02/27 19:29:30.628 +08:00] [DEBUG] [async_producer.go:749] ["producer/leader/kafka-test/0 state change to [normal]"] [component=sarama]
[2025/02/27 19:29:31.117 +08:00] [DEBUG] [async_producer.go:1192] ["producer/broker/0 state change to [closing] because EOF"] [component=sarama]
[2025/02/27 19:29:31.117 +08:00] [DEBUG] [sarama.go:129] ["Closed connection to broker 127.0.0.1:9092"] [component=sarama]
[2025/02/27 19:29:31.117 +08:00] [DEBUG] [async_producer.go:711] ["producer/leader/kafka-test/0 state change to [retrying-1]"] [component=sarama]
[2025/02/27 19:29:31.117 +08:00] [DEBUG] [async_producer.go:721] ["producer/leader/kafka-test/0 abandoning broker 0"] [component=sarama]
[2025/02/27 19:29:31.117 +08:00] [DEBUG] [async_producer.go:920] ["producer/broker/0 input chan closed"] [component=sarama]
[2025/02/27 19:29:31.117 +08:00] [DEBUG] [async_producer.go:1020] ["producer/broker/0 shut down"] [component=sarama]
[2025/02/27 19:29:31.217 +08:00] [DEBUG] [sarama.go:129] ["client/metadata fetching metadata for [kafka-test] from broker 127.0.0.1:9092"] [component=sarama]
[2025/02/27 19:29:31.218 +08:00] [DEBUG] [sarama.go:129] ["Connected to broker at 127.0.0.1:9092 (registered as #0)"] [component=sarama]
[2025/02/27 19:29:31.219 +08:00] [DEBUG] [async_producer.go:914] ["producer/broker/0 starting up"] [component=sarama]
[2025/02/27 19:29:31.219 +08:00] [DEBUG] [async_producer.go:930] ["producer/broker/0 state change to [open] on kafka-test/0"] [component=sarama]
[2025/02/27 19:29:31.219 +08:00] [DEBUG] [async_producer.go:624] ["producer/leader/kafka-test/0 selected broker 0"] [component=sarama]
[2025/02/27 19:29:31.219 +08:00] [DEBUG] [async_producer.go:727] ["producer/leader/kafka-test/0 state change to [flushing-1]"] [component=sarama]
[2025/02/27 19:29:31.219 +08:00] [DEBUG] [async_producer.go:749] ["producer/leader/kafka-test/0 state change to [normal]"] [component=sarama]
[2025/02/27 19:29:31.242 +08:00] [DEBUG] [async_producer.go:1192] ["producer/broker/0 state change to [closing] because EOF"] [component=sarama]
[2025/02/27 19:29:31.242 +08:00] [DEBUG] [sarama.go:129] ["Closed connection to broker 127.0.0.1:9092"] [component=sarama]
[2025/02/27 19:29:31.242 +08:00] [DEBUG] [async_producer.go:711] ["producer/leader/kafka-test/0 state change to [retrying-1]"] [component=sarama]
[2025/02/27 19:29:31.242 +08:00] [DEBUG] [async_producer.go:721] ["producer/leader/kafka-test/0 abandoning broker 0"] [component=sarama]
[2025/02/27 19:29:31.242 +08:00] [DEBUG] [async_producer.go:920] ["producer/broker/0 input chan closed"] [component=sarama]
[2025/02/27 19:29:31.242 +08:00] [DEBUG] [async_producer.go:1020] ["producer/broker/0 shut down"] [component=sarama]
[2025/02/27 19:29:31.342 +08:00] [DEBUG] [sarama.go:129] ["client/metadata fetching metadata for [kafka-test] from broker 127.0.0.1:9092"] [component=sarama]
[2025/02/27 19:29:31.343 +08:00] [DEBUG] [sarama.go:129] ["Connected to broker at 127.0.0.1:9092 (registered as #0)"] [component=sarama]
[2025/02/27 19:29:31.345 +08:00] [DEBUG] [async_producer.go:914] ["producer/broker/0 starting up"] [component=sarama]
[2025/02/27 19:29:31.345 +08:00] [DEBUG] [async_producer.go:930] ["producer/broker/0 state change to [open] on kafka-test/0"] [component=sarama]
[2025/02/27 19:29:31.345 +08:00] [DEBUG] [async_producer.go:624] ["producer/leader/kafka-test/0 selected broker 0"] [component=sarama]
[2025/02/27 19:29:31.346 +08:00] [DEBUG] [async_producer.go:727] ["producer/leader/kafka-test/0 state change to [flushing-1]"] [component=sarama]
[2025/02/27 19:29:31.346 +08:00] [DEBUG] [async_producer.go:749] ["producer/leader/kafka-test/0 state change to [normal]"] [component=sarama]
[2025/02/27 19:29:31.815 +08:00] [INFO] [main.go:161] ["kafka statistics"] [send_qps=989.6] [acked_qps=989.6] [total_send=107976] [total_acked=107976]
[2025/02/27 19:29:31.840 +08:00] [DEBUG] [async_producer.go:1192] ["producer/broker/0 state change to [closing] because EOF"] [component=sarama]
[2025/02/27 19:29:31.840 +08:00] [DEBUG] [sarama.go:129] ["Closed connection to broker 127.0.0.1:9092"] [component=sarama]
[2025/02/27 19:29:31.841 +08:00] [DEBUG] [async_producer.go:711] ["producer/leader/kafka-test/0 state change to [retrying-1]"] [component=sarama]
[2025/02/27 19:29:31.841 +08:00] [DEBUG] [async_producer.go:721] ["producer/leader/kafka-test/0 abandoning broker 0"] [component=sarama]
[2025/02/27 19:29:31.841 +08:00] [DEBUG] [async_producer.go:920] ["producer/broker/0 input chan closed"] [component=sarama]
[2025/02/27 19:29:31.841 +08:00] [DEBUG] [async_producer.go:1020] ["producer/broker/0 shut down"] [component=sarama]
[2025/02/27 19:29:31.941 +08:00] [DEBUG] [sarama.go:129] ["client/metadata fetching metadata for [kafka-test] from broker 127.0.0.1:9092"] [component=sarama]
[2025/02/27 19:29:31.941 +08:00] [DEBUG] [sarama.go:129] ["Connected to broker at 127.0.0.1:9092 (registered as #0)"] [component=sarama]
[2025/02/27 19:29:31.944 +08:00] [DEBUG] [async_producer.go:914] ["producer/broker/0 starting up"] [component=sarama]
[2025/02/27 19:29:31.944 +08:00] [DEBUG] [async_producer.go:930] ["producer/broker/0 state change to [open] on kafka-test/0"] [component=sarama]
[2025/02/27 19:29:31.944 +08:00] [DEBUG] [async_producer.go:624] ["producer/leader/kafka-test/0 selected broker 0"] [component=sarama]
[2025/02/27 19:29:31.944 +08:00] [DEBUG] [async_producer.go:727] ["producer/leader/kafka-test/0 state change to [flushing-1]"] [component=sarama]
[2025/02/27 19:29:31.945 +08:00] [DEBUG] [async_producer.go:749] ["producer/leader/kafka-test/0 state change to [normal]"] [component=sarama]
[2025/02/27 19:29:32.016 +08:00] [DEBUG] [async_producer.go:1192] ["producer/broker/0 state change to [closing] because EOF"] [component=sarama]
[2025/02/27 19:29:32.016 +08:00] [DEBUG] [sarama.go:129] ["Closed connection to broker 127.0.0.1:9092"] [component=sarama]
[2025/02/27 19:29:32.016 +08:00] [DEBUG] [async_producer.go:711] ["producer/leader/kafka-test/0 state change to [retrying-1]"] [component=sarama]
[2025/02/27 19:29:32.016 +08:00] [DEBUG] [async_producer.go:721] ["producer/leader/kafka-test/0 abandoning broker 0"] [component=sarama]
[2025/02/27 19:29:32.016 +08:00] [DEBUG] [async_producer.go:920] ["producer/broker/0 input chan closed"] [component=sarama]
[2025/02/27 19:29:32.016 +08:00] [DEBUG] [async_producer.go:1020] ["producer/broker/0 shut down"] [component=sarama]
[2025/02/27 19:29:32.116 +08:00] [DEBUG] [sarama.go:129] ["client/metadata fetching metadata for [kafka-test] from broker 127.0.0.1:9092"] [component=sarama]
[2025/02/27 19:29:32.121 +08:00] [DEBUG] [sarama.go:129] ["Connected to broker at 127.0.0.1:9092 (registered as #0)"] [component=sarama]
[2025/02/27 19:29:32.129 +08:00] [DEBUG] [async_producer.go:914] ["producer/broker/0 starting up"] [component=sarama]
[2025/02/27 19:29:32.129 +08:00] [DEBUG] [async_producer.go:930] ["producer/broker/0 state change to [open] on kafka-test/0"] [component=sarama]
[2025/02/27 19:29:32.129 +08:00] [DEBUG] [async_producer.go:624] ["producer/leader/kafka-test/0 selected broker 0"] [component=sarama]
[2025/02/27 19:29:32.129 +08:00] [DEBUG] [async_producer.go:727] ["producer/leader/kafka-test/0 state change to [flushing-1]"] [component=sarama]
[2025/02/27 19:29:32.129 +08:00] [DEBUG] [async_producer.go:749] ["producer/leader/kafka-test/0 state change to [normal]"] [component=sarama]
[2025/02/27 19:29:32.233 +08:00] [DEBUG] [async_producer.go:1192] ["producer/broker/0 state change to [closing] because EOF"] [component=sarama]
[2025/02/27 19:29:32.233 +08:00] [DEBUG] [sarama.go:129] ["Closed connection to broker 127.0.0.1:9092"] [component=sarama]
[2025/02/27 19:29:32.233 +08:00] [DEBUG] [async_producer.go:711] ["producer/leader/kafka-test/0 state change to [retrying-1]"] [component=sarama]
[2025/02/27 19:29:32.233 +08:00] [DEBUG] [async_producer.go:721] ["producer/leader/kafka-test/0 abandoning broker 0"] [component=sarama]
[2025/02/27 19:29:32.233 +08:00] [DEBUG] [async_producer.go:920] ["producer/broker/0 input chan closed"] [component=sarama]
[2025/02/27 19:29:32.233 +08:00] [DEBUG] [async_producer.go:1020] ["producer/broker/0 shut down"] [component=sarama]
[2025/02/27 19:29:32.333 +08:00] [DEBUG] [sarama.go:129] ["client/metadata fetching metadata for [kafka-test] from broker 127.0.0.1:9092"] [component=sarama]
[2025/02/27 19:29:32.334 +08:00] [DEBUG] [sarama.go:129] ["Connected to broker at 127.0.0.1:9092 (registered as #0)"] [component=sarama]
[2025/02/27 19:29:32.335 +08:00] [DEBUG] [async_producer.go:914] ["producer/broker/0 starting up"] [component=sarama]
[2025/02/27 19:29:32.335 +08:00] [DEBUG] [async_producer.go:930] ["producer/broker/0 state change to [open] on kafka-test/0"] [component=sarama]
[2025/02/27 19:29:32.335 +08:00] [DEBUG] [async_producer.go:624] ["producer/leader/kafka-test/0 selected broker 0"] [component=sarama]
[2025/02/27 19:29:32.335 +08:00] [DEBUG] [async_producer.go:727] ["producer/leader/kafka-test/0 state change to [flushing-1]"] [component=sarama]
[2025/02/27 19:29:32.335 +08:00] [DEBUG] [async_producer.go:749] ["producer/leader/kafka-test/0 state change to [normal]"] [component=sarama]
[2025/02/27 19:29:34.161 +08:00] [DEBUG] [async_producer.go:1192] ["producer/broker/0 state change to [closing] because EOF"] [component=sarama]
[2025/02/27 19:29:34.161 +08:00] [DEBUG] [sarama.go:129] ["Closed connection to broker 127.0.0.1:9092"] [component=sarama]
[2025/02/27 19:29:34.161 +08:00] [DEBUG] [async_producer.go:711] ["producer/leader/kafka-test/0 state change to [retrying-1]"] [component=sarama]
[2025/02/27 19:29:34.162 +08:00] [DEBUG] [async_producer.go:1192] ["producer/broker/0 state change to [closing] because EOF"] [component=sarama]
[2025/02/27 19:29:34.162 +08:00] [DEBUG] [async_producer.go:721] ["producer/leader/kafka-test/0 abandoning broker 0"] [component=sarama]
[2025/02/27 19:29:34.162 +08:00] [DEBUG] [async_producer.go:920] ["producer/broker/0 input chan closed"] [component=sarama]
[2025/02/27 19:29:34.162 +08:00] [DEBUG] [async_producer.go:1192] ["producer/broker/0 state change to [closing] because EOF"] [component=sarama]
[2025/02/27 19:29:34.164 +08:00] [DEBUG] [async_producer.go:1192] ["producer/broker/0 state change to [closing] because EOF"] [component=sarama]
[2025/02/27 19:29:34.165 +08:00] [DEBUG] [async_producer.go:1192] ["producer/broker/0 state change to [closing] because EOF"] [component=sarama]
[2025/02/27 19:29:34.165 +08:00] [DEBUG] [async_producer.go:1192] ["producer/broker/0 state change to [closing] because EOF"] [component=sarama]
[2025/02/27 19:29:34.165 +08:00] [DEBUG] [async_producer.go:1020] ["producer/broker/0 shut down"] [component=sarama]
[2025/02/27 19:29:34.262 +08:00] [DEBUG] [sarama.go:129] ["client/metadata fetching metadata for [kafka-test] from broker 127.0.0.1:9092"] [component=sarama]
[2025/02/27 19:29:34.262 +08:00] [DEBUG] [sarama.go:129] ["Connected to broker at 127.0.0.1:9092 (registered as #0)"] [component=sarama]
[2025/02/27 19:29:34.265 +08:00] [DEBUG] [async_producer.go:914] ["producer/broker/0 starting up"] [component=sarama]
[2025/02/27 19:29:34.265 +08:00] [DEBUG] [async_producer.go:930] ["producer/broker/0 state change to [open] on kafka-test/0"] [component=sarama]
[2025/02/27 19:29:34.265 +08:00] [DEBUG] [async_producer.go:624] ["producer/leader/kafka-test/0 selected broker 0"] [component=sarama]
[2025/02/27 19:29:34.265 +08:00] [DEBUG] [async_producer.go:727] ["producer/leader/kafka-test/0 state change to [flushing-1]"] [component=sarama]
[2025/02/27 19:29:34.265 +08:00] [DEBUG] [async_producer.go:749] ["producer/leader/kafka-test/0 state change to [normal]"] [component=sarama]
[2025/02/27 19:29:34.265 +08:00] [DEBUG] [async_producer.go:711] ["producer/leader/kafka-test/0 state change to [retrying-1]"] [component=sarama]
[2025/02/27 19:29:34.265 +08:00] [DEBUG] [sarama.go:129] ["producer/broker/0 state change to [dying-1] on kafka-test/0"] [component=sarama]
[2025/02/27 19:29:34.266 +08:00] [DEBUG] [async_producer.go:721] ["producer/leader/kafka-test/0 abandoning broker 0"] [component=sarama]
[2025/02/27 19:29:34.266 +08:00] [DEBUG] [async_producer.go:920] ["producer/broker/0 input chan closed"] [component=sarama]
[2025/02/27 19:29:34.266 +08:00] [DEBUG] [async_producer.go:1020] ["producer/broker/0 shut down"] [component=sarama]
[2025/02/27 19:29:34.366 +08:00] [DEBUG] [sarama.go:129] ["client/metadata fetching metadata for [kafka-test] from broker 127.0.0.1:9092"] [component=sarama]
[2025/02/27 19:29:34.367 +08:00] [DEBUG] [async_producer.go:914] ["producer/broker/0 starting up"] [component=sarama]
[2025/02/27 19:29:34.367 +08:00] [DEBUG] [async_producer.go:930] ["producer/broker/0 state change to [open] on kafka-test/0"] [component=sarama]
[2025/02/27 19:29:34.367 +08:00] [DEBUG] [async_producer.go:624] ["producer/leader/kafka-test/0 selected broker 0"] [component=sarama]
[2025/02/27 19:29:34.367 +08:00] [DEBUG] [async_producer.go:727] ["producer/leader/kafka-test/0 state change to [flushing-1]"] [component=sarama]
[2025/02/27 19:29:34.367 +08:00] [DEBUG] [async_producer.go:749] ["producer/leader/kafka-test/0 state change to [normal]"] [component=sarama]
[2025/02/27 19:29:34.401 +08:00] [DEBUG] [async_producer.go:1192] ["producer/broker/0 state change to [closing] because EOF"] [component=sarama]
[2025/02/27 19:29:34.401 +08:00] [DEBUG] [sarama.go:129] ["Closed connection to broker 127.0.0.1:9092"] [component=sarama]
[2025/02/27 19:29:34.401 +08:00] [DEBUG] [async_producer.go:711] ["producer/leader/kafka-test/0 state change to [retrying-1]"] [component=sarama]
[2025/02/27 19:29:34.401 +08:00] [DEBUG] [async_producer.go:721] ["producer/leader/kafka-test/0 abandoning broker 0"] [component=sarama]
[2025/02/27 19:29:34.401 +08:00] [DEBUG] [async_producer.go:920] ["producer/broker/0 input chan closed"] [component=sarama]
[2025/02/27 19:29:34.401 +08:00] [DEBUG] [async_producer.go:1020] ["producer/broker/0 shut down"] [component=sarama]
[2025/02/27 19:29:34.501 +08:00] [DEBUG] [sarama.go:129] ["client/metadata fetching metadata for [kafka-test] from broker 127.0.0.1:9092"] [component=sarama]
[2025/02/27 19:29:34.502 +08:00] [DEBUG] [sarama.go:129] ["Connected to broker at 127.0.0.1:9092 (registered as #0)"] [component=sarama]
[2025/02/27 19:29:34.503 +08:00] [DEBUG] [async_producer.go:914] ["producer/broker/0 starting up"] [component=sarama]
[2025/02/27 19:29:34.504 +08:00] [DEBUG] [async_producer.go:930] ["producer/broker/0 state change to [open] on kafka-test/0"] [component=sarama]
[2025/02/27 19:29:34.504 +08:00] [DEBUG] [async_producer.go:624] ["producer/leader/kafka-test/0 selected broker 0"] [component=sarama]
[2025/02/27 19:29:34.504 +08:00] [DEBUG] [async_producer.go:727] ["producer/leader/kafka-test/0 state change to [flushing-1]"] [component=sarama]
[2025/02/27 19:29:34.504 +08:00] [DEBUG] [async_producer.go:749] ["producer/leader/kafka-test/0 state change to [normal]"] [component=sarama]
